Archive member included to satisfy reference by file (symbol)

c:/sysgcc/arm-eabi/bin/../lib/gcc/arm-none-eabi/12.2.1/thumb/v7e-m+fp/hard\libm.a(libm_a-w_acos.o)
                              VisualGDB/Debug_EngineHR_Hydra/src/GCode.o (acos)
c:/sysgcc/arm-eabi/bin/../lib/gcc/arm-none-eabi/12.2.1/thumb/v7e-m+fp/hard\libm.a(libm_a-s_cos.o)
                              VisualGDB/Debug_EngineHR_Hydra/src/GCode.o (cos)
c:/sysgcc/arm-eabi/bin/../lib/gcc/arm-none-eabi/12.2.1/thumb/v7e-m+fp/hard\libm.a(libm_a-s_fabs.o)
                              c:/sysgcc/arm-eabi/bin/../lib/gcc/arm-none-eabi/12.2.1/thumb/v7e-m+fp/hard\libm.a(libm_a-w_acos.o) (fabs)
c:/sysgcc/arm-eabi/bin/../lib/gcc/arm-none-eabi/12.2.1/thumb/v7e-m+fp/hard\libm.a(libm_a-s_sin.o)
                              VisualGDB/Debug_EngineHR_Hydra/src/GCode.o (sin)
c:/sysgcc/arm-eabi/bin/../lib/gcc/arm-none-eabi/12.2.1/thumb/v7e-m+fp/hard\libm.a(libm_a-s_tan.o)
                              VisualGDB/Debug_EngineHR_Hydra/src/GCode.o (tan)
c:/sysgcc/arm-eabi/bin/../lib/gcc/arm-none-eabi/12.2.1/thumb/v7e-m+fp/hard\libm.a(libm_a-wf_acos.o)
                              VisualGDB/Debug_EngineHR_Hydra/src/GCode.o (acosf)
c:/sysgcc/arm-eabi/bin/../lib/gcc/arm-none-eabi/12.2.1/thumb/v7e-m+fp/hard\libm.a(libm_a-wf_atan2.o)
                              VisualGDB/Debug_EngineHR_Hydra/src/GCode.o (atan2f)
c:/sysgcc/arm-eabi/bin/../lib/gcc/arm-none-eabi/12.2.1/thumb/v7e-m+fp/hard\libm.a(libm_a-wf_fmod.o)
                              VisualGDB/Debug_EngineHR_Hydra/src/GCode.o (fmodf)
c:/sysgcc/arm-eabi/bin/../lib/gcc/arm-none-eabi/12.2.1/thumb/v7e-m+fp/hard\libm.a(libm_a-wf_pow.o)
                              VisualGDB/Debug_EngineHR_Hydra/main.o (powf)
c:/sysgcc/arm-eabi/bin/../lib/gcc/arm-none-eabi/12.2.1/thumb/v7e-m+fp/hard\libm.a(libm_a-sf_cos.o)
                              VisualGDB/Debug_EngineHR_Hydra/src/GCode.o (cosf)
c:/sysgcc/arm-eabi/bin/../lib/gcc/arm-none-eabi/12.2.1/thumb/v7e-m+fp/hard\libm.a(libm_a-sf_fabs.o)
                              c:/sysgcc/arm-eabi/bin/../lib/gcc/arm-none-eabi/12.2.1/thumb/v7e-m+fp/hard\libm.a(libm_a-wf_acos.o) (fabsf)
c:/sysgcc/arm-eabi/bin/../lib/gcc/arm-none-eabi/12.2.1/thumb/v7e-m+fp/hard\libm.a(libm_a-sf_sin.o)
                              VisualGDB/Debug_EngineHR_Hydra/src/GCode.o (sinf)
c:/sysgcc/arm-eabi/bin/../lib/gcc/arm-none-eabi/12.2.1/thumb/v7e-m+fp/hard\libm.a(libm_a-s_nan.o)
                              c:/sysgcc/arm-eabi/bin/../lib/gcc/arm-none-eabi/12.2.1/thumb/v7e-m+fp/hard\libm.a(libm_a-w_acos.o) (nan)
c:/sysgcc/arm-eabi/bin/../lib/gcc/arm-none-eabi/12.2.1/thumb/v7e-m+fp/hard\libm.a(libm_a-sf_finite.o)
                              c:/sysgcc/arm-eabi/bin/../lib/gcc/arm-none-eabi/12.2.1/thumb/v7e-m+fp/hard\libm.a(libm_a-wf_pow.o) (finitef)
c:/sysgcc/arm-eabi/bin/../lib/gcc/arm-none-eabi/12.2.1/thumb/v7e-m+fp/hard\libm.a(libm_a-sf_nan.o)
                              c:/sysgcc/arm-eabi/bin/../lib/gcc/arm-none-eabi/12.2.1/thumb/v7e-m+fp/hard\libm.a(libm_a-wf_acos.o) (nanf)
c:/sysgcc/arm-eabi/bin/../lib/gcc/arm-none-eabi/12.2.1/thumb/v7e-m+fp/hard\libm.a(libm_a-sf_fmax.o)
                              VisualGDB/Debug_EngineHR_Hydra/main.o (fmaxf)
c:/sysgcc/arm-eabi/bin/../lib/gcc/arm-none-eabi/12.2.1/thumb/v7e-m+fp/hard\libm.a(libm_a-sf_fmin.o)
                              VisualGDB/Debug_EngineHR_Hydra/src/Hydra_can.o (fminf)
c:/sysgcc/arm-eabi/bin/../lib/gcc/arm-none-eabi/12.2.1/thumb/v7e-m+fp/hard\libm.a(libm_a-sf_fpclassify.o)
                              c:/sysgcc/arm-eabi/bin/../lib/gcc/arm-none-eabi/12.2.1/thumb/v7e-m+fp/hard\libm.a(libm_a-sf_fmax.o) (__fpclassifyf)
c:/sysgcc/arm-eabi/bin/../lib/gcc/arm-none-eabi/12.2.1/thumb/v7e-m+fp/hard\libm.a(libm_a-s_round.o)
                              VisualGDB/Debug_EngineHR_Hydra/src/MCode.o (round)
c:/sysgcc/arm-eabi/bin/../lib/gcc/arm-none-eabi/12.2.1/thumb/v7e-m+fp/hard\libm.a(libm_a-sf_round.o)
                              VisualGDB/Debug_EngineHR_Hydra/src/GCode.o (roundf)
c:/sysgcc/arm-eabi/bin/../lib/gcc/arm-none-eabi/12.2.1/thumb/v7e-m+fp/hard\libm.a(libm_a-k_cos.o)
                              c:/sysgcc/arm-eabi/bin/../lib/gcc/arm-none-eabi/12.2.1/thumb/v7e-m+fp/hard\libm.a(libm_a-s_cos.o) (__kernel_cos)
c:/sysgcc/arm-eabi/bin/../lib/gcc/arm-none-eabi/12.2.1/thumb/v7e-m+fp/hard\libm.a(libm_a-k_sin.o)
                              c:/sysgcc/arm-eabi/bin/../lib/gcc/arm-none-eabi/12.2.1/thumb/v7e-m+fp/hard\libm.a(libm_a-s_cos.o) (__kernel_sin)
c:/sysgcc/arm-eabi/bin/../lib/gcc/arm-none-eabi/12.2.1/thumb/v7e-m+fp/hard\libm.a(libm_a-k_tan.o)
                              c:/sysgcc/arm-eabi/bin/../lib/gcc/arm-none-eabi/12.2.1/thumb/v7e-m+fp/hard\libm.a(libm_a-s_tan.o) (__kernel_tan)
c:/sysgcc/arm-eabi/bin/../lib/gcc/arm-none-eabi/12.2.1/thumb/v7e-m+fp/hard\libm.a(libm_a-e_acos.o)
                              c:/sysgcc/arm-eabi/bin/../lib/gcc/arm-none-eabi/12.2.1/thumb/v7e-m+fp/hard\libm.a(libm_a-w_acos.o) (__ieee754_acos)
[...]
Memory Configuration

Name             Origin             Length             Attributes
rom              0x08000000         0x00100000         xr
ram              0x20000000         0x00020000         xrw
*default*        0x00000000         0xffffffff

Linker script and memory map

LOAD c:/sysgcc/arm-eabi/bin/../lib/gcc/arm-none-eabi/12.2.1/thumb/v7e-m+fp/hard/crti.o
LOAD c:/sysgcc/arm-eabi/bin/../lib/gcc/arm-none-eabi/12.2.1/thumb/v7e-m+fp/hard/crtbegin.o
LOAD c:/sysgcc/arm-eabi/bin/../lib/gcc/arm-none-eabi/12.2.1/thumb/v7e-m+fp/hard/crt0.o
START GROUP
LOAD VisualGDB/Debug_EngineHR_Hydra/cmsis_boot/startup/startup_stm32f4xx.o
LOAD VisualGDB/Debug_EngineHR_Hydra/cmsis_boot/system_stm32f4xx.o
LOAD VisualGDB/Debug_EngineHR_Hydra/cmsis_lib/src/stm32f4xx_adc.o
LOAD VisualGDB/Debug_EngineHR_Hydra/cmsis_lib/src/stm32f4xx_can.o
LOAD VisualGDB/Debug_EngineHR_Hydra/cmsis_lib/src/stm32f4xx_dac.o
LOAD VisualGDB/Debug_EngineHR_Hydra/cmsis_lib/src/stm32f4xx_dma.o
LOAD VisualGDB/Debug_EngineHR_Hydra/cmsis_lib/src/stm32f4xx_exti.o
LOAD VisualGDB/Debug_EngineHR_Hydra/cmsis_lib/src/stm32f4xx_flash.o
LOAD VisualGDB/Debug_EngineHR_Hydra/cmsis_lib/src/stm32f4xx_fsmc.o
LOAD VisualGDB/Debug_EngineHR_Hydra/cmsis_lib/src/stm32f4xx_gpio.o
LOAD VisualGDB/Debug_EngineHR_Hydra/cmsis_lib/src/stm32f4xx_i2c.o
LOAD VisualGDB/Debug_EngineHR_Hydra/cmsis_lib/src/stm32f4xx_it.o
LOAD VisualGDB/Debug_EngineHR_Hydra/cmsis_lib/src/stm32f4xx_iwdg.o
LOAD VisualGDB/Debug_EngineHR_Hydra/cmsis_lib/src/stm32f4xx_misc.o
LOAD VisualGDB/Debug_EngineHR_Hydra/cmsis_lib/src/stm32f4xx_pwr.o
LOAD VisualGDB/Debug_EngineHR_Hydra/cmsis_lib/src/stm32f4xx_rcc.o
LOAD VisualGDB/Debug_EngineHR_Hydra/cmsis_lib/src/stm32f4xx_rtc.o
LOAD VisualGDB/Debug_EngineHR_Hydra/cmsis_lib/src/stm32f4xx_sdio.o
LOAD VisualGDB/Debug_EngineHR_Hydra/cmsis_lib/src/stm32f4xx_spi.o
LOAD VisualGDB/Debug_EngineHR_Hydra/cmsis_lib/src/stm32f4xx_syscfg.o
LOAD VisualGDB/Debug_EngineHR_Hydra/cmsis_lib/src/stm32f4xx_tim.o
LOAD VisualGDB/Debug_EngineHR_Hydra/cmsis_lib/src/stm32f4xx_usart.o
LOAD VisualGDB/Debug_EngineHR_Hydra/common/lcd/controllers/ili9341.o
LOAD VisualGDB/Debug_EngineHR_Hydra/common/lcd/controllers/ssd1306.o
LOAD VisualGDB/Debug_EngineHR_Hydra/common/lcd/controllers/st7735.o
LOAD VisualGDB/Debug_EngineHR_Hydra/common/lcd/fonts/font12.o
LOAD VisualGDB/Debug_EngineHR_Hydra/common/lcd/fonts/font16.o
LOAD VisualGDB/Debug_EngineHR_Hydra/common/lcd/fonts/font20.o
LOAD VisualGDB/Debug_EngineHR_Hydra/common/lcd/fonts/font20_14.o
LOAD VisualGDB/Debug_EngineHR_Hydra/common/lcd/fonts/font22.o
LOAD VisualGDB/Debug_EngineHR_Hydra/common/lcd/fonts/font24.o
LOAD VisualGDB/Debug_EngineHR_Hydra/common/lcd/fonts/font8.o
LOAD VisualGDB/Debug_EngineHR_Hydra/common/lcd/lcd.o
LOAD VisualGDB/Debug_EngineHR_Hydra/common/src/gui.o
LOAD VisualGDB/Debug_EngineHR_Hydra/common/src/hyrel_can.o
LOAD VisualGDB/Debug_EngineHR_Hydra/common/src/pins.o
LOAD VisualGDB/Debug_EngineHR_Hydra/common/src/util.o
LOAD VisualGDB/Debug_EngineHR_Hydra/display/colortables.o
LOAD VisualGDB/Debug_EngineHR_Hydra/display/display.o
LOAD VisualGDB/Debug_EngineHR_Hydra/display/DisplayList.o
LOAD VisualGDB/Debug_EngineHR_Hydra/display/gui.o
LOAD VisualGDB/Debug_EngineHR_Hydra/display/lcdspi_4xx.o
LOAD VisualGDB/Debug_EngineHR_Hydra/display/st7789.o
LOAD VisualGDB/Debug_EngineHR_Hydra/main.o
LOAD VisualGDB/Debug_EngineHR_Hydra/src/adc.o
LOAD VisualGDB/Debug_EngineHR_Hydra/src/adc_table.o
LOAD VisualGDB/Debug_EngineHR_Hydra/src/bootloader.o
LOAD VisualGDB/Debug_EngineHR_Hydra/src/cruftyCode.o
LOAD VisualGDB/Debug_EngineHR_Hydra/src/diags.o
LOAD VisualGDB/Debug_EngineHR_Hydra/src/display.o
LOAD VisualGDB/Debug_EngineHR_Hydra/src/GCode.o
LOAD VisualGDB/Debug_EngineHR_Hydra/src/HardwareInit.o
LOAD VisualGDB/Debug_EngineHR_Hydra/src/headSetup.o
LOAD VisualGDB/Debug_EngineHR_Hydra/src/Hydra_can.o
LOAD VisualGDB/Debug_EngineHR_Hydra/src/mailbox.o
LOAD VisualGDB/Debug_EngineHR_Hydra/src/MCode.o
LOAD VisualGDB/Debug_EngineHR_Hydra/src/MotorDrivers.o
LOAD VisualGDB/Debug_EngineHR_Hydra/src/pinInit.o
LOAD VisualGDB/Debug_EngineHR_Hydra/src/pnp.o
LOAD VisualGDB/Debug_EngineHR_Hydra/src/Serial.o
LOAD VisualGDB/Debug_EngineHR_Hydra/sysmem.o
LOAD VisualGDB/Debug_EngineHR_Hydra/usb_lib/src/usbd_cdc_core.o
LOAD VisualGDB/Debug_EngineHR_Hydra/usb_lib/src/usbd_cdc_vcp.o
LOAD VisualGDB/Debug_EngineHR_Hydra/usb_lib/src/usbd_core.o
LOAD VisualGDB/Debug_EngineHR_Hydra/usb_lib/src/usbd_desc.o
LOAD VisualGDB/Debug_EngineHR_Hydra/usb_lib/src/usbd_ioreq.o
LOAD VisualGDB/Debug_EngineHR_Hydra/usb_lib/src/usbd_req.o
LOAD VisualGDB/Debug_EngineHR_Hydra/usb_lib/src/usbd_usr.o
LOAD VisualGDB/Debug_EngineHR_Hydra/usb_lib/src/usb_bsp.o
LOAD VisualGDB/Debug_EngineHR_Hydra/usb_lib/src/usb_core.o
LOAD VisualGDB/Debug_EngineHR_Hydra/usb_lib/src/usb_dcd.o
LOAD VisualGDB/Debug_EngineHR_Hydra/usb_lib/src/usb_dcd_int.o
END GROUP
LOAD c:/sysgcc/arm-eabi/bin/../lib/gcc/arm-none-eabi/12.2.1/thumb/v7e-m+fp/hard\libstdc++_nano.a
LOAD c:/sysgcc/arm-eabi/bin/../lib/gcc/arm-none-eabi/12.2.1/thumb/v7e-m+fp/hard\libm.a
START GROUP
LOAD c:/sysgcc/arm-eabi/bin/../lib/gcc/arm-none-eabi/12.2.1/thumb/v7e-m+fp/hard\libgcc.a
LOAD c:/sysgcc/arm-eabi/bin/../lib/gcc/arm-none-eabi/12.2.1/thumb/v7e-m+fp/hard\libc_nano.a
END GROUP
START GROUP
LOAD c:/sysgcc/arm-eabi/bin/../lib/gcc/arm-none-eabi/12.2.1/thumb/v7e-m+fp/hard\libgcc.a
LOAD c:/sysgcc/arm-eabi/bin/../lib/gcc/arm-none-eabi/12.2.1/thumb/v7e-m+fp/hard\libc_nano.a
LOAD c:/sysgcc/arm-eabi/bin/../lib/gcc/arm-none-eabi/12.2.1/thumb/v7e-m+fp/hard\libnosys.a
END GROUP
START GROUP
LOAD c:/sysgcc/arm-eabi/bin/../lib/gcc/arm-none-eabi/12.2.1/thumb/v7e-m+fp/hard\libgcc.a
LOAD c:/sysgcc/arm-eabi/bin/../lib/gcc/arm-none-eabi/12.2.1/thumb/v7e-m+fp/hard\libc_nano.a
LOAD c:/sysgcc/arm-eabi/bin/../lib/gcc/arm-none-eabi/12.2.1/thumb/v7e-m+fp/hard\libnosys.a
END GROUP
LOAD c:/sysgcc/arm-eabi/bin/../lib/gcc/arm-none-eabi/12.2.1/thumb/v7e-m+fp/hard/crtend.o
LOAD c:/sysgcc/arm-eabi/bin/../lib/gcc/arm-none-eabi/12.2.1/thumb/v7e-m+fp/hard/crtn.o
                0x20020000                        _eram = 0x20020000

.text           0x08000000    0x4d858
 *(.isr_vector .isr_vector.*)
 .isr_vector    0x08000000      0x188 VisualGDB/Debug_EngineHR_Hydra/cmsis_boot/startup/startup_stm32f4xx.o
                0x08000000                g_pfnVectors
 *(.text .text.* .gnu.linkonce.t.*)
 .text.Default_Handler
                0x08000188       0x14 VisualGDB/Debug_EngineHR_Hydra/cmsis_boot/startup/startup_stm32f4xx.o
                0x08000188                RTC_Alarm_IRQHandler
                0x08000188                HASH_RNG_IRQHandler
                0x08000188                TIM8_CC_IRQHandler
                0x08000188                TIM1_CC_IRQHandler
                0x08000188                DMA2_Stream5_IRQHandler
                0x08000188                DMA1_Stream5_IRQHandler
                0x08000188                PVD_IRQHandler
                0x08000188                SDIO_IRQHandler
                0x08000188                TAMP_STAMP_IRQHandler
                0x08000188                CAN2_RX1_IRQHandler
                0x08000188                I2C3_ER_IRQHandler
                0x08000188                I2C2_EV_IRQHandler
                0x08000188                DMA1_Stream2_IRQHandler
                0x08000188                CAN1_RX0_IRQHandler
                0x08000188                FPU_IRQHandler
                0x08000188                OTG_HS_WKUP_IRQHandler
                0x08000188                CAN2_SCE_IRQHandler
                0x08000188                DMA2_Stream2_IRQHandler
                0x08000188                SPI1_IRQHandler
                0x08000188                DCMI_IRQHandler
                0x08000188                CAN2_RX0_IRQHandler
                0x08000188                DMA2_Stream3_IRQHandler
                0x08000188                CRYP_IRQHandler
                0x08000188                CAN1_RX1_IRQHandler
                0x08000188                UART5_IRQHandler
                0x08000188                DMA2_Stream0_IRQHandler
                0x08000188                I2C1_EV_IRQHandler
                0x08000188                DMA1_Stream6_IRQHandler
                0x08000188                DMA1_Stream1_IRQHandler
                0x08000188                RCC_IRQHandler
                0x08000188                ADC_IRQHandler
                0x08000188                DMA1_Stream7_IRQHandler
                0x08000188                CAN2_TX_IRQHandler
                0x08000188                DMA2_Stream7_IRQHandler
                0x08000188                I2C3_EV_IRQHandler
                0x08000188                RTC_WKUP_IRQHandler
                0x08000188                ETH_WKUP_IRQHandler
                0x08000188                SPI2_IRQHandler
                0x08000188                OTG_HS_EP1_IN_IRQHandler
                0x08000188                DMA1_Stream0_IRQHandler
                0x08000188                CAN1_TX_IRQHandler
                0x08000188                FSMC_IRQHandler
                0x08000188                ETH_IRQHandler
                0x08000188                OTG_HS_EP1_OUT_IRQHandler
                0x08000188                WWDG_IRQHandler
                0x08000188                OTG_HS_IRQHandler
                0x08000188                USART2_IRQHandler
                0x08000188                I2C2_ER_IRQHandler
                0x08000188                DMA2_Stream1_IRQHandler
                0x08000188                CAN1_SCE_IRQHandler
                0x08000188                FLASH_IRQHandler
                0x08000188                DMA2_Stream4_IRQHandler
                0x08000188                USART1_IRQHandler
                0x08000188                SPI3_IRQHandler
                0x08000188                DMA1_Stream4_IRQHandler
                0x08000188                I2C1_ER_IRQHandler
                0x08000188                DMA2_Stream6_IRQHandler
                0x08000188                DMA1_Stream3_IRQHandler
 .text.SystemInit
                0x0800019c       0x6c VisualGDB/Debug_EngineHR_Hydra/cmsis_boot/system_stm32f4xx.o
                0x0800019c                SystemInit
 .text.SetSysClock
                0x08000208      0x104 VisualGDB/Debug_EngineHR_Hydra/cmsis_boot/system_stm32f4xx.o
 .text.ADC_DeInit
                0x0800030c       0x1c VisualGDB/Debug_EngineHR_Hydra/cmsis_lib/src/stm32f4xx_adc.o
                0x0800030c                ADC_DeInit
 .text.ADC_Init
                0x08000328       0xac VisualGDB/Debug_EngineHR_Hydra/cmsis_lib/src/stm32f4xx_adc.o
                0x08000328                ADC_Init
 .text.ADC_CommonInit
                0x080003d4       0x50 VisualGDB/Debug_EngineHR_Hydra/cmsis_lib/src/stm32f4xx_adc.o
                0x080003d4                ADC_CommonInit
 .text.ADC_Cmd  0x08000424       0x38 VisualGDB/Debug_EngineHR_Hydra/cmsis_lib/src/stm32f4xx_adc.o
                0x08000424                ADC_Cmd
 .text.ADC_RegularChannelConfig
                0x0800045c      0x194 VisualGDB/Debug_EngineHR_Hydra/cmsis_lib/src/stm32f4xx_adc.o
                0x0800045c                ADC_RegularChannelConfig
 .text.ADC_SoftwareStartConv
                0x080005f0       0x20 VisualGDB/Debug_EngineHR_Hydra/cmsis_lib/src/stm32f4xx_adc.o
                0x080005f0                ADC_SoftwareStartConv
 .text.ADC_DMACmd
                0x08000610       0x38 VisualGDB/Debug_EngineHR_Hydra/cmsis_lib/src/stm32f4xx_adc.o
                0x08000610                ADC_DMACmd
 .text.ADC_DMARequestAfterLastTransferCmd
                0x08000648       0x38 VisualGDB/Debug_EngineHR_Hydra/cmsis_lib/src/stm32f4xx_adc.o
                0x08000648                ADC_DMARequestAfterLastTransferCmd
 .text.CAN_Init
                0x08000680      0x1a2 VisualGDB/Debug_EngineHR_Hydra/cmsis_lib/src/stm32f4xx_can.o
                0x08000680                CAN_Init
 *fill*         0x08000822        0x2 
 .text.CAN_FilterInit
                0x08000824      0x184 VisualGDB/Debug_EngineHR_Hydra/cmsis_lib/src/stm32f4xx_can.o
                0x08000824                CAN_FilterInit
 .text.CAN_StructInit
                0x080009a8       0x56 VisualGDB/Debug_EngineHR_Hydra/cmsis_lib/src/stm32f4xx_can.o
                0x080009a8                CAN_StructInit
 *fill*         0x080009fe        0x2 
 .text.DMA_Init
                0x08000a00       0xb0 VisualGDB/Debug_EngineHR_Hydra/cmsis_lib/src/stm32f4xx_dma.o
                0x08000a00                DMA_Init
 .text.DMA_Cmd  0x08000ab0       0x38 VisualGDB/Debug_EngineHR_Hydra/cmsis_lib/src/stm32f4xx_dma.o
                0x08000ab0                DMA_Cmd
 .text.EXTI_DeInit
                0x08000ae8       0x34 VisualGDB/Debug_EngineHR_Hydra/cmsis_lib/src/stm32f4xx_exti.o
                0x08000ae8                EXTI_DeInit
 .text.EXTI_Init
                0x08000b1c       0xe4 VisualGDB/Debug_EngineHR_Hydra/cmsis_lib/src/stm32f4xx_exti.o
                0x08000b1c                EXTI_Init
 .text.EXTI_GetITStatus
                0x08000c00       0x48 VisualGDB/Debug_EngineHR_Hydra/cmsis_lib/src/stm32f4xx_exti.o
                0x08000c00                EXTI_GetITStatus
 .text.EXTI_ClearITPendingBit
                0x08000c48       0x20 VisualGDB/Debug_EngineHR_Hydra/cmsis_lib/src/stm32f4xx_exti.o
                0x08000c48                EXTI_ClearITPendingBit
 .text.FLASH_Unlock
                0x08000c68       0x30 VisualGDB/Debug_EngineHR_Hydra/cmsis_lib/src/stm32f4xx_flash.o
                0x08000c68                FLASH_Unlock
 .text.FLASH_Lock
                0x08000c98       0x20 VisualGDB/Debug_EngineHR_Hydra/cmsis_lib/src/stm32f4xx_flash.o
                0x08000c98                FLASH_Lock
 .text.FLASH_EraseSector
                0x08000cb8       0xc0 VisualGDB/Debug_EngineHR_Hydra/cmsis_lib/src/stm32f4xx_flash.o
                0x08000cb8                FLASH_EraseSector
 .text.FLASH_ProgramWord
                0x08000d78       0x68 VisualGDB/Debug_EngineHR_Hydra/cmsis_lib/src/stm32f4xx_flash.o
                0x08000d78                FLASH_ProgramWord
 .text.FLASH_ProgramByte
                0x08000de0       0x68 VisualGDB/Debug_EngineHR_Hydra/cmsis_lib/src/stm32f4xx_flash.o
                0x08000de0                FLASH_ProgramByte
 .text.FLASH_GetStatus
                0x08000e48       0x6c VisualGDB/Debug_EngineHR_Hydra/cmsis_lib/src/stm32f4xx_flash.o
                0x08000e48                FLASH_GetStatus
 .text.FLASH_WaitForLastOperation
                0x08000eb4       0x30 VisualGDB/Debug_EngineHR_Hydra/cmsis_lib/src/stm32f4xx_flash.o
                0x08000eb4                FLASH_WaitForLastOperation
 .text.GPIO_Init
                0x08000ee4      0x11e VisualGDB/Debug_EngineHR_Hydra/cmsis_lib/src/stm32f4xx_gpio.o
                0x08000ee4                GPIO_Init
 .text.GPIO_ReadInputDataBit
                0x08001002       0x34 VisualGDB/Debug_EngineHR_Hydra/cmsis_lib/src/stm32f4xx_gpio.o
                0x08001002                GPIO_ReadInputDataBit
 .text.GPIO_PinAFConfig
                0x08001036       0x92 VisualGDB/Debug_EngineHR_Hydra/cmsis_lib/src/stm32f4xx_gpio.o
                0x08001036                GPIO_PinAFConfig
 .text.NMI_Handler
                0x080010c8       0x14 VisualGDB/Debug_EngineHR_Hydra/cmsis_lib/src/stm32f4xx_it.o
                0x080010c8                NMI_Handler
 .text.HardFault_Handler
                0x080010dc       0x14 VisualGDB/Debug_EngineHR_Hydra/cmsis_lib/src/stm32f4xx_it.o
                0x080010dc                HardFault_Handler
 .text.MemManage_Handler
                0x080010f0       0x14 VisualGDB/Debug_EngineHR_Hydra/cmsis_lib/src/stm32f4xx_it.o
                0x080010f0                MemManage_Handler
 .text.BusFault_Handler
                0x08001104       0x14 VisualGDB/Debug_EngineHR_Hydra/cmsis_lib/src/stm32f4xx_it.o
                0x08001104                BusFault_Handler
 .text.UsageFault_Handler
                0x08001118       0x14 VisualGDB/Debug_EngineHR_Hydra/cmsis_lib/src/stm32f4xx_it.o
                0x08001118                UsageFault_Handler
 .text.SVC_Handler
                0x0800112c       0x14 VisualGDB/Debug_EngineHR_Hydra/cmsis_lib/src/stm32f4xx_it.o
                0x0800112c                SVC_Handler
 .text.DebugMon_Handler
                0x08001140        0xe VisualGDB/Debug_EngineHR_Hydra/cmsis_lib/src/stm32f4xx_it.o
                0x08001140                DebugMon_Handler
 .text.PendSV_Handler
                0x0800114e        0xe VisualGDB/Debug_EngineHR_Hydra/cmsis_lib/src/stm32f4xx_it.o
                0x0800114e                PendSV_Handler
 .text.IWDG_ReloadCounter
                0x0800115c       0x1c VisualGDB/Debug_EngineHR_Hydra/cmsis_lib/src/stm32f4xx_iwdg.o
                0x0800115c                IWDG_ReloadCounter
 .text.NVIC_PriorityGroupConfig
                0x08001178       0x28 VisualGDB/Debug_EngineHR_Hydra/cmsis_lib/src/stm32f4xx_misc.o
                0x08001178                NVIC_PriorityGroupConfig
 .text.NVIC_Init
                0x080011a0       0xd0 VisualGDB/Debug_EngineHR_Hydra/cmsis_lib/src/stm32f4xx_misc.o
                0x080011a0                NVIC_Init
 .text.NVIC_SetVectorTable
                0x08001270       0x2c VisualGDB/Debug_EngineHR_Hydra/cmsis_lib/src/stm32f4xx_misc.o
                0x08001270                NVIC_SetVectorTable
 .text.RCC_GetClocksFreq
                0x0800129c      0x15c VisualGDB/Debug_EngineHR_Hydra/cmsis_lib/src/stm32f4xx_rcc.o
                0x0800129c                RCC_GetClocksFreq
 .text.RCC_AHB1PeriphClockCmd
                0x080013f8       0x40 VisualGDB/Debug_EngineHR_Hydra/cmsis_lib/src/stm32f4xx_rcc.o
                0x080013f8                RCC_AHB1PeriphClockCmd
 .text.RCC_APB1PeriphClockCmd
                0x08001438       0x40 VisualGDB/Debug_EngineHR_Hydra/cmsis_lib/src/stm32f4xx_rcc.o
                0x08001438                RCC_APB1PeriphClockCmd
 .text.RCC_APB1PeriphResetCmd
                0x08001478       0x40 VisualGDB/Debug_EngineHR_Hydra/cmsis_lib/src/stm32f4xx_rcc.o
                0x08001478                RCC_APB1PeriphResetCmd
 .text.RCC_APB2PeriphResetCmd
                0x080014b8       0x40 VisualGDB/Debug_EngineHR_Hydra/cmsis_lib/src/stm32f4xx_rcc.o
                0x080014b8                RCC_APB2PeriphResetCmd
 .text.RCC_GetFlagStatus
                0x080014f8       0x74 VisualGDB/Debug_EngineHR_Hydra/cmsis_lib/src/stm32f4xx_rcc.o
                0x080014f8                RCC_GetFlagStatus
 .text.RCC_ClearFlag
                0x0800156c       0x20 VisualGDB/Debug_EngineHR_Hydra/cmsis_lib/src/stm32f4xx_rcc.o
                0x0800156c                RCC_ClearFlag
 .text.SPI_Init
                0x0800158c       0x88 VisualGDB/Debug_EngineHR_Hydra/cmsis_lib/src/stm32f4xx_spi.o
                0x0800158c                SPI_Init
 .text.SPI_StructInit
                0x08001614       0x4a VisualGDB/Debug_EngineHR_Hydra/cmsis_lib/src/stm32f4xx_spi.o
                0x08001614                SPI_StructInit
 .text.SPI_Cmd  0x0800165e       0x40 VisualGDB/Debug_EngineHR_Hydra/cmsis_lib/src/stm32f4xx_spi.o
                0x0800165e                SPI_Cmd
 *fill*         0x0800169e        0x2 
 .text.SYSCFG_EXTILineConfig
                0x080016a0       0x84 VisualGDB/Debug_EngineHR_Hydra/cmsis_lib/src/stm32f4xx_syscfg.o
                0x080016a0                SYSCFG_EXTILineConfig
 .text.TIM_TimeBaseInit
                0x08001724       0xd8 VisualGDB/Debug_EngineHR_Hydra/cmsis_lib/src/stm32f4xx_tim.o
                0x08001724                TIM_TimeBaseInit
 .text.TIM_TimeBaseStructInit
                0x080017fc       0x34 VisualGDB/Debug_EngineHR_Hydra/cmsis_lib/src/stm32f4xx_tim.o
                0x080017fc                TIM_TimeBaseStructInit
 .text.TIM_UpdateRequestConfig
                0x08001830       0x40 VisualGDB/Debug_EngineHR_Hydra/cmsis_lib/src/stm32f4xx_tim.o
                0x08001830                TIM_UpdateRequestConfig
 .text.TIM_ARRPreloadConfig
                0x08001870       0x40 VisualGDB/Debug_EngineHR_Hydra/cmsis_lib/src/stm32f4xx_tim.o
                0x08001870                TIM_ARRPreloadConfig
 .text.TIM_Cmd  0x080018b0       0x40 VisualGDB/Debug_EngineHR_Hydra/cmsis_lib/src/stm32f4xx_tim.o
                0x080018b0                TIM_Cmd
 .text.TIM_OC2Init
                0x080018f0      0x110 VisualGDB/Debug_EngineHR_Hydra/cmsis_lib/src/stm32f4xx_tim.o
                0x080018f0                TIM_OC2Init
 .text.TIM_OC3Init
                0x08001a00      0x10c VisualGDB/Debug_EngineHR_Hydra/cmsis_lib/src/stm32f4xx_tim.o
                0x08001a00                TIM_OC3Init
 .text.TIM_OC4Init
                0x08001b0c       0xd0 VisualGDB/Debug_EngineHR_Hydra/cmsis_lib/src/stm32f4xx_tim.o
                0x08001b0c                TIM_OC4Init
 .text.TIM_OCStructInit
                0x08001bdc       0x44 VisualGDB/Debug_EngineHR_Hydra/cmsis_lib/src/stm32f4xx_tim.o
                0x08001bdc                TIM_OCStructInit
 .text.TIM_OC2PreloadConfig
                0x08001c20       0x3c VisualGDB/Debug_EngineHR_Hydra/cmsis_lib/src/stm32f4xx_tim.o
                0x08001c20                TIM_OC2PreloadConfig
 .text.TIM_OC3PreloadConfig
                0x08001c5c       0x38 VisualGDB/Debug_EngineHR_Hydra/cmsis_lib/src/stm32f4xx_tim.o
                0x08001c5c                TIM_OC3PreloadConfig
 .text.TIM_OC4PreloadConfig
                0x08001c94       0x3c VisualGDB/Debug_EngineHR_Hydra/cmsis_lib/src/stm32f4xx_tim.o
                0x08001c94                TIM_OC4PreloadConfig
 .text.TIM_GetCapture4
                0x08001cd0       0x18 VisualGDB/Debug_EngineHR_Hydra/cmsis_lib/src/stm32f4xx_tim.o
                0x08001cd0                TIM_GetCapture4
 .text.TIM_CtrlPWMOutputs
                0x08001ce8       0x4c VisualGDB/Debug_EngineHR_Hydra/cmsis_lib/src/stm32f4xx_tim.o
                0x08001ce8                TIM_CtrlPWMOutputs
 .text.TIM_ITConfig
                0x08001d34       0x48 VisualGDB/Debug_EngineHR_Hydra/cmsis_lib/src/stm32f4xx_tim.o
                0x08001d34                TIM_ITConfig
 .text.TIM_GetITStatus
                0x08001d7c       0x54 VisualGDB/Debug_EngineHR_Hydra/cmsis_lib/src/stm32f4xx_tim.o
                0x08001d7c                TIM_GetITStatus
 .text.TIM_ClearITPendingBit
                0x08001dd0       0x22 VisualGDB/Debug_EngineHR_Hydra/cmsis_lib/src/stm32f4xx_tim.o
                0x08001dd0                TIM_ClearITPendingBit
 .text.TIM_ETRClockMode1Config
                0x08001df2       0x5e VisualGDB/Debug_EngineHR_Hydra/cmsis_lib/src/stm32f4xx_tim.o
                0x08001df2                TIM_ETRClockMode1Config
 .text.TIM_ETRConfig
                0x08001e50       0x54 VisualGDB/Debug_EngineHR_Hydra/cmsis_lib/src/stm32f4xx_tim.o
                0x08001e50                TIM_ETRConfig
 .text.TIM_EncoderInterfaceConfig
                0x08001ea4       0x98 VisualGDB/Debug_EngineHR_Hydra/cmsis_lib/src/stm32f4xx_tim.o
                0x08001ea4                TIM_EncoderInterfaceConfig
 .text.USART_Init
                0x08001f3c      0x174 VisualGDB/Debug_EngineHR_Hydra/cmsis_lib/src/stm32f4xx_usart.o
                0x08001f3c                USART_Init
 .text.USART_Cmd
                0x080020b0       0x40 VisualGDB/Debug_EngineHR_Hydra/cmsis_lib/src/stm32f4xx_usart.o
                0x080020b0                USART_Cmd
 .text.USART_ITConfig
                0x080020f0       0x90 VisualGDB/Debug_EngineHR_Hydra/cmsis_lib/src/stm32f4xx_usart.o
                0x080020f0                USART_ITConfig
 .text.USART_GetFlagStatus
                0x08002180       0x38 VisualGDB/Debug_EngineHR_Hydra/cmsis_lib/src/stm32f4xx_usart.o
                0x08002180                USART_GetFlagStatus
 .text.calculateChecksum32
                0x080021b8       0x50 VisualGDB/Debug_EngineHR_Hydra/common/src/hyrel_can.o
                0x080021b8                calculateChecksum32
 .text.canIsValidAlias
                0x08002208       0x70 VisualGDB/Debug_EngineHR_Hydra/common/src/hyrel_can.o
                0x08002208                canIsValidAlias
 .text.canMsgIdToNumBytes
                0x08002278      0x114 VisualGDB/Debug_EngineHR_Hydra/common/src/hyrel_can.o
                0x08002278                canMsgIdToNumBytes
 .text.canCheckCanStruct
                0x0800238c       0xb8 VisualGDB/Debug_EngineHR_Hydra/common/src/hyrel_can.o
                0x0800238c                canCheckCanStruct
 .text.canTransmitOpenMailbox
                0x08002444       0x44 VisualGDB/Debug_EngineHR_Hydra/common/src/hyrel_can.o
                0x08002444                canTransmitOpenMailbox
 .text.canTransmit
                0x08002488      0x1d8 VisualGDB/Debug_EngineHR_Hydra/common/src/hyrel_can.o
                0x08002488                canTransmit
 .text.canTransmitSwPacket
                0x08002660       0xb0 VisualGDB/Debug_EngineHR_Hydra/common/src/hyrel_can.o
                0x08002660                canTransmitSwPacket
 .text.updateTxQueueIndices
                0x08002710       0x60 VisualGDB/Debug_EngineHR_Hydra/common/src/hyrel_can.o
                0x08002710                updateTxQueueIndices
 .text.checkForCanTransmitErrors
                0x08002770      0x11c VisualGDB/Debug_EngineHR_Hydra/common/src/hyrel_can.o
                0x08002770                checkForCanTransmitErrors
 .text.canProcessTxQueue
                0x0800288c       0xd4 VisualGDB/Debug_EngineHR_Hydra/common/src/hyrel_can.o
                0x0800288c                canProcessTxQueue
 .text.canGetTxQueueNextInPtr
                0x08002960       0x5c VisualGDB/Debug_EngineHR_Hydra/common/src/hyrel_can.o
                0x08002960                canGetTxQueueNextInPtr
 .text.canFillOutCanStruct
                0x080029bc       0x98 VisualGDB/Debug_EngineHR_Hydra/common/src/hyrel_can.o
                0x080029bc                canFillOutCanStruct
 .text.canAddToTxQueue
                0x08002a54      0x19c VisualGDB/Debug_EngineHR_Hydra/common/src/hyrel_can.o
                0x08002a54                canAddToTxQueue
 .text.WriteExtrusionCommandtoTxQue
                0x08002bf0       0x48 VisualGDB/Debug_EngineHR_Hydra/common/src/hyrel_can.o
                0x08002bf0                WriteExtrusionCommandtoTxQue
 .text.canPackIntoTxQueue1x32
                0x08002c38       0x9a VisualGDB/Debug_EngineHR_Hydra/common/src/hyrel_can.o
                0x08002c38                canPackIntoTxQueue1x32
 .text.canPackIntoTxQueue2x32
                0x08002cd2       0x9a VisualGDB/Debug_EngineHR_Hydra/common/src/hyrel_can.o
                0x08002cd2                canPackIntoTxQueue2x32
 .text.canPackIntoTxQueue1x32_2x16
                0x08002d6c       0xa0 VisualGDB/Debug_EngineHR_Hydra/common/src/hyrel_can.o
                0x08002d6c                canPackIntoTxQueue1x32_2x16
 .text.canPackIntoTxQueue1x16
                0x08002e0c       0xa6 VisualGDB/Debug_EngineHR_Hydra/common/src/hyrel_can.o
                0x08002e0c                canPackIntoTxQueue1x16
 .text.canPackIntoTxQueue2x16
                0x08002eb2       0xa6 VisualGDB/Debug_EngineHR_Hydra/common/src/hyrel_can.o
                0x08002eb2                canPackIntoTxQueue2x16
 .text.canPackIntoTxQueue3x16
                0x08002f58       0xa6 VisualGDB/Debug_EngineHR_Hydra/common/src/hyrel_can.o
                0x08002f58                canPackIntoTxQueue3x16
 .text.canPackIntoTxQueue4x16
                0x08002ffe       0xa6 VisualGDB/Debug_EngineHR_Hydra/common/src/hyrel_can.o
                0x08002ffe                canPackIntoTxQueue4x16
 .text.canPackIntoTxQueue1x8
                0x080030a4       0x96 VisualGDB/Debug_EngineHR_Hydra/common/src/hyrel_can.o
                0x080030a4                canPackIntoTxQueue1x8
 .text.canPackIntoTxQueue8x8
                0x0800313a       0x9a VisualGDB/Debug_EngineHR_Hydra/common/src/hyrel_can.o
                0x0800313a                canPackIntoTxQueue8x8
 .text.canPackIntoTxQueueNoData
                0x080031d4       0x8e VisualGDB/Debug_EngineHR_Hydra/common/src/hyrel_can.o
                0x080031d4                canPackIntoTxQueueNoData
 .text.canGetMailboxData
                0x08003262       0x36 VisualGDB/Debug_EngineHR_Hydra/common/src/hyrel_can.o
                0x08003262                canGetMailboxData
 .text.canMsgWaitingFifo0
                0x08003298       0x28 VisualGDB/Debug_EngineHR_Hydra/common/src/hyrel_can.o
                0x08003298                canMsgWaitingFifo0
 .text.canMsgWaitingFifo1
                0x080032c0       0x28 VisualGDB/Debug_EngineHR_Hydra/common/src/hyrel_can.o
                0x080032c0                canMsgWaitingFifo1
 .text.canReceiveFifo0
                0x080032e8       0x40 VisualGDB/Debug_EngineHR_Hydra/common/src/hyrel_can.o
                0x080032e8                canReceiveFifo0
 .text.canReceiveFifo1
                0x08003328       0x40 VisualGDB/Debug_EngineHR_Hydra/common/src/hyrel_can.o
                0x08003328                canReceiveFifo1
 .text.canAddToImmediateRxQueue
                0x08003368       0xe0 VisualGDB/Debug_EngineHR_Hydra/common/src/hyrel_can.o
                0x08003368                canAddToImmediateRxQueue
 .text.canAddToRxQueue
                0x08003448      0x3e4 VisualGDB/Debug_EngineHR_Hydra/common/src/hyrel_can.o
                0x08003448                canAddToRxQueue
 .text.canPrepNextRx
                0x0800382c       0xd8 VisualGDB/Debug_EngineHR_Hydra/common/src/hyrel_can.o
                0x0800382c                canPrepNextRx
 .text.canReceiveString
                0x08003904       0x96 VisualGDB/Debug_EngineHR_Hydra/common/src/hyrel_can.o
                0x08003904                canReceiveString
 .text.canProcessTxQueueNoReturn
                0x0800399a        0xc VisualGDB/Debug_EngineHR_Hydra/common/src/hyrel_can.o
                0x0800399a                canProcessTxQueueNoReturn
 *fill*         0x080039a6        0x2 
 .text.pinExtractPortPtr
                0x080039a8       0xa8 VisualGDB/Debug_EngineHR_Hydra/common/src/pins.o
                0x080039a8                pinExtractPortPtr
 .text.pinInit  0x08003a50       0xce VisualGDB/Debug_EngineHR_Hydra/common/src/pins.o
                0x08003a50                pinInit
 .text.pinClear
                0x08003b1e       0x34 VisualGDB/Debug_EngineHR_Hydra/common/src/pins.o
                0x08003b1e                pinClear
 .text.pinSet   0x08003b52       0x34 VisualGDB/Debug_EngineHR_Hydra/common/src/pins.o
                0x08003b52                pinSet
 .text.pinWrite
                0x08003b86       0x30 VisualGDB/Debug_EngineHR_Hydra/common/src/pins.o
                0x08003b86                pinWrite
 .text.pinRead  0x08003bb6       0x36 VisualGDB/Debug_EngineHR_Hydra/common/src/pins.o
                0x08003bb6                pinRead
 .text.initClkAndResetAPB1
                0x08003bec       0x4c VisualGDB/Debug_EngineHR_Hydra/common/src/util.o
                0x08003bec                initClkAndResetAPB1
 .text.initClkAndResetAPB2
                0x08003c38       0x4c VisualGDB/Debug_EngineHR_Hydra/common/src/util.o
                0x08003c38                initClkAndResetAPB2
 .text.interruptSetupAndDisable
                0x08003c84       0x32 VisualGDB/Debug_EngineHR_Hydra/common/src/util.o
                0x08003c84                interruptSetupAndDisable
 .text.interruptSetupAndEnable
                0x08003cb6       0x32 VisualGDB/Debug_EngineHR_Hydra/common/src/util.o
                0x08003cb6                interruptSetupAndEnable
 .text.imin     0x08003ce8       0x24 VisualGDB/Debug_EngineHR_Hydra/common/src/util.o
                0x08003ce8                imin
 .text.imax     0x08003d0c       0x24 VisualGDB/Debug_EngineHR_Hydra/common/src/util.o
                0x08003d0c                imax
 .text.iFitWithinRange
                0x08003d30       0x32 VisualGDB/Debug_EngineHR_Hydra/common/src/util.o
                0x08003d30                iFitWithinRange
 .text.fFitWithinRange
                0x08003d62       0x52 VisualGDB/Debug_EngineHR_Hydra/common/src/util.o
                0x08003d62                fFitWithinRange
 .text.delayUsec
                0x08003db4       0x2a VisualGDB/Debug_EngineHR_Hydra/common/src/util.o
                0x08003db4                delayUsec
 .text.delayMsec
                0x08003dde       0x2e VisualGDB/Debug_EngineHR_Hydra/common/src/util.o
                0x08003dde                delayMsec
 .text.interruptsOff
                0x08003e0c       0x28 VisualGDB/Debug_EngineHR_Hydra/common/src/util.o
                0x08003e0c                interruptsOff
 .text.interruptsOn
                0x08003e34       0x1e VisualGDB/Debug_EngineHR_Hydra/common/src/util.o
                0x08003e34                interruptsOn
 .text.fpu_sqrtf
                0x08003e52       0x1e VisualGDB/Debug_EngineHR_Hydra/common/src/util.o
                0x08003e52                fpu_sqrtf
 .text.getPidMethodStr
                0x08003e70       0xc4 VisualGDB/Debug_EngineHR_Hydra/common/src/util.o
                0x08003e70                getPidMethodStr
 .text.WriteGuiBuffer
                0x08003f34       0x20 VisualGDB/Debug_EngineHR_Hydra/display/display.o
                0x08003f34                WriteGuiBuffer
 .text.Format_Int32
                0x08003f54       0x70 VisualGDB/Debug_EngineHR_Hydra/display/display.o
                0x08003f54                Format_Int32
 .text.Format_Int16
                0x08003fc4       0x70 VisualGDB/Debug_EngineHR_Hydra/display/display.o
                0x08003fc4                Format_Int16
 .text.Format_Hex8
                0x08004034       0x70 VisualGDB/Debug_EngineHR_Hydra/display/display.o
                0x08004034                Format_Hex8
 .text.Format_Hex16
                0x080040a4       0x70 VisualGDB/Debug_EngineHR_Hydra/display/display.o
                0x080040a4                Format_Hex16
 .text.Format_Hex32
                0x08004114       0x70 VisualGDB/Debug_EngineHR_Hydra/display/display.o
                0x08004114                Format_Hex32
 .text.Format_Title
                0x08004184       0x7c VisualGDB/Debug_EngineHR_Hydra/display/display.o
                0x08004184                Format_Title
 .text.Format_Ascii
                0x08004200       0x70 VisualGDB/Debug_EngineHR_Hydra/display/display.o
                0x08004200                Format_Ascii
 .text.Format_Float3_3
                0x08004270       0x78 VisualGDB/Debug_EngineHR_Hydra/display/display.o
                0x08004270                Format_Float3_3
 .text.Format_Float_QueVar
                0x080042e8       0x1a VisualGDB/Debug_EngineHR_Hydra/display/display.o
                0x080042e8                Format_Float_QueVar
 *fill*         0x08004302        0x2 
 .text.Format_MemoryDumpAscii
                0x08004304       0xdc VisualGDB/Debug_EngineHR_Hydra/display/display.o
                0x08004304                Format_MemoryDumpAscii
 .text.Format_MemoryDisplayAscii
                0x080043e0       0xc0 VisualGDB/Debug_EngineHR_Hydra/display/display.o
                0x080043e0                Format_MemoryDisplayAscii
 .text.Format_MemoryDisplayAsciiHex
                0x080044a0       0xe8 VisualGDB/Debug_EngineHR_Hydra/display/display.o
                0x080044a0                Format_MemoryDisplayAsciiHex
 .text.Format_MemoryDumpHex
                0x08004588       0x9c VisualGDB/Debug_EngineHR_Hydra/display/display.o
                0x08004588                Format_MemoryDumpHex
 .text.Format_Boolean
                0x08004624       0x84 VisualGDB/Debug_EngineHR_Hydra/display/display.o
                0x08004624                Format_Boolean
 .text.Format_Bar_Dutty
                0x080046a8      0x140 VisualGDB/Debug_EngineHR_Hydra/display/display.o
                0x080046a8                Format_Bar_Dutty
 .text.Format_Bar_Status
                0x080047e8       0xc0 VisualGDB/Debug_EngineHR_Hydra/display/display.o
                0x080047e8                Format_Bar_Status
 .text.Format_Bar_Float
                0x080048a8      0x130 VisualGDB/Debug_EngineHR_Hydra/display/display.o
                0x080048a8                Format_Bar_Float
 .text.Format_SoapStringWithIndex
                0x080049d8      0x104 VisualGDB/Debug_EngineHR_Hydra/display/display.o
                0x080049d8                Format_SoapStringWithIndex
 .text.UpdateScreen
                0x08004adc      0x324 VisualGDB/Debug_EngineHR_Hydra/display/display.o
                0x08004adc                UpdateScreen
 .text.ResetGuiBuffer
                0x08004e00       0x58 VisualGDB/Debug_EngineHR_Hydra/display/gui.o
                0x08004e00                ResetGuiBuffer
 .text.DrawVLine
                0x08004e58       0x68 VisualGDB/Debug_EngineHR_Hydra/display/gui.o
                0x08004e58                DrawVLine
 .text.DrawLine
                0x08004ec0      0x190 VisualGDB/Debug_EngineHR_Hydra/display/gui.o
                0x08004ec0                DrawLine
 .text.FillRect
                0x08005050       0x6c VisualGDB/Debug_EngineHR_Hydra/display/gui.o
                0x08005050                FillRect
 .text.DrawChar
                0x080050bc       0xfc VisualGDB/Debug_EngineHR_Hydra/display/gui.o
                0x080050bc                DrawChar
 .text.DrawString
                0x080051b8       0x68 VisualGDB/Debug_EngineHR_Hydra/display/gui.o
                0x080051b8                DrawString
 .text.SetupMyLCD
                0x08005220      0x218 VisualGDB/Debug_EngineHR_Hydra/display/lcdspi_4xx.o
                0x08005220                SetupMyLCD
 .text.LCD_SPI_Senddata
                0x08005438       0xf0 VisualGDB/Debug_EngineHR_Hydra/display/lcdspi_4xx.o
                0x08005438                LCD_SPI_Senddata
 .text.ST7789_WriteCommand
                0x08005528       0x58 VisualGDB/Debug_EngineHR_Hydra/display/st7789.o
                0x08005528                ST7789_WriteCommand
 .text.ST7789_WriteData_8bit
                0x08005580       0x54 VisualGDB/Debug_EngineHR_Hydra/display/st7789.o
                0x08005580                ST7789_WriteData_8bit
 .text.ST7789_WriteData_16bit
                0x080055d4       0x64 VisualGDB/Debug_EngineHR_Hydra/display/st7789.o
                0x080055d4                ST7789_WriteData_16bit
 .text.ST7789_WriteBuff
                0x08005638       0x58 VisualGDB/Debug_EngineHR_Hydra/display/st7789.o
                0x08005638                ST7789_WriteBuff
 .text.ST7789_WriteReg
                0x08005690       0x44 VisualGDB/Debug_EngineHR_Hydra/display/st7789.o
                0x08005690                ST7789_WriteReg
 .text.ST7789_DisplayOn
                0x080056d4       0x1c VisualGDB/Debug_EngineHR_Hydra/display/st7789.o
                0x080056d4                ST7789_DisplayOn
 .text.ST7789_Init
                0x080056f0      0x208 VisualGDB/Debug_EngineHR_Hydra/display/st7789.o
                0x080056f0                ST7789_Init
 .text.ST7789_SetAddress
                0x080058f8       0x84 VisualGDB/Debug_EngineHR_Hydra/display/st7789.o
                0x080058f8                ST7789_SetAddress
 .text.Init_Display
                0x0800597c       0x68 VisualGDB/Debug_EngineHR_Hydra/display/st7789.o
                0x0800597c                Init_Display
 .text.FillRGBRect
                0x080059e4       0x6e VisualGDB/Debug_EngineHR_Hydra/display/st7789.o
                0x080059e4                FillRGBRect
 *fill*         0x08005a52        0x2 
 .text.NVIC_SetPriority
                0x08005a54       0x54 VisualGDB/Debug_EngineHR_Hydra/main.o
 .text.NVIC_SystemReset
                0x08005aa8       0x2c VisualGDB/Debug_EngineHR_Hydra/main.o
 .text.SysTick_Config
                0x08005ad4       0x44 VisualGDB/Debug_EngineHR_Hydra/main.o
 .text.initKey  0x08005b18       0x1a VisualGDB/Debug_EngineHR_Hydra/main.o
                0x08005b18                initKey
 *fill*         0x08005b32        0x2 
 .text.TIM1_UP_TIM10_IRQHandler
                0x08005b34      0x374 VisualGDB/Debug_EngineHR_Hydra/main.o
                0x08005b34                TIM1_UP_TIM10_IRQHandler
 .text.TIM1_BRK_TIM9_IRQHandler
                0x08005ea8       0x3c VisualGDB/Debug_EngineHR_Hydra/main.o
                0x08005ea8                TIM1_BRK_TIM9_IRQHandler
 .text.TIM1_TRG_COM_TIM11_IRQHandler
                0x08005ee4       0x3c VisualGDB/Debug_EngineHR_Hydra/main.o
                0x08005ee4                TIM1_TRG_COM_TIM11_IRQHandler
 .text.TIM2_IRQHandler
                0x08005f20       0x18 VisualGDB/Debug_EngineHR_Hydra/main.o
                0x08005f20                TIM2_IRQHandler
 .text.TIM3_IRQHandler
                0x08005f38       0x24 VisualGDB/Debug_EngineHR_Hydra/main.o
                0x08005f38                TIM3_IRQHandler
 .text.TIM4_IRQHandler
                0x08005f5c       0x24 VisualGDB/Debug_EngineHR_Hydra/main.o
                0x08005f5c                TIM4_IRQHandler
 .text.TIM5_IRQHandler
                0x08005f80       0x44 VisualGDB/Debug_EngineHR_Hydra/main.o
                0x08005f80                TIM5_IRQHandler
 .text.TIM6_DAC_IRQHandler
                0x08005fc4       0xc4 VisualGDB/Debug_EngineHR_Hydra/main.o
                0x08005fc4                TIM6_DAC_IRQHandler
 .text.TIM7_IRQHandler
                0x08006088       0x94 VisualGDB/Debug_EngineHR_Hydra/main.o
                0x08006088                TIM7_IRQHandler
 .text.TIM8_BRK_TIM12_IRQHandler
                0x0800611c       0x3c VisualGDB/Debug_EngineHR_Hydra/main.o
                0x0800611c                TIM8_BRK_TIM12_IRQHandler
 .text.TIM8_UP_TIM13_IRQHandler
                0x08006158       0x3c VisualGDB/Debug_EngineHR_Hydra/main.o
                0x08006158                TIM8_UP_TIM13_IRQHandler
 .text.TIM8_TRG_COM_TIM14_IRQHandler
                0x08006194       0x3c VisualGDB/Debug_EngineHR_Hydra/main.o
                0x08006194                TIM8_TRG_COM_TIM14_IRQHandler
 .text.USARTx_IRQHandler
                0x080061d0       0xb0 VisualGDB/Debug_EngineHR_Hydra/main.o
                0x080061d0                USARTx_IRQHandler
 .text.UART4_IRQHandler
                0x08006280       0x14 VisualGDB/Debug_EngineHR_Hydra/main.o
                0x08006280                UART4_IRQHandler
 .text.USART6_IRQHandler
                0x08006294       0x14 VisualGDB/Debug_EngineHR_Hydra/main.o
                0x08006294                USART6_IRQHandler
 .text.DisableEXTI
                0x080062a8       0x48 VisualGDB/Debug_EngineHR_Hydra/main.o
                0x080062a8                DisableEXTI
 .text.SetupEXTI
                0x080062f0      0x364 VisualGDB/Debug_EngineHR_Hydra/main.o
                0x080062f0                SetupEXTI
 .text.setTouchPositionToCurrentPosition
                0x08006654       0x44 VisualGDB/Debug_EngineHR_Hydra/main.o
                0x08006654                setTouchPositionToCurrentPosition
 .text.TouchProbeSendResults
                0x08006698      0x444 VisualGDB/Debug_EngineHR_Hydra/main.o
                0x08006698                TouchProbeSendResults
 .text.TouchProbeFinished
                0x08006adc       0xb4 VisualGDB/Debug_EngineHR_Hydra/main.o
                0x08006adc                TouchProbeFinished
 .text.TouchProbeProcessContact
                0x08006b90       0x1e VisualGDB/Debug_EngineHR_Hydra/main.o
                0x08006b90                TouchProbeProcessContact
 *fill*         0x08006bae        0x2 
 .text.EdgeTriggerDetected
                0x08006bb0       0x2c VisualGDB/Debug_EngineHR_Hydra/main.o
                0x08006bb0                EdgeTriggerDetected
 .text.EdgeTriggerSendResults
                0x08006bdc       0x98 VisualGDB/Debug_EngineHR_Hydra/main.o
                0x08006bdc                EdgeTriggerSendResults
 .text.Generic_EXTI_IRQHandler
                0x08006c74       0x5c VisualGDB/Debug_EngineHR_Hydra/main.o
                0x08006c74                Generic_EXTI_IRQHandler
 .text.EXTI0_IRQHandler
                0x08006cd0        0xc VisualGDB/Debug_EngineHR_Hydra/main.o
                0x08006cd0                EXTI0_IRQHandler
 .text.EXTI1_IRQHandler
                0x08006cdc        0xc VisualGDB/Debug_EngineHR_Hydra/main.o
                0x08006cdc                EXTI1_IRQHandler
 .text.EXTI2_IRQHandler
                0x08006ce8        0xc VisualGDB/Debug_EngineHR_Hydra/main.o
                0x08006ce8                EXTI2_IRQHandler
 .text.EXTI3_IRQHandler
                0x08006cf4        0xc VisualGDB/Debug_EngineHR_Hydra/main.o
                0x08006cf4                EXTI3_IRQHandler
 .text.EXTI4_IRQHandler
                0x08006d00        0xc VisualGDB/Debug_EngineHR_Hydra/main.o
                0x08006d00                EXTI4_IRQHandler
 .text.EXTI9_5_IRQHandler
                0x08006d0c        0xc VisualGDB/Debug_EngineHR_Hydra/main.o
                0x08006d0c                EXTI9_5_IRQHandler
 .text.EXTI15_10_IRQHandler
                0x08006d18        0xc VisualGDB/Debug_EngineHR_Hydra/main.o
                0x08006d18                EXTI15_10_IRQHandler
 .text.processEverySlice
                0x08006d24       0xac VisualGDB/Debug_EngineHR_Hydra/main.o
                0x08006d24                processEverySlice
 .text.SysTick_Handler
                0x08006dd0      0x138 VisualGDB/Debug_EngineHR_Hydra/main.o
                0x08006dd0                SysTick_Handler
 .text.Crash_Handler
                0x08006f08       0x24 VisualGDB/Debug_EngineHR_Hydra/main.o
                0x08006f08                Crash_Handler
 .text.checkAndClearFlashStatus
                0x08006f2c       0x84 VisualGDB/Debug_EngineHR_Hydra/main.o
                0x08006f2c                checkAndClearFlashStatus
 .text.protectedIncrement
                0x08006fb0       0x2e VisualGDB/Debug_EngineHR_Hydra/main.o
                0x08006fb0                protectedIncrement
 .text.protectedDecrement
                0x08006fde       0x2e VisualGDB/Debug_EngineHR_Hydra/main.o
                0x08006fde                protectedDecrement
 .text.catastrophicError
                0x0800700c       0x28 VisualGDB/Debug_EngineHR_Hydra/main.o
                0x0800700c                catastrophicError
 .text.catastrophicErrorWithDebugInfo
                0x08007034      0x1a4 VisualGDB/Debug_EngineHR_Hydra/main.o
                0x08007034                catastrophicErrorWithDebugInfo
 .text.wait100ns
                0x080071d8       0x26 VisualGDB/Debug_EngineHR_Hydra/main.o
                0x080071d8                wait100ns
 *fill*         0x080071fe        0x2 
 .text.updateHssPwm
                0x08007200       0x6c VisualGDB/Debug_EngineHR_Hydra/main.o
                0x08007200                updateHssPwm
 .text.changeHssDuty
                0x0800726c       0x3c VisualGDB/Debug_EngineHR_Hydra/main.o
                0x0800726c                changeHssDuty
 .text.initHss  0x080072a8       0x84 VisualGDB/Debug_EngineHR_Hydra/main.o
                0x080072a8                initHss
 .text.initAllHss
                0x0800732c       0xe0 VisualGDB/Debug_EngineHR_Hydra/main.o
                0x0800732c                initAllHss
 .text.HssControl
                0x0800740c       0x8c VisualGDB/Debug_EngineHR_Hydra/main.o
                0x0800740c                HssControl
 .text.DDLightSelection
                0x08007498      0x1c0 VisualGDB/Debug_EngineHR_Hydra/main.o
                0x08007498                DDLightSelection
 .text.convertToolNumberToDevice
                0x08007658       0x3c VisualGDB/Debug_EngineHR_Hydra/main.o
                0x08007658                convertToolNumberToDevice
 .text.CopyToEndOfLine
                0x08007694       0xac VisualGDB/Debug_EngineHR_Hydra/main.o
                0x08007694                CopyToEndOfLine
 .text.processEndofCommandChar
                0x08007740       0x68 VisualGDB/Debug_EngineHR_Hydra/main.o
                0x08007740                processEndofCommandChar
 .text.SplitCurrentGcodeLine2Arguments
                0x080077a8      0x568 VisualGDB/Debug_EngineHR_Hydra/main.o
                0x080077a8                SplitCurrentGcodeLine2Arguments
 .text.CleanUpPointers
                0x08007d10       0x44 VisualGDB/Debug_EngineHR_Hydra/main.o
                0x08007d10                CleanUpPointers
 .text.FillArgumentBuffer
                0x08007d54       0x40 VisualGDB/Debug_EngineHR_Hydra/main.o
                0x08007d54                FillArgumentBuffer
 .text.processArgs
                0x08007d94       0x74 VisualGDB/Debug_EngineHR_Hydra/main.o
                0x08007d94                processArgs
 .text.ResetGcodeParseBuffer
                0x08007e08      0x12c VisualGDB/Debug_EngineHR_Hydra/main.o
                0x08007e08                ResetGcodeParseBuffer
 .text.cmdQueIsEmpty
                0x08007f34       0x20 VisualGDB/Debug_EngineHR_Hydra/main.o
                0x08007f34                cmdQueIsEmpty
 .text.cmdQueIsFull
                0x08007f54       0x20 VisualGDB/Debug_EngineHR_Hydra/main.o
                0x08007f54                cmdQueIsFull
 .text.printSerialInputStreamError
                0x08007f74       0x54 VisualGDB/Debug_EngineHR_Hydra/main.o
                0x08007f74                printSerialInputStreamError
 .text.serialProcessor
                0x08007fc8      0x160 VisualGDB/Debug_EngineHR_Hydra/main.o
                0x08007fc8                serialProcessor
 .text.InvalidateAllCmdArgs
                0x08008128       0xbc VisualGDB/Debug_EngineHR_Hydra/main.o
                0x08008128                InvalidateAllCmdArgs
 .text.CommandProcessor
                0x080081e4     0x2138 VisualGDB/Debug_EngineHR_Hydra/main.o
                0x080081e4                CommandProcessor
 .text.EchoBackCommentString
                0x0800a31c       0x3c VisualGDB/Debug_EngineHR_Hydra/main.o
                0x0800a31c                EchoBackCommentString
 .text.getNextCommandIndex
                0x0800a358       0x26 VisualGDB/Debug_EngineHR_Hydra/main.o
                0x0800a358                getNextCommandIndex
 .text.getNextDeferredCommandIndex
                0x0800a37e       0x26 VisualGDB/Debug_EngineHR_Hydra/main.o
                0x0800a37e                getNextDeferredCommandIndex
 .text.ContinueToNextStep
                0x0800a3a4       0x24 VisualGDB/Debug_EngineHR_Hydra/main.o
                0x0800a3a4                ContinueToNextStep
 .text.AddCommandToQue
                0x0800a3c8       0xc0 VisualGDB/Debug_EngineHR_Hydra/main.o
                0x0800a3c8                AddCommandToQue
 .text.resetVariableOnJobEnd
                0x0800a488       0xd8 VisualGDB/Debug_EngineHR_Hydra/main.o
                0x0800a488                resetVariableOnJobEnd
 .text.initGCodeSequenceEngine
                0x0800a560      0x4e8 VisualGDB/Debug_EngineHR_Hydra/main.o
                0x0800a560                initGCodeSequenceEngine
 .text.setDrillTapMotorArgs
                0x0800aa48       0xc0 VisualGDB/Debug_EngineHR_Hydra/main.o
                0x0800aa48                setDrillTapMotorArgs
 .text.puff     0x0800ab08       0x18 VisualGDB/Debug_EngineHR_Hydra/main.o
                0x0800ab08                puff
 .text.processCannedCycle
                0x0800ab20      0x490 VisualGDB/Debug_EngineHR_Hydra/main.o
                0x0800ab20                processCannedCycle
 .text.deferredCmdQueueFull
                0x0800afb0       0x20 VisualGDB/Debug_EngineHR_Hydra/main.o
                0x0800afb0                deferredCmdQueueFull
 .text.copyCmdQueEntryToDeferredCmdQue
                0x0800afd0       0x94 VisualGDB/Debug_EngineHR_Hydra/main.o
                0x0800afd0                copyCmdQueEntryToDeferredCmdQue
 .text.processNextDeferredCommand
                0x0800b064       0xe4 VisualGDB/Debug_EngineHR_Hydra/main.o
                0x0800b064                processNextDeferredCommand
 .text.checkForCompletedAbort
                0x0800b148      0x1a4 VisualGDB/Debug_EngineHR_Hydra/main.o
                0x0800b148                checkForCompletedAbort
 .text.setPauseGcodeFlag
                0x0800b2ec       0x4c VisualGDB/Debug_EngineHR_Hydra/main.o
                0x0800b2ec                setPauseGcodeFlag
 .text.ResetProcess
                0x0800b338      0x140 VisualGDB/Debug_EngineHR_Hydra/main.o
                0x0800b338                ResetProcess
 .text.DwellTimer
                0x0800b478       0x24 VisualGDB/Debug_EngineHR_Hydra/main.o
                0x0800b478                DwellTimer
 .text.updateHostConnectionWatchDog
                0x0800b49c       0x30 VisualGDB/Debug_EngineHR_Hydra/main.o
                0x0800b49c                updateHostConnectionWatchDog
 .text.SequenceEngine
                0x0800b4cc      0x3a4 VisualGDB/Debug_EngineHR_Hydra/main.o
                0x0800b4cc                SequenceEngine
 .text.processCommand
                0x0800b870     0x1a7c VisualGDB/Debug_EngineHR_Hydra/main.o
                0x0800b870                processCommand
 .text.pingReply
                0x0800d2ec       0x2c VisualGDB/Debug_EngineHR_Hydra/main.o
                0x0800d2ec                pingReply
 .text.getCurrentExecutingLineNumber
                0x0800d318       0x44 VisualGDB/Debug_EngineHR_Hydra/main.o
                0x0800d318                getCurrentExecutingLineNumber
 .text.PWMCntrl
                0x0800d35c       0x9c VisualGDB/Debug_EngineHR_Hydra/main.o
                0x0800d35c                PWMCntrl
 .text.ReportXYZLocation
                0x0800d3f8      0x2b8 VisualGDB/Debug_EngineHR_Hydra/main.o
                0x0800d3f8                ReportXYZLocation
 .text.ReportOsseoVariables
                0x0800d6b0      0x224 VisualGDB/Debug_EngineHR_Hydra/main.o
                0x0800d6b0                ReportOsseoVariables
 .text.spare    0x0800d8d4        0xe VisualGDB/Debug_EngineHR_Hydra/main.o
                0x0800d8d4                spare
 .text.ohNoMrBill
                0x0800d8e2        0xe VisualGDB/Debug_EngineHR_Hydra/main.o
                0x0800d8e2                ohNoMrBill
 .text.heartbeat
                0x0800d8f0       0x4c VisualGDB/Debug_EngineHR_Hydra/main.o
                0x0800d8f0                heartbeat
 .text.checkInWithHeads
                0x0800d93c        0xe VisualGDB/Debug_EngineHR_Hydra/main.o
                0x0800d93c                checkInWithHeads
 *fill*         0x0800d94a        0x2 
 .text.checkBlockingWaits
                0x0800d94c      0x29c VisualGDB/Debug_EngineHR_Hydra/main.o
                0x0800d94c                checkBlockingWaits
 .text.loop_1000Hz_simple_work
                0x0800dbe8      0x148 VisualGDB/Debug_EngineHR_Hydra/main.o
                0x0800dbe8                loop_1000Hz_simple_work
 .text.loop_100Hz_simple_work
                0x0800dd30      0x22c VisualGDB/Debug_EngineHR_Hydra/main.o
                0x0800dd30                loop_100Hz_simple_work
 .text.loop_10Hz_simple_work
                0x0800df5c       0x48 VisualGDB/Debug_EngineHR_Hydra/main.o
                0x0800df5c                loop_10Hz_simple_work
 .text.loop_1Hz_simple_work
                0x0800dfa4      0x12c VisualGDB/Debug_EngineHR_Hydra/main.o
                0x0800dfa4                loop_1Hz_simple_work
 .text.almostTheSameByPct
                0x0800e0d0       0x4a VisualGDB/Debug_EngineHR_Hydra/main.o
                0x0800e0d0                almostTheSameByPct
 .text.almostTheSameByDelta
                0x0800e11a       0x42 VisualGDB/Debug_EngineHR_Hydra/main.o
                0x0800e11a                almostTheSameByDelta
 .text.notAlmostTheSameByDelta
                0x0800e15c       0x4a VisualGDB/Debug_EngineHR_Hydra/main.o
                0x0800e15c                notAlmostTheSameByDelta
 *fill*         0x0800e1a6        0x2 
 .text.requireAllAxesToHome
                0x0800e1a8       0x64 VisualGDB/Debug_EngineHR_Hydra/main.o
                0x0800e1a8                requireAllAxesToHome
 .text.assertControlBit
                0x0800e20c       0x44 VisualGDB/Debug_EngineHR_Hydra/main.o
                0x0800e20c                assertControlBit
 .text.deassertControlBit
                0x0800e250       0x44 VisualGDB/Debug_EngineHR_Hydra/main.o
                0x0800e250                deassertControlBit
 .text.readControlBitValue
                0x0800e294       0x2a VisualGDB/Debug_EngineHR_Hydra/main.o
                0x0800e294                readControlBitValue
 .text.readControlBitState
                0x0800e2be       0x56 VisualGDB/Debug_EngineHR_Hydra/main.o
                0x0800e2be                readControlBitState
 .text.outputDirectionBit
                0x0800e314       0x7e VisualGDB/Debug_EngineHR_Hydra/main.o
                0x0800e314                outputDirectionBit
 .text.readDirectionBitValue
                0x0800e392       0x2a VisualGDB/Debug_EngineHR_Hydra/main.o
                0x0800e392                readDirectionBitValue
 .text.readDirectionBitState
                0x0800e3bc       0x4a VisualGDB/Debug_EngineHR_Hydra/main.o
                0x0800e3bc                readDirectionBitState
 .text.readSensorBitValue
                0x0800e406       0x2a VisualGDB/Debug_EngineHR_Hydra/main.o
                0x0800e406                readSensorBitValue
 .text.readSensorBitState
                0x0800e430       0x56 VisualGDB/Debug_EngineHR_Hydra/main.o
                0x0800e430                readSensorBitState
 .text.initSensor
                0x0800e486       0xc6 VisualGDB/Debug_EngineHR_Hydra/main.o
                0x0800e486                initSensor
 .text.setSensorStateToUnknown
                0x0800e54c       0x3a VisualGDB/Debug_EngineHR_Hydra/main.o
                0x0800e54c                setSensorStateToUnknown
 .text.updateSensorHistoryIfEnabledWithoutIrq
                0x0800e586       0x4a VisualGDB/Debug_EngineHR_Hydra/main.o
                0x0800e586                updateSensorHistoryIfEnabledWithoutIrq
 .text.readDebouncedSensorState
                0x0800e5d0       0xd4 VisualGDB/Debug_EngineHR_Hydra/main.o
                0x0800e5d0                readDebouncedSensorState
 .text.fastReadDebouncedSensorState
                0x0800e6a4       0x72 VisualGDB/Debug_EngineHR_Hydra/main.o
                0x0800e6a4                fastReadDebouncedSensorState
 .text.setSensorEnable
                0x0800e716       0x2e VisualGDB/Debug_EngineHR_Hydra/main.o
                0x0800e716                setSensorEnable
 .text.setSensorPolarityAndEnable
                0x0800e744       0x78 VisualGDB/Debug_EngineHR_Hydra/main.o
                0x0800e744                setSensorPolarityAndEnable
 .text.checkStartButton
                0x0800e7bc       0x6c VisualGDB/Debug_EngineHR_Hydra/main.o
                0x0800e7bc                checkStartButton
 .text.sendEmoMessage
                0x0800e828       0xa0 VisualGDB/Debug_EngineHR_Hydra/main.o
                0x0800e828                sendEmoMessage
 .text.checkEMO
                0x0800e8c8       0xc4 VisualGDB/Debug_EngineHR_Hydra/main.o
                0x0800e8c8                checkEMO
 .text.checkMotorFaultSensor
                0x0800e98c       0x18 VisualGDB/Debug_EngineHR_Hydra/main.o
                0x0800e98c                checkMotorFaultSensor
 .text.checkMotorLimit1Sensor
                0x0800e9a4       0x1c VisualGDB/Debug_EngineHR_Hydra/main.o
                0x0800e9a4                checkMotorLimit1Sensor
 .text.checkMotorLimit2Sensor
                0x0800e9c0       0x18 VisualGDB/Debug_EngineHR_Hydra/main.o
                0x0800e9c0                checkMotorLimit2Sensor
 .text.readInputs
                0x0800e9d8       0x14 VisualGDB/Debug_EngineHR_Hydra/main.o
                0x0800e9d8                readInputs
 .text.InitializeFixtureOffsets
                0x0800e9ec       0x50 VisualGDB/Debug_EngineHR_Hydra/main.o
                0x0800e9ec                InitializeFixtureOffsets
 .text.SetAxisHomePosition
                0x0800ea3c       0x58 VisualGDB/Debug_EngineHR_Hydra/main.o
                0x0800ea3c                SetAxisHomePosition
 .text.SetAllAxisHomePosition
                0x0800ea94       0x54 VisualGDB/Debug_EngineHR_Hydra/main.o
                0x0800ea94                SetAllAxisHomePosition
 .text.ProcessG28MultipassHoming
                0x0800eae8      0x3b8 VisualGDB/Debug_EngineHR_Hydra/main.o
                0x0800eae8                ProcessG28MultipassHoming
 .text.sendAxisHomedStatus
                0x0800eea0       0x60 VisualGDB/Debug_EngineHR_Hydra/main.o
                0x0800eea0                sendAxisHomedStatus
 .text.sendAllAxisHomedStatus
                0x0800ef00        0xe VisualGDB/Debug_EngineHR_Hydra/main.o
                0x0800ef00                sendAllAxisHomedStatus
 *fill*         0x0800ef0e        0x2 
 .text.getUIDString
                0x0800ef10       0x84 VisualGDB/Debug_EngineHR_Hydra/main.o
                0x0800ef10                getUIDString
 .text.validFirmwareKey
                0x0800ef94       0x18 VisualGDB/Debug_EngineHR_Hydra/main.o
                0x0800ef94                validFirmwareKey
 .text.sendFakeM687CompleteCode
                0x0800efac       0x44 VisualGDB/Debug_EngineHR_Hydra/main.o
                0x0800efac                sendFakeM687CompleteCode
 .text.sendRevisionString
                0x0800eff0      0x17c VisualGDB/Debug_EngineHR_Hydra/main.o
                0x0800eff0                sendRevisionString
 .text.rebootingFromCrash
                0x0800f16c       0x28 VisualGDB/Debug_EngineHR_Hydra/main.o
                0x0800f16c                rebootingFromCrash
 .text.setResetSouceStr
                0x0800f194      0x260 VisualGDB/Debug_EngineHR_Hydra/main.o
                0x0800f194                setResetSouceStr
 .text.Reset_Handler
                0x0800f3f4       0x80 VisualGDB/Debug_EngineHR_Hydra/main.o
                0x0800f3f4                Reset_Handler
 .text.wiggleDebugIO
                0x0800f474       0x14 VisualGDB/Debug_EngineHR_Hydra/main.o
                0x0800f474                wiggleDebugIO
 .text.executeAnySpecialDebugStartCode
                0x0800f488        0xe VisualGDB/Debug_EngineHR_Hydra/main.o
                0x0800f488                executeAnySpecialDebugStartCode
 *fill*         0x0800f496        0x2 
 .text.main     0x0800f498      0x1bc VisualGDB/Debug_EngineHR_Hydra/main.o
                0x0800f498                main
 .text.Init_ADC
                0x0800f654      0x158 VisualGDB/Debug_EngineHR_Hydra/src/adc.o
                0x0800f654                Init_ADC
 .text.Start_ADC
                0x0800f7ac       0x14 VisualGDB/Debug_EngineHR_Hydra/src/adc.o
                0x0800f7ac                Start_ADC
 .text.SmoothDataUsingOlympicVotingAverage
                0x0800f7c0      0x140 VisualGDB/Debug_EngineHR_Hydra/src/adc.o
                0x0800f7c0                SmoothDataUsingOlympicVotingAverage
 .text.ProcessRawADC_Data
                0x0800f900        0xc VisualGDB/Debug_EngineHR_Hydra/src/adc.o
                0x0800f900                ProcessRawADC_Data
 .text.convertRtdDataFromRawADCValue
                0x0800f90c      0x168 VisualGDB/Debug_EngineHR_Hydra/src/adc_table.o
                0x0800f90c                convertRtdDataFromRawADCValue
 .text.sendHexLineError
                0x0800fa74       0x40 VisualGDB/Debug_EngineHR_Hydra/src/bootloader.o
                0x0800fa74                sendHexLineError
 .text.intelHexDecomposeLine
                0x0800fab4      0x440 VisualGDB/Debug_EngineHR_Hydra/src/bootloader.o
                0x0800fab4                intelHexDecomposeLine
 .text.clearWorkingBufferForBootloader
                0x0800fef4       0x4c VisualGDB/Debug_EngineHR_Hydra/src/bootloader.o
                0x0800fef4                clearWorkingBufferForBootloader
 .text.clearDeviceCodePages
                0x0800ff40      0x130 VisualGDB/Debug_EngineHR_Hydra/src/bootloader.o
                0x0800ff40                clearDeviceCodePages
 .text.verifyDeviceCodeChecksum
                0x08010070      0x10c VisualGDB/Debug_EngineHR_Hydra/src/bootloader.o
                0x08010070                verifyDeviceCodeChecksum
 .text.setDeviceCodeChecksum
                0x0801017c      0x2cc VisualGDB/Debug_EngineHR_Hydra/src/bootloader.o
                0x0801017c                setDeviceCodeChecksum
 .text.transferBootloaderDataFromWorkingBufferToDevice
                0x08010448      0x23c VisualGDB/Debug_EngineHR_Hydra/src/bootloader.o
                0x08010448                transferBootloaderDataFromWorkingBufferToDevice
 .text.sendDeviceBootloaderPage
                0x08010684       0xd0 VisualGDB/Debug_EngineHR_Hydra/src/bootloader.o
                0x08010684                sendDeviceBootloaderPage
 .text.prepareDeviceForBootloaderDownload
                0x08010754      0x150 VisualGDB/Debug_EngineHR_Hydra/src/bootloader.o
                0x08010754                prepareDeviceForBootloaderDownload
 .text.endDeviceBootloader
                0x080108a4       0x68 VisualGDB/Debug_EngineHR_Hydra/src/bootloader.o
                0x080108a4                endDeviceBootloader
 .text.processDeviceBootloaderLine
                0x0801090c      0x3d0 VisualGDB/Debug_EngineHR_Hydra/src/bootloader.o
                0x0801090c                processDeviceBootloaderLine
 .text.getArgFraction
                0x08010cdc       0x42 VisualGDB/Debug_EngineHR_Hydra/src/GCode.o
                0x08010cdc                getArgFraction
 *fill*         0x08010d1e        0x2 
 .text.ReportUnknownFractionalGcode
                0x08010d20       0x50 VisualGDB/Debug_EngineHR_Hydra/src/GCode.o
                0x08010d20                ReportUnknownFractionalGcode
 .text.ReportGcodeError
                0x08010d70       0x50 VisualGDB/Debug_EngineHR_Hydra/src/GCode.o
                0x08010d70                ReportGcodeError
 .text.ReportInvalidGcodeArg
                0x08010dc0       0x7c VisualGDB/Debug_EngineHR_Hydra/src/GCode.o
                0x08010dc0                ReportInvalidGcodeArg
 .text.ReportMissingGcodeArg
                0x08010e3c       0x50 VisualGDB/Debug_EngineHR_Hydra/src/GCode.o
                0x08010e3c                ReportMissingGcodeArg
 .text.ReportMissingGcodeDArg
                0x08010e8c       0x14 VisualGDB/Debug_EngineHR_Hydra/src/GCode.o
                0x08010e8c                ReportMissingGcodeDArg
 .text.ReportMissingGcodeLArg
                0x08010ea0       0x14 VisualGDB/Debug_EngineHR_Hydra/src/GCode.o
                0x08010ea0                ReportMissingGcodeLArg
 .text.ReportMissingGcodePArg
                0x08010eb4       0x14 VisualGDB/Debug_EngineHR_Hydra/src/GCode.o
                0x08010eb4                ReportMissingGcodePArg
 .text.ReportMissingGcodeRArg
                0x08010ec8       0x14 VisualGDB/Debug_EngineHR_Hydra/src/GCode.o
                0x08010ec8                ReportMissingGcodeRArg
 .text.ReportMissingGcodeTArg
                0x08010edc       0x14 VisualGDB/Debug_EngineHR_Hydra/src/GCode.o
                0x08010edc                ReportMissingGcodeTArg
 .text.ReportMissingGcodePLArg
                0x08010ef0       0x14 VisualGDB/Debug_EngineHR_Hydra/src/GCode.o
                0x08010ef0                ReportMissingGcodePLArg
 .text.ReportInvalidGcodeEArg
                0x08010f04       0x24 VisualGDB/Debug_EngineHR_Hydra/src/GCode.o
                0x08010f04                ReportInvalidGcodeEArg
 .text.ReportInvalidGcodeHArg
                0x08010f28       0x24 VisualGDB/Debug_EngineHR_Hydra/src/GCode.o
                0x08010f28                ReportInvalidGcodeHArg
 .text.ReportInvalidGcodePArg
                0x08010f4c       0x24 VisualGDB/Debug_EngineHR_Hydra/src/GCode.o
                0x08010f4c                ReportInvalidGcodePArg
 .text.ReportInvalidGcodeSArg
                0x08010f70       0x24 VisualGDB/Debug_EngineHR_Hydra/src/GCode.o
                0x08010f70                ReportInvalidGcodeSArg
 .text.getMotorArg
                0x08010f94       0x2c VisualGDB/Debug_EngineHR_Hydra/src/GCode.o
                0x08010f94                getMotorArg
 .text.getMotorArgInMM
                0x08010fc0       0x38 VisualGDB/Debug_EngineHR_Hydra/src/GCode.o
                0x08010fc0                getMotorArgInMM
 .text.getMotorArgInDeg
                0x08010ff8       0x38 VisualGDB/Debug_EngineHR_Hydra/src/GCode.o
                0x08010ff8                getMotorArgInDeg
 .text.getMotorArgInNativeUnits
                0x08011030       0x30 VisualGDB/Debug_EngineHR_Hydra/src/GCode.o
                0x08011030                getMotorArgInNativeUnits
 .text.setMotorArg
                0x08011060       0x2c VisualGDB/Debug_EngineHR_Hydra/src/GCode.o
                0x08011060                setMotorArg
 .text.setMotorArgInMM
                0x0801108c       0x3c VisualGDB/Debug_EngineHR_Hydra/src/GCode.o
                0x0801108c                setMotorArgInMM
 .text.setMotorArgInDeg
                0x080110c8       0x3c VisualGDB/Debug_EngineHR_Hydra/src/GCode.o
                0x080110c8                setMotorArgInDeg
 .text.setMotorArgInNativeUnits
                0x08011104       0x32 VisualGDB/Debug_EngineHR_Hydra/src/GCode.o
                0x08011104                setMotorArgInNativeUnits
 *fill*         0x08011136        0x2 
 .text.setAllMotorArg
                0x08011138       0x40 VisualGDB/Debug_EngineHR_Hydra/src/GCode.o
                0x08011138                setAllMotorArg
 .text.convertArgFromMM
                0x08011178       0x2c VisualGDB/Debug_EngineHR_Hydra/src/GCode.o
                0x08011178                convertArgFromMM
 .text.convertArgToMM
                0x080111a4       0x2c VisualGDB/Debug_EngineHR_Hydra/src/GCode.o
                0x080111a4                convertArgToMM
 .text.motorArgPresent
                0x080111d0       0x34 VisualGDB/Debug_EngineHR_Hydra/src/GCode.o
                0x080111d0                motorArgPresent
 .text.motorArgNegativeOrZero
                0x08011204       0x2a VisualGDB/Debug_EngineHR_Hydra/src/GCode.o
                0x08011204                motorArgNegativeOrZero
 *fill*         0x0801122e        0x2 
 .text.getDeltaAxisValueInInputUnits
                0x08011230       0xa8 VisualGDB/Debug_EngineHR_Hydra/src/GCode.o
                0x08011230                getDeltaAxisValueInInputUnits
 .text.getDeltaEValueInInputUnits
                0x080112d8       0x6c VisualGDB/Debug_EngineHR_Hydra/src/GCode.o
                0x080112d8                getDeltaEValueInInputUnits
 .text.assignPoint
                0x08011344       0x32 VisualGDB/Debug_EngineHR_Hydra/src/GCode.o
                0x08011344                assignPoint
 .text.copyPoint
                0x08011376       0x2e VisualGDB/Debug_EngineHR_Hydra/src/GCode.o
                0x08011376                copyPoint
 .text.addPoints
                0x080113a4       0x5a VisualGDB/Debug_EngineHR_Hydra/src/GCode.o
                0x080113a4                addPoints
 .text.pointsAreTheSame
                0x080113fe       0x84 VisualGDB/Debug_EngineHR_Hydra/src/GCode.o
                0x080113fe                pointsAreTheSame
 .text.vectorsAreTheSame
                0x08011482       0xa6 VisualGDB/Debug_EngineHR_Hydra/src/GCode.o
                0x08011482                vectorsAreTheSame
 .text.getVectorMagnitude
                0x08011528       0x56 VisualGDB/Debug_EngineHR_Hydra/src/GCode.o
                0x08011528                getVectorMagnitude
 .text.normalizeVector
                0x0801157e       0x94 VisualGDB/Debug_EngineHR_Hydra/src/GCode.o
                0x0801157e                normalizeVector
 .text.assignVector
                0x08011612       0x50 VisualGDB/Debug_EngineHR_Hydra/src/GCode.o
                0x08011612                assignVector
 .text.assignVector2Pts
                0x08011662       0x76 VisualGDB/Debug_EngineHR_Hydra/src/GCode.o
                0x08011662                assignVector2Pts
 .text.scaleVector
                0x080116d8       0x64 VisualGDB/Debug_EngineHR_Hydra/src/GCode.o
                0x080116d8                scaleVector
 .text.dotProduct
                0x0801173c       0x50 VisualGDB/Debug_EngineHR_Hydra/src/GCode.o
                0x0801173c                dotProduct
 .text.crossProduct
                0x0801178c       0xa4 VisualGDB/Debug_EngineHR_Hydra/src/GCode.o
                0x0801178c                crossProduct
 .text.initArcStruct
                0x08011830       0x34 VisualGDB/Debug_EngineHR_Hydra/src/GCode.o
                0x08011830                initArcStruct
 .text.sprintfPoint
                0x08011864       0x5c VisualGDB/Debug_EngineHR_Hydra/src/GCode.o
                0x08011864                sprintfPoint
 .text.sprintfVector
                0x080118c0       0x70 VisualGDB/Debug_EngineHR_Hydra/src/GCode.o
                0x080118c0                sprintfVector
 .text.printVector
                0x08011930       0x78 VisualGDB/Debug_EngineHR_Hydra/src/GCode.o
                0x08011930                printVector
 .text.printExecutionPtrXYZ
                0x080119a8       0xb0 VisualGDB/Debug_EngineHR_Hydra/src/GCode.o
                0x080119a8                printExecutionPtrXYZ
 .text.G_Code_G0_0
                0x08011a58       0x40 VisualGDB/Debug_EngineHR_Hydra/src/GCode.o
                0x08011a58                G_Code_G0_0
 .text.checkG0JogArgumentsOkay
                0x08011a98      0x438 VisualGDB/Debug_EngineHR_Hydra/src/GCode.o
                0x08011a98                checkG0JogArgumentsOkay
 .text.G_Code_G0_1
                0x08011ed0       0x34 VisualGDB/Debug_EngineHR_Hydra/src/GCode.o
                0x08011ed0                G_Code_G0_1
 .text.G_Code_G0_2
                0x08011f04       0x3e VisualGDB/Debug_EngineHR_Hydra/src/GCode.o
                0x08011f04                G_Code_G0_2
 .text.G_Code_G0_3
                0x08011f42       0x3e VisualGDB/Debug_EngineHR_Hydra/src/GCode.o
                0x08011f42                G_Code_G0_3
 .text.G_Code_G0
                0x08011f80       0x58 VisualGDB/Debug_EngineHR_Hydra/src/GCode.o
                0x08011f80                G_Code_G0
 .text.G_Code_G1_0
                0x08011fd8       0x18 VisualGDB/Debug_EngineHR_Hydra/src/GCode.o
                0x08011fd8                G_Code_G1_0
 .text.G_Code_G1_1
                0x08011ff0      0x42c VisualGDB/Debug_EngineHR_Hydra/src/GCode.o
                0x08011ff0                G_Code_G1_1
 .text.G_Code_G1
                0x0801241c       0x3c VisualGDB/Debug_EngineHR_Hydra/src/GCode.o
                0x0801241c                G_Code_G1
 .text.ExecuteArcPointMove
                0x08012458      0x384 VisualGDB/Debug_EngineHR_Hydra/src/GCode.o
                0x08012458                ExecuteArcPointMove
 .text.ExecuteG2G3PointMove
                0x080127dc      0x3f4 VisualGDB/Debug_EngineHR_Hydra/src/GCode.o
                0x080127dc                ExecuteG2G3PointMove
 .text.sendZBackToSpiralStartPosition
                0x08012bd0       0x58 VisualGDB/Debug_EngineHR_Hydra/src/GCode.o
                0x08012bd0                sendZBackToSpiralStartPosition
 .text.checkG2G3Errors
                0x08012c28      0x4a8 VisualGDB/Debug_EngineHR_Hydra/src/GCode.o
                0x08012c28                checkG2G3Errors
 .text.ProcessG2_3G3_3Command
                0x080130d0      0xfb4 VisualGDB/Debug_EngineHR_Hydra/src/GCode.o
                0x080130d0                ProcessG2_3G3_3Command
 .text.ProcessG2_2G3_2Command
                0x08014084      0x7bc VisualGDB/Debug_EngineHR_Hydra/src/GCode.o
                0x08014084                ProcessG2_2G3_2Command
 .text.ProcessG2_1G3_1Command
                0x08014840      0x92c VisualGDB/Debug_EngineHR_Hydra/src/GCode.o
                0x08014840                ProcessG2_1G3_1Command
 .text.frogToeCircle
                0x0801516c      0x1f4 VisualGDB/Debug_EngineHR_Hydra/src/GCode.o
                0x0801516c                frogToeCircle
 .text.ProcessG2G3Command
                0x08015360      0x76c VisualGDB/Debug_EngineHR_Hydra/src/GCode.o
                0x08015360                ProcessG2G3Command
 .text.G_Code_G2
                0x08015acc       0x78 VisualGDB/Debug_EngineHR_Hydra/src/GCode.o
                0x08015acc                G_Code_G2
 .text.G_Code_G3
                0x08015b44       0x78 VisualGDB/Debug_EngineHR_Hydra/src/GCode.o
                0x08015b44                G_Code_G3
 .text.G_Code_G4
                0x08015bbc       0x9c VisualGDB/Debug_EngineHR_Hydra/src/GCode.o
                0x08015bbc                G_Code_G4
 .text.setUpBoringCycle
                0x08015c58      0x14c VisualGDB/Debug_EngineHR_Hydra/src/GCode.o
                0x08015c58                setUpBoringCycle
 .text.G_Code_G12
                0x08015da4      0x464 VisualGDB/Debug_EngineHR_Hydra/src/GCode.o
                0x08015da4                G_Code_G12
 .text.G_Code_G13
                0x08016208      0x464 VisualGDB/Debug_EngineHR_Hydra/src/GCode.o
                0x08016208                G_Code_G13
 *fill*         0x0801666c        0x4 
 .text.setupArcMove
                0x08016670      0x2b4 VisualGDB/Debug_EngineHR_Hydra/src/GCode.o
                0x08016670                setupArcMove
 .text.StartFinalReturnToCenterArc
                0x08016924       0xcc VisualGDB/Debug_EngineHR_Hydra/src/GCode.o
                0x08016924                StartFinalReturnToCenterArc
 .text.StartMainFinishCircle
                0x080169f0       0xbc VisualGDB/Debug_EngineHR_Hydra/src/GCode.o
                0x080169f0                StartMainFinishCircle
 .text.StartMainFinishCircleSpiral
                0x08016aac        0xe VisualGDB/Debug_EngineHR_Hydra/src/GCode.o
                0x08016aac                StartMainFinishCircleSpiral
 *fill*         0x08016aba        0x2 
 .text.startMainRoughCircle
                0x08016abc      0x190 VisualGDB/Debug_EngineHR_Hydra/src/GCode.o
                0x08016abc                startMainRoughCircle
 .text.StartNextArcForPocketMill
                0x08016c4c        0xe VisualGDB/Debug_EngineHR_Hydra/src/GCode.o
                0x08016c4c                StartNextArcForPocketMill
 *fill*         0x08016c5a        0x2 
 .text.G_Code_G16
                0x08016c5c       0x20 VisualGDB/Debug_EngineHR_Hydra/src/GCode.o
                0x08016c5c                G_Code_G16
 .text.G_Code_G17
                0x08016c7c       0x20 VisualGDB/Debug_EngineHR_Hydra/src/GCode.o
                0x08016c7c                G_Code_G17
 .text.G_Code_G18
                0x08016c9c       0x20 VisualGDB/Debug_EngineHR_Hydra/src/GCode.o
                0x08016c9c                G_Code_G18
 .text.G_Code_G19
                0x08016cbc       0x20 VisualGDB/Debug_EngineHR_Hydra/src/GCode.o
                0x08016cbc                G_Code_G19
 .text.G_Code_G20
                0x08016cdc       0x30 VisualGDB/Debug_EngineHR_Hydra/src/GCode.o
                0x08016cdc                G_Code_G20
 .text.G_Code_G21
                0x08016d0c       0x28 VisualGDB/Debug_EngineHR_Hydra/src/GCode.o
                0x08016d0c                G_Code_G21
 .text.G_Code_G28_0
                0x08016d34       0x30 VisualGDB/Debug_EngineHR_Hydra/src/GCode.o
                0x08016d34                G_Code_G28_0
 .text.G_Code_G28_1
                0x08016d64      0x264 VisualGDB/Debug_EngineHR_Hydra/src/GCode.o
                0x08016d64                G_Code_G28_1
 .text.G_Code_G28
                0x08016fc8       0x3c VisualGDB/Debug_EngineHR_Hydra/src/GCode.o
                0x08016fc8                G_Code_G28
 .text.G_Code_G928
                0x08017004       0xe4 VisualGDB/Debug_EngineHR_Hydra/src/GCode.o
                0x08017004                G_Code_G928
 .text.G_Code_G29
                0x080170e8        0xe VisualGDB/Debug_EngineHR_Hydra/src/GCode.o
                0x080170e8                G_Code_G29
 *fill*         0x080170f6        0x2 
 .text.startProbingMove
                0x080170f8       0x54 VisualGDB/Debug_EngineHR_Hydra/src/GCode.o
                0x080170f8                startProbingMove
 .text.G_Code_G38
                0x0801714c      0x1f8 VisualGDB/Debug_EngineHR_Hydra/src/GCode.o
                0x0801714c                G_Code_G38
 .text.G_Code_G53
                0x08017344       0x18 VisualGDB/Debug_EngineHR_Hydra/src/GCode.o
                0x08017344                G_Code_G53
 .text.G_Code_G54
                0x0801735c       0x1c VisualGDB/Debug_EngineHR_Hydra/src/GCode.o
                0x0801735c                G_Code_G54
 .text.G_Code_G55
                0x08017378       0x1c VisualGDB/Debug_EngineHR_Hydra/src/GCode.o
                0x08017378                G_Code_G55
 .text.G_Code_G56
                0x08017394       0x1c VisualGDB/Debug_EngineHR_Hydra/src/GCode.o
                0x08017394                G_Code_G56
 .text.G_Code_G57
                0x080173b0       0x1c VisualGDB/Debug_EngineHR_Hydra/src/GCode.o
                0x080173b0                G_Code_G57
 .text.G_Code_G58
                0x080173cc       0x1c VisualGDB/Debug_EngineHR_Hydra/src/GCode.o
                0x080173cc                G_Code_G58
 .text.G_Code_G59
                0x080173e8       0x1c VisualGDB/Debug_EngineHR_Hydra/src/GCode.o
                0x080173e8                G_Code_G59
 .text.SetFixtureOffset
                0x08017404       0x64 VisualGDB/Debug_EngineHR_Hydra/src/GCode.o
                0x08017404                SetFixtureOffset
 .text.G_Code_G70
                0x08017468       0x18 VisualGDB/Debug_EngineHR_Hydra/src/GCode.o
                0x08017468                G_Code_G70
 .text.G_Code_G71
                0x08017480       0x18 VisualGDB/Debug_EngineHR_Hydra/src/GCode.o
                0x08017480                G_Code_G71
 .text.G_Code_G73
                0x08017498       0x1c VisualGDB/Debug_EngineHR_Hydra/src/GCode.o
                0x08017498                G_Code_G73
 .text.G_Code_G74
                0x080174b4       0x18 VisualGDB/Debug_EngineHR_Hydra/src/GCode.o
                0x080174b4                G_Code_G74
 .text.G_Code_G76
                0x080174cc       0x18 VisualGDB/Debug_EngineHR_Hydra/src/GCode.o
                0x080174cc                G_Code_G76
 .text.G_Code_G77
                0x080174e4       0x18 VisualGDB/Debug_EngineHR_Hydra/src/GCode.o
                0x080174e4                G_Code_G77
 .text.KillCannedCycle
                0x080174fc       0x9c VisualGDB/Debug_EngineHR_Hydra/src/GCode.o
                0x080174fc                KillCannedCycle
 .text.G_Code_G80
                0x08017598        0xc VisualGDB/Debug_EngineHR_Hydra/src/GCode.o
                0x08017598                G_Code_G80
 .text.setupDrillCycleParameters
                0x080175a4      0x2a4 VisualGDB/Debug_EngineHR_Hydra/src/GCode.o
                0x080175a4                setupDrillCycleParameters
 .text.validateThreadPitch
                0x08017848       0x58 VisualGDB/Debug_EngineHR_Hydra/src/GCode.o
                0x08017848                validateThreadPitch
 .text.setupDrillTapCannedCycleVersion1
                0x080178a0      0x254 VisualGDB/Debug_EngineHR_Hydra/src/GCode.o
                0x080178a0                setupDrillTapCannedCycleVersion1
 .text.setupDrillTapCannedCycleVersion0
                0x08017af4      0x29c VisualGDB/Debug_EngineHR_Hydra/src/GCode.o
                0x08017af4                setupDrillTapCannedCycleVersion0
 .text.setupDrillTapCannedCycle
                0x08017d90      0x170 VisualGDB/Debug_EngineHR_Hydra/src/GCode.o
                0x08017d90                setupDrillTapCannedCycle
 .text.G_Code_G81
                0x08017f00       0x1c VisualGDB/Debug_EngineHR_Hydra/src/GCode.o
                0x08017f00                G_Code_G81
 .text.G_Code_G82
                0x08017f1c       0x1c VisualGDB/Debug_EngineHR_Hydra/src/GCode.o
                0x08017f1c                G_Code_G82
 .text.G_Code_G83
                0x08017f38       0x1c VisualGDB/Debug_EngineHR_Hydra/src/GCode.o
                0x08017f38                G_Code_G83
 .text.G_Code_G84
                0x08017f54       0x1c VisualGDB/Debug_EngineHR_Hydra/src/GCode.o
                0x08017f54                G_Code_G84
 .text.G_Code_G85
                0x08017f70       0x18 VisualGDB/Debug_EngineHR_Hydra/src/GCode.o
                0x08017f70                G_Code_G85
 .text.G_Code_G90
                0x08017f88       0x18 VisualGDB/Debug_EngineHR_Hydra/src/GCode.o
                0x08017f88                G_Code_G90
 .text.G_Code_G91
                0x08017fa0       0x18 VisualGDB/Debug_EngineHR_Hydra/src/GCode.o
                0x08017fa0                G_Code_G91
 .text.G_Code_G92
                0x08017fb8      0x134 VisualGDB/Debug_EngineHR_Hydra/src/GCode.o
                0x08017fb8                G_Code_G92
 .text.G_Code_G93
                0x080180ec        0xc VisualGDB/Debug_EngineHR_Hydra/src/GCode.o
                0x080180ec                G_Code_G93
 .text.G_Code_G214
                0x080180f8       0x14 VisualGDB/Debug_EngineHR_Hydra/src/GCode.o
                0x080180f8                G_Code_G214
 .text.G_Code_G215
                0x0801810c       0x14 VisualGDB/Debug_EngineHR_Hydra/src/GCode.o
                0x0801810c                G_Code_G215
 .text.initCylStruct
                0x08018120       0x1e VisualGDB/Debug_EngineHR_Hydra/src/GCode.o
                0x08018120                initCylStruct
 *fill*         0x0801813e        0x2 
 .text.G702_getMoveVector
                0x08018140      0x234 VisualGDB/Debug_EngineHR_Hydra/src/GCode.o
                0x08018140                G702_getMoveVector
 .text.makeOdd  0x08018374       0x3e VisualGDB/Debug_EngineHR_Hydra/src/GCode.o
                0x08018374                makeOdd
 *fill*         0x080183b2        0x2 
 .text.determineCircumferenceBasedOnZ
                0x080183b4       0x44 VisualGDB/Debug_EngineHR_Hydra/src/GCode.o
                0x080183b4                determineCircumferenceBasedOnZ
 .text.loadExecutionPtrGXYZRotE
                0x080183f8      0x190 VisualGDB/Debug_EngineHR_Hydra/src/GCode.o
                0x080183f8                loadExecutionPtrGXYZRotE
 .text.ProcessG702CylinderPrint
                0x08018588      0x348 VisualGDB/Debug_EngineHR_Hydra/src/GCode.o
                0x08018588                ProcessG702CylinderPrint
 .text.G_Code_G702_1
                0x080188d0      0x170 VisualGDB/Debug_EngineHR_Hydra/src/GCode.o
                0x080188d0                G_Code_G702_1
 .text.cylChangeDir
                0x08018a40       0x30 VisualGDB/Debug_EngineHR_Hydra/src/GCode.o
                0x08018a40                cylChangeDir
 .text.G_Code_G702_0
                0x08018a70      0xdb4 VisualGDB/Debug_EngineHR_Hydra/src/GCode.o
                0x08018a70                G_Code_G702_0
 .text.G_Code_G702
                0x08019824       0x4c VisualGDB/Debug_EngineHR_Hydra/src/GCode.o
                0x08019824                G_Code_G702
 .text.NVIC_EnableIRQ
                0x08019870       0x34 VisualGDB/Debug_EngineHR_Hydra/src/HardwareInit.o
 .text.InitGPIO
                0x080198a4       0x68 VisualGDB/Debug_EngineHR_Hydra/src/HardwareInit.o
                0x080198a4                InitGPIO
 .text.InitUSART3
                0x0801990c       0x5c VisualGDB/Debug_EngineHR_Hydra/src/HardwareInit.o
                0x0801990c                InitUSART3
 .text.InitUSART6
                0x08019968       0x5c VisualGDB/Debug_EngineHR_Hydra/src/HardwareInit.o
                0x08019968                InitUSART6
 .text.InitAllUARTS
                0x080199c4       0x1e VisualGDB/Debug_EngineHR_Hydra/src/HardwareInit.o
                0x080199c4                InitAllUARTS
 *fill*         0x080199e2        0x2 
 .text.CAN_Config
                0x080199e4      0x100 VisualGDB/Debug_EngineHR_Hydra/src/HardwareInit.o
                0x080199e4                CAN_Config
 .text.InitMotorTimer
                0x08019ae4      0x228 VisualGDB/Debug_EngineHR_Hydra/src/HardwareInit.o
                0x08019ae4                InitMotorTimer
 .text.InitTimer1
                0x08019d0c       0x74 VisualGDB/Debug_EngineHR_Hydra/src/HardwareInit.o
                0x08019d0c                InitTimer1
 .text.InitTim3RpmInput
                0x08019d80       0x94 VisualGDB/Debug_EngineHR_Hydra/src/HardwareInit.o
                0x08019d80                InitTim3RpmInput
 .text.ConfigureTimer4PwmOutputsFor0_10V
                0x08019e14       0xa4 VisualGDB/Debug_EngineHR_Hydra/src/HardwareInit.o
                0x08019e14                ConfigureTimer4PwmOutputsFor0_10V
 .text.InitEncoderTimer5
                0x08019eb8       0x94 VisualGDB/Debug_EngineHR_Hydra/src/HardwareInit.o
                0x08019eb8                InitEncoderTimer5
 .text.enableLatheMode
                0x08019f4c       0xc4 VisualGDB/Debug_EngineHR_Hydra/src/HardwareInit.o
                0x08019f4c                enableLatheMode
 .text.disableLatheMode
                0x0801a010       0x48 VisualGDB/Debug_EngineHR_Hydra/src/HardwareInit.o
                0x0801a010                disableLatheMode
 .text.InitTimer6
                0x0801a058       0x74 VisualGDB/Debug_EngineHR_Hydra/src/HardwareInit.o
                0x0801a058                InitTimer6
 .text.InitTimer7
                0x0801a0cc       0x78 VisualGDB/Debug_EngineHR_Hydra/src/HardwareInit.o
                0x0801a0cc                InitTimer7
 .text.SetCO2LaserPwmFrequency
                0x0801a144       0x94 VisualGDB/Debug_EngineHR_Hydra/src/HardwareInit.o
                0x0801a144                SetCO2LaserPwmFrequency
 .text.InitTimer8
                0x0801a1d8       0x98 VisualGDB/Debug_EngineHR_Hydra/src/HardwareInit.o
                0x0801a1d8                InitTimer8
 .text.DeInitLaser
                0x0801a270       0x5c VisualGDB/Debug_EngineHR_Hydra/src/HardwareInit.o
                0x0801a270                DeInitLaser
 .text.InitLaser
                0x0801a2cc      0x13c VisualGDB/Debug_EngineHR_Hydra/src/HardwareInit.o
                0x0801a2cc                InitLaser
 .text.initializeSpindleStruct
                0x0801a408       0x34 VisualGDB/Debug_EngineHR_Hydra/src/HardwareInit.o
                0x0801a408                initializeSpindleStruct
 .text.initializeInkjetStruct
                0x0801a43c       0x24 VisualGDB/Debug_EngineHR_Hydra/src/HardwareInit.o
                0x0801a43c                initializeInkjetStruct
 .text.initializeLaserStruct
                0x0801a460      0x16c VisualGDB/Debug_EngineHR_Hydra/src/HardwareInit.o
                0x0801a460                initializeLaserStruct
 .text.setFlasherVarPtr
                0x0801a5cc      0x398 VisualGDB/Debug_EngineHR_Hydra/src/HardwareInit.o
                0x0801a5cc                setFlasherVarPtr
 .text.InitGlobals
                0x0801a964      0x150 VisualGDB/Debug_EngineHR_Hydra/src/HardwareInit.o
                0x0801a964                InitGlobals
 .text.getDeviceInitPtr
                0x0801aab4       0x54 VisualGDB/Debug_EngineHR_Hydra/src/headSetup.o
                0x0801aab4                getDeviceInitPtr
 .text.deviceTypeToString
                0x0801ab08       0x58 VisualGDB/Debug_EngineHR_Hydra/src/headSetup.o
                0x0801ab08                deviceTypeToString
 .text.deviceTypeIsADiodeLaser
                0x0801ab60       0x30 VisualGDB/Debug_EngineHR_Hydra/src/headSetup.o
                0x0801ab60                deviceTypeIsADiodeLaser
 .text.deviceTypeIsACO2Laser
                0x0801ab90       0x30 VisualGDB/Debug_EngineHR_Hydra/src/headSetup.o
                0x0801ab90                deviceTypeIsACO2Laser
 .text.devType2DevFamily
                0x0801abc0       0x48 VisualGDB/Debug_EngineHR_Hydra/src/headSetup.o
                0x0801abc0                devType2DevFamily
 .text.deviceSubtypeToString
                0x0801ac08      0x128 VisualGDB/Debug_EngineHR_Hydra/src/headSetup.o
                0x0801ac08                deviceSubtypeToString
 .text.devicePcbToString
                0x0801ad30       0x60 VisualGDB/Debug_EngineHR_Hydra/src/headSetup.o
                0x0801ad30                devicePcbToString
 .text.deviceRtdToString
                0x0801ad90       0x60 VisualGDB/Debug_EngineHR_Hydra/src/headSetup.o
                0x0801ad90                deviceRtdToString
 .text.softwareCodebaseToString
                0x0801adf0       0x60 VisualGDB/Debug_EngineHR_Hydra/src/headSetup.o
                0x0801adf0                softwareCodebaseToString
 .text.softwareCompileTargetToStringOLD
                0x0801ae50       0x78 VisualGDB/Debug_EngineHR_Hydra/src/headSetup.o
                0x0801ae50                softwareCompileTargetToStringOLD
 .text.softwareCompileTargetToString
                0x0801aec8       0x74 VisualGDB/Debug_EngineHR_Hydra/src/headSetup.o
                0x0801aec8                softwareCompileTargetToString
 .text.initSendSwitchFlagsAndMask
                0x0801af3c      0x320 VisualGDB/Debug_EngineHR_Hydra/src/headSetup.o
                0x0801af3c                initSendSwitchFlagsAndMask
 .text.initSendDefaultSwitchParams
                0x0801b25c       0xe6 VisualGDB/Debug_EngineHR_Hydra/src/headSetup.o
                0x0801b25c                initSendDefaultSwitchParams
 *fill*         0x0801b342        0x2 
 .text.initDeviceFromDeviceTypeInitTable
                0x0801b344      0x1b8 VisualGDB/Debug_EngineHR_Hydra/src/headSetup.o
                0x0801b344                initDeviceFromDeviceTypeInitTable
 .text.sendControlRegisterBit
                0x0801b4fc       0x82 VisualGDB/Debug_EngineHR_Hydra/src/Hydra_can.o
                0x0801b4fc                sendControlRegisterBit
 .text.sendSetRegisterBit
                0x0801b57e       0x1e VisualGDB/Debug_EngineHR_Hydra/src/Hydra_can.o
                0x0801b57e                sendSetRegisterBit
 .text.sendSetSwResetBit
                0x0801b59c       0x1e VisualGDB/Debug_EngineHR_Hydra/src/Hydra_can.o
                0x0801b59c                sendSetSwResetBit
 .text.sendSetGlobalSyncBit
                0x0801b5ba       0x1e VisualGDB/Debug_EngineHR_Hydra/src/Hydra_can.o
                0x0801b5ba                sendSetGlobalSyncBit
 .text.sendSetStopExtruderBit
                0x0801b5d8       0x1e VisualGDB/Debug_EngineHR_Hydra/src/Hydra_can.o
                0x0801b5d8                sendSetStopExtruderBit