Archive member included to satisfy reference by file (symbol)

C:/sysgcc/arm-eabi/bin/../lib/gcc/arm-none-eabi/15.2.1/../../../../arm-none-eabi/lib/thumb/v7e-m+fp/hard\libm.a(libm_a-w_acos.o)
                              VisualGDB/X10_Release/src/GCode.o (acos)
C:/sysgcc/arm-eabi/bin/../lib/gcc/arm-none-eabi/15.2.1/../../../../arm-none-eabi/lib/thumb/v7e-m+fp/hard\libm.a(libm_a-s_cos.o)
                              VisualGDB/X10_Release/src/GCode.o (cos)
C:/sysgcc/arm-eabi/bin/../lib/gcc/arm-none-eabi/15.2.1/../../../../arm-none-eabi/lib/thumb/v7e-m+fp/hard\libm.a(libm_a-s_fabs.o)
                              C:/sysgcc/arm-eabi/bin/../lib/gcc/arm-none-eabi/15.2.1/../../../../arm-none-eabi/lib/thumb/v7e-m+fp/hard\libm.a(libm_a-w_acos.o) (fabs)
C:/sysgcc/arm-eabi/bin/../lib/gcc/arm-none-eabi/15.2.1/../../../../arm-none-eabi/lib/thumb/v7e-m+fp/hard\libm.a(libm_a-s_sin.o)
                              VisualGDB/X10_Release/src/GCode.o (sin)
C:/sysgcc/arm-eabi/bin/../lib/gcc/arm-none-eabi/15.2.1/../../../../arm-none-eabi/lib/thumb/v7e-m+fp/hard\libm.a(libm_a-s_tan.o)
                              VisualGDB/X10_Release/src/GCode.o (tan)
C:/sysgcc/arm-eabi/bin/../lib/gcc/arm-none-eabi/15.2.1/../../../../arm-none-eabi/lib/thumb/v7e-m+fp/hard\libm.a(libm_a-wf_acos.o)
                              VisualGDB/X10_Release/src/GCode.o (acosf)
C:/sysgcc/arm-eabi/bin/../lib/gcc/arm-none-eabi/15.2.1/../../../../arm-none-eabi/lib/thumb/v7e-m+fp/hard\libm.a(libm_a-wf_atan2.o)
                              VisualGDB/X10_Release/src/GCode.o (atan2f)
C:/sysgcc/arm-eabi/bin/../lib/gcc/arm-none-eabi/15.2.1/../../../../arm-none-eabi/lib/thumb/v7e-m+fp/hard\libm.a(libm_a-wf_fmod.o)
                              VisualGDB/X10_Release/src/GCode.o (fmodf)
C:/sysgcc/arm-eabi/bin/../lib/gcc/arm-none-eabi/15.2.1/../../../../arm-none-eabi/lib/thumb/v7e-m+fp/hard\libm.a(libm_a-wf_pow.o)
                              VisualGDB/X10_Release/main.o (powf)
C:/sysgcc/arm-eabi/bin/../lib/gcc/arm-none-eabi/15.2.1/../../../../arm-none-eabi/lib/thumb/v7e-m+fp/hard\libm.a(libm_a-sf_cos.o)
                              VisualGDB/X10_Release/src/GCode.o (cosf)
C:/sysgcc/arm-eabi/bin/../lib/gcc/arm-none-eabi/15.2.1/../../../../arm-none-eabi/lib/thumb/v7e-m+fp/hard\libm.a(libm_a-sf_fabs.o)
                              C:/sysgcc/arm-eabi/bin/../lib/gcc/arm-none-eabi/15.2.1/../../../../arm-none-eabi/lib/thumb/v7e-m+fp/hard\libm.a(libm_a-wf_acos.o) (fabsf)
C:/sysgcc/arm-eabi/bin/../lib/gcc/arm-none-eabi/15.2.1/../../../../arm-none-eabi/lib/thumb/v7e-m+fp/hard\libm.a(libm_a-sf_sin.o)
                              VisualGDB/X10_Release/src/GCode.o (sinf)
C:/sysgcc/arm-eabi/bin/../lib/gcc/arm-none-eabi/15.2.1/../../../../arm-none-eabi/lib/thumb/v7e-m+fp/hard\libm.a(libm_a-s_nan.o)
                              C:/sysgcc/arm-eabi/bin/../lib/gcc/arm-none-eabi/15.2.1/../../../../arm-none-eabi/lib/thumb/v7e-m+fp/hard\libm.a(libm_a-w_acos.o) (nan)
C:/sysgcc/arm-eabi/bin/../lib/gcc/arm-none-eabi/15.2.1/../../../../arm-none-eabi/lib/thumb/v7e-m+fp/hard\libm.a(libm_a-sf_finite.o)
                              C:/sysgcc/arm-eabi/bin/../lib/gcc/arm-none-eabi/15.2.1/../../../../arm-none-eabi/lib/thumb/v7e-m+fp/hard\libm.a(libm_a-wf_pow.o) (finitef)
C:/sysgcc/arm-eabi/bin/../lib/gcc/arm-none-eabi/15.2.1/../../../../arm-none-eabi/lib/thumb/v7e-m+fp/hard\libm.a(libm_a-sf_nan.o)
                              C:/sysgcc/arm-eabi/bin/../lib/gcc/arm-none-eabi/15.2.1/../../../../arm-none-eabi/lib/thumb/v7e-m+fp/hard\libm.a(libm_a-wf_acos.o) (nanf)
C:/sysgcc/arm-eabi/bin/../lib/gcc/arm-none-eabi/15.2.1/../../../../arm-none-eabi/lib/thumb/v7e-m+fp/hard\libm.a(libm_a-sf_fmax.o)
                              VisualGDB/X10_Release/main.o (fmaxf)
C:/sysgcc/arm-eabi/bin/../lib/gcc/arm-none-eabi/15.2.1/../../../../arm-none-eabi/lib/thumb/v7e-m+fp/hard\libm.a(libm_a-sf_fmin.o)
                              VisualGDB/X10_Release/src/MCode.o (fminf)
C:/sysgcc/arm-eabi/bin/../lib/gcc/arm-none-eabi/15.2.1/../../../../arm-none-eabi/lib/thumb/v7e-m+fp/hard\libm.a(libm_a-sf_fpclassify.o)
                              C:/sysgcc/arm-eabi/bin/../lib/gcc/arm-none-eabi/15.2.1/../../../../arm-none-eabi/lib/thumb/v7e-m+fp/hard\libm.a(libm_a-sf_fmax.o) (__fpclassifyf)
C:/sysgcc/arm-eabi/bin/../lib/gcc/arm-none-eabi/15.2.1/../../../../arm-none-eabi/lib/thumb/v7e-m+fp/hard\libm.a(libm_a-s_round.o)
                              VisualGDB/X10_Release/src/MCode.o (round)
C:/sysgcc/arm-eabi/bin/../lib/gcc/arm-none-eabi/15.2.1/../../../../arm-none-eabi/lib/thumb/v7e-m+fp/hard\libm.a(libm_a-sf_round.o)
                              VisualGDB/X10_Release/src/GCode.o (roundf)
C:/sysgcc/arm-eabi/bin/../lib/gcc/arm-none-eabi/15.2.1/../../../../arm-none-eabi/lib/thumb/v7e-m+fp/hard\libm.a(libm_a-k_cos.o)
                              C:/sysgcc/arm-eabi/bin/../lib/gcc/arm-none-eabi/15.2.1/../../../../arm-none-eabi/lib/thumb/v7e-m+fp/hard\libm.a(libm_a-s_cos.o) (__kernel_cos)
[...]
Memory Configuration

Name             Origin             Length             Attributes
rom              0x08000000         0x00100000         xr
ram              0x20000000         0x00020000         xrw
*default*        0x00000000         0xffffffff

Linker script and memory map

LOAD C:/sysgcc/arm-eabi/bin/../lib/gcc/arm-none-eabi/15.2.1/thumb/v7e-m+fp/hard/crti.o
LOAD C:/sysgcc/arm-eabi/bin/../lib/gcc/arm-none-eabi/15.2.1/thumb/v7e-m+fp/hard/crtbegin.o
LOAD C:/sysgcc/arm-eabi/bin/../lib/gcc/arm-none-eabi/15.2.1/../../../../arm-none-eabi/lib/thumb/v7e-m+fp/hard/crt0.o
START GROUP
LOAD VisualGDB/X10_Release/cmsis_boot/startup/startup_stm32f4xx.o
LOAD VisualGDB/X10_Release/cmsis_boot/system_stm32f4xx.o
LOAD VisualGDB/X10_Release/cmsis_lib/src/stm32f4xx_adc.o
LOAD VisualGDB/X10_Release/cmsis_lib/src/stm32f4xx_can.o
LOAD VisualGDB/X10_Release/cmsis_lib/src/stm32f4xx_dac.o
LOAD VisualGDB/X10_Release/cmsis_lib/src/stm32f4xx_dma.o
LOAD VisualGDB/X10_Release/cmsis_lib/src/stm32f4xx_exti.o
LOAD VisualGDB/X10_Release/cmsis_lib/src/stm32f4xx_flash.o
LOAD VisualGDB/X10_Release/cmsis_lib/src/stm32f4xx_fsmc.o
LOAD VisualGDB/X10_Release/cmsis_lib/src/stm32f4xx_gpio.o
LOAD VisualGDB/X10_Release/cmsis_lib/src/stm32f4xx_i2c.o
LOAD VisualGDB/X10_Release/cmsis_lib/src/stm32f4xx_it.o
LOAD VisualGDB/X10_Release/cmsis_lib/src/stm32f4xx_iwdg.o
LOAD VisualGDB/X10_Release/cmsis_lib/src/stm32f4xx_misc.o
LOAD VisualGDB/X10_Release/cmsis_lib/src/stm32f4xx_pwr.o
LOAD VisualGDB/X10_Release/cmsis_lib/src/stm32f4xx_rcc.o
LOAD VisualGDB/X10_Release/cmsis_lib/src/stm32f4xx_rtc.o
LOAD VisualGDB/X10_Release/cmsis_lib/src/stm32f4xx_sdio.o
LOAD VisualGDB/X10_Release/cmsis_lib/src/stm32f4xx_spi.o
LOAD VisualGDB/X10_Release/cmsis_lib/src/stm32f4xx_syscfg.o
LOAD VisualGDB/X10_Release/cmsis_lib/src/stm32f4xx_tim.o
LOAD VisualGDB/X10_Release/cmsis_lib/src/stm32f4xx_usart.o
LOAD VisualGDB/X10_Release/common/lcd/controllers/ili9341.o
LOAD VisualGDB/X10_Release/common/lcd/controllers/ssd1306.o
LOAD VisualGDB/X10_Release/common/lcd/controllers/st7735.o
LOAD VisualGDB/X10_Release/common/lcd/fonts/font12.o
LOAD VisualGDB/X10_Release/common/lcd/fonts/font16.o
LOAD VisualGDB/X10_Release/common/lcd/fonts/font20.o
LOAD VisualGDB/X10_Release/common/lcd/fonts/font20_14.o
LOAD VisualGDB/X10_Release/common/lcd/fonts/font22.o
LOAD VisualGDB/X10_Release/common/lcd/fonts/font24.o
LOAD VisualGDB/X10_Release/common/lcd/fonts/font8.o
LOAD VisualGDB/X10_Release/common/lcd/lcd.o
LOAD VisualGDB/X10_Release/common/src/gui.o
LOAD VisualGDB/X10_Release/common/src/hyrel_can.o
LOAD VisualGDB/X10_Release/common/src/pins.o
LOAD VisualGDB/X10_Release/common/src/util.o
LOAD VisualGDB/X10_Release/display/colortables.o
LOAD VisualGDB/X10_Release/display/display.o
LOAD VisualGDB/X10_Release/display/DisplayList.o
LOAD VisualGDB/X10_Release/display/gui.o
LOAD VisualGDB/X10_Release/display/lcdspi_4xx.o
LOAD VisualGDB/X10_Release/display/st7789.o
LOAD VisualGDB/X10_Release/main.o
LOAD VisualGDB/X10_Release/src/adc.o
LOAD VisualGDB/X10_Release/src/adc_table.o
LOAD VisualGDB/X10_Release/src/bootloader.o
LOAD VisualGDB/X10_Release/src/cruftyCode.o
LOAD VisualGDB/X10_Release/src/diags.o
LOAD VisualGDB/X10_Release/src/display.o
LOAD VisualGDB/X10_Release/src/GCode.o
LOAD VisualGDB/X10_Release/src/HardwareInit.o
LOAD VisualGDB/X10_Release/src/headSetup.o
LOAD VisualGDB/X10_Release/src/Hydra_can.o
LOAD VisualGDB/X10_Release/src/mailbox.o
LOAD VisualGDB/X10_Release/src/MCode.o
LOAD VisualGDB/X10_Release/src/MotorDrivers.o
LOAD VisualGDB/X10_Release/src/pinInit.o
LOAD VisualGDB/X10_Release/src/pnp.o
LOAD VisualGDB/X10_Release/src/Serial.o
LOAD VisualGDB/X10_Release/sysmem.o
LOAD VisualGDB/X10_Release/usb_lib/src/usbd_cdc_core.o
LOAD VisualGDB/X10_Release/usb_lib/src/usbd_cdc_vcp.o
LOAD VisualGDB/X10_Release/usb_lib/src/usbd_core.o
LOAD VisualGDB/X10_Release/usb_lib/src/usbd_desc.o
LOAD VisualGDB/X10_Release/usb_lib/src/usbd_ioreq.o
LOAD VisualGDB/X10_Release/usb_lib/src/usbd_req.o
LOAD VisualGDB/X10_Release/usb_lib/src/usbd_usr.o
LOAD VisualGDB/X10_Release/usb_lib/src/usb_bsp.o
LOAD VisualGDB/X10_Release/usb_lib/src/usb_core.o
LOAD VisualGDB/X10_Release/usb_lib/src/usb_dcd.o
LOAD VisualGDB/X10_Release/usb_lib/src/usb_dcd_int.o
END GROUP
LOAD C:/sysgcc/arm-eabi/bin/../lib/gcc/arm-none-eabi/15.2.1/../../../../arm-none-eabi/lib/thumb/v7e-m+fp/hard\libstdc++_nano.a
LOAD C:/sysgcc/arm-eabi/bin/../lib/gcc/arm-none-eabi/15.2.1/../../../../arm-none-eabi/lib/thumb/v7e-m+fp/hard\libm.a
START GROUP
LOAD C:/sysgcc/arm-eabi/bin/../lib/gcc/arm-none-eabi/15.2.1/thumb/v7e-m+fp/hard\libgcc.a
LOAD C:/sysgcc/arm-eabi/bin/../lib/gcc/arm-none-eabi/15.2.1/../../../../arm-none-eabi/lib/thumb/v7e-m+fp/hard\libc_nano.a
END GROUP
START GROUP
LOAD C:/sysgcc/arm-eabi/bin/../lib/gcc/arm-none-eabi/15.2.1/thumb/v7e-m+fp/hard\libgcc.a
LOAD C:/sysgcc/arm-eabi/bin/../lib/gcc/arm-none-eabi/15.2.1/../../../../arm-none-eabi/lib/thumb/v7e-m+fp/hard\libc_nano.a
LOAD C:/sysgcc/arm-eabi/bin/../lib/gcc/arm-none-eabi/15.2.1/../../../../arm-none-eabi/lib/thumb/v7e-m+fp/hard\libnosys.a
END GROUP
START GROUP
LOAD C:/sysgcc/arm-eabi/bin/../lib/gcc/arm-none-eabi/15.2.1/thumb/v7e-m+fp/hard\libgcc.a
LOAD C:/sysgcc/arm-eabi/bin/../lib/gcc/arm-none-eabi/15.2.1/../../../../arm-none-eabi/lib/thumb/v7e-m+fp/hard\libc_nano.a
LOAD C:/sysgcc/arm-eabi/bin/../lib/gcc/arm-none-eabi/15.2.1/../../../../arm-none-eabi/lib/thumb/v7e-m+fp/hard\libnosys.a
END GROUP
LOAD C:/sysgcc/arm-eabi/bin/../lib/gcc/arm-none-eabi/15.2.1/thumb/v7e-m+fp/hard/crtend.o
LOAD C:/sysgcc/arm-eabi/bin/../lib/gcc/arm-none-eabi/15.2.1/thumb/v7e-m+fp/hard/crtn.o
                0x20020000                        _eram = 0x20020000

.text           0x08000000    0x4d950
 *(.isr_vector .isr_vector.*)
 .isr_vector    0x08000000      0x188 VisualGDB/X10_Release/cmsis_boot/startup/startup_stm32f4xx.o
                0x08000000                g_pfnVectors
 *(.text .text.* .gnu.linkonce.t.*)
 .text.Default_Handler
                0x08000188       0x14 VisualGDB/X10_Release/cmsis_boot/startup/startup_stm32f4xx.o
                0x08000188                RTC_Alarm_IRQHandler
                0x08000188                HASH_RNG_IRQHandler
                0x08000188                TIM8_CC_IRQHandler
                0x08000188                TIM1_CC_IRQHandler
                0x08000188                DMA2_Stream5_IRQHandler
                0x08000188                DMA1_Stream5_IRQHandler
                0x08000188                PVD_IRQHandler
                0x08000188                SDIO_IRQHandler
                0x08000188                TAMP_STAMP_IRQHandler
                0x08000188                CAN2_RX1_IRQHandler
                0x08000188                I2C3_ER_IRQHandler
                0x08000188                I2C2_EV_IRQHandler
                0x08000188                DMA1_Stream2_IRQHandler
                0x08000188                CAN1_RX0_IRQHandler
                0x08000188                FPU_IRQHandler
                0x08000188                OTG_HS_WKUP_IRQHandler
                0x08000188                CAN2_SCE_IRQHandler
                0x08000188                DMA2_Stream2_IRQHandler
                0x08000188                SPI1_IRQHandler
                0x08000188                DCMI_IRQHandler
                0x08000188                CAN2_RX0_IRQHandler
                0x08000188                DMA2_Stream3_IRQHandler
                0x08000188                CRYP_IRQHandler
                0x08000188                CAN1_RX1_IRQHandler
                0x08000188                UART5_IRQHandler
                0x08000188                DMA2_Stream0_IRQHandler
                0x08000188                I2C1_EV_IRQHandler
                0x08000188                DMA1_Stream6_IRQHandler
                0x08000188                DMA1_Stream1_IRQHandler
                0x08000188                RCC_IRQHandler
                0x08000188                ADC_IRQHandler
                0x08000188                DMA1_Stream7_IRQHandler
                0x08000188                CAN2_TX_IRQHandler
                0x08000188                DMA2_Stream7_IRQHandler
                0x08000188                I2C3_EV_IRQHandler
                0x08000188                RTC_WKUP_IRQHandler
                0x08000188                ETH_WKUP_IRQHandler
                0x08000188                SPI2_IRQHandler
                0x08000188                OTG_HS_EP1_IN_IRQHandler
                0x08000188                DMA1_Stream0_IRQHandler
                0x08000188                CAN1_TX_IRQHandler
                0x08000188                FSMC_IRQHandler
                0x08000188                ETH_IRQHandler
                0x08000188                OTG_HS_EP1_OUT_IRQHandler
                0x08000188                WWDG_IRQHandler
                0x08000188                OTG_HS_IRQHandler
                0x08000188                USART2_IRQHandler
                0x08000188                I2C2_ER_IRQHandler
                0x08000188                DMA2_Stream1_IRQHandler
                0x08000188                CAN1_SCE_IRQHandler
                0x08000188                FLASH_IRQHandler
                0x08000188                DMA2_Stream4_IRQHandler
                0x08000188                USART1_IRQHandler
                0x08000188                SPI3_IRQHandler
                0x08000188                DMA1_Stream4_IRQHandler
                0x08000188                I2C1_ER_IRQHandler
                0x08000188                DMA2_Stream6_IRQHandler
                0x08000188                DMA1_Stream3_IRQHandler
 .text.SystemInit
                0x0800019c       0x6c VisualGDB/X10_Release/cmsis_boot/system_stm32f4xx.o
                0x0800019c                SystemInit
 .text.SetSysClock
                0x08000208      0x100 VisualGDB/X10_Release/cmsis_boot/system_stm32f4xx.o
 .text.ADC_DeInit
                0x08000308       0x1c VisualGDB/X10_Release/cmsis_lib/src/stm32f4xx_adc.o
                0x08000308                ADC_DeInit
 .text.ADC_Init
                0x08000324       0xa8 VisualGDB/X10_Release/cmsis_lib/src/stm32f4xx_adc.o
                0x08000324                ADC_Init
 .text.ADC_CommonInit
                0x080003cc       0x50 VisualGDB/X10_Release/cmsis_lib/src/stm32f4xx_adc.o
                0x080003cc                ADC_CommonInit
 .text.ADC_Cmd  0x0800041c       0x36 VisualGDB/X10_Release/cmsis_lib/src/stm32f4xx_adc.o
                0x0800041c                ADC_Cmd
 .text.ADC_RegularChannelConfig
                0x08000452      0x192 VisualGDB/X10_Release/cmsis_lib/src/stm32f4xx_adc.o
                0x08000452                ADC_RegularChannelConfig
 .text.ADC_SoftwareStartConv
                0x080005e4       0x1e VisualGDB/X10_Release/cmsis_lib/src/stm32f4xx_adc.o
                0x080005e4                ADC_SoftwareStartConv
 .text.ADC_DMACmd
                0x08000602       0x36 VisualGDB/X10_Release/cmsis_lib/src/stm32f4xx_adc.o
                0x08000602                ADC_DMACmd
 .text.ADC_DMARequestAfterLastTransferCmd
                0x08000638       0x36 VisualGDB/X10_Release/cmsis_lib/src/stm32f4xx_adc.o
                0x08000638                ADC_DMARequestAfterLastTransferCmd
 .text.CAN_Init
                0x0800066e      0x1a0 VisualGDB/X10_Release/cmsis_lib/src/stm32f4xx_can.o
                0x0800066e                CAN_Init
 *fill*         0x0800080e        0x2 
 .text.CAN_FilterInit
                0x08000810      0x184 VisualGDB/X10_Release/cmsis_lib/src/stm32f4xx_can.o
                0x08000810                CAN_FilterInit
 .text.CAN_StructInit
                0x08000994       0x54 VisualGDB/X10_Release/cmsis_lib/src/stm32f4xx_can.o
                0x08000994                CAN_StructInit
 .text.DMA_Init
                0x080009e8       0xac VisualGDB/X10_Release/cmsis_lib/src/stm32f4xx_dma.o
                0x080009e8                DMA_Init
 .text.DMA_Cmd  0x08000a94       0x36 VisualGDB/X10_Release/cmsis_lib/src/stm32f4xx_dma.o
                0x08000a94                DMA_Cmd
 *fill*         0x08000aca        0x2 
 .text.EXTI_DeInit
                0x08000acc       0x34 VisualGDB/X10_Release/cmsis_lib/src/stm32f4xx_exti.o
                0x08000acc                EXTI_DeInit
 .text.EXTI_Init
                0x08000b00       0xe4 VisualGDB/X10_Release/cmsis_lib/src/stm32f4xx_exti.o
                0x08000b00                EXTI_Init
 .text.EXTI_GetITStatus
                0x08000be4       0x48 VisualGDB/X10_Release/cmsis_lib/src/stm32f4xx_exti.o
                0x08000be4                EXTI_GetITStatus
 .text.EXTI_ClearITPendingBit
                0x08000c2c       0x1c VisualGDB/X10_Release/cmsis_lib/src/stm32f4xx_exti.o
                0x08000c2c                EXTI_ClearITPendingBit
 .text.FLASH_Unlock
                0x08000c48       0x2c VisualGDB/X10_Release/cmsis_lib/src/stm32f4xx_flash.o
                0x08000c48                FLASH_Unlock
 .text.FLASH_Lock
                0x08000c74       0x1c VisualGDB/X10_Release/cmsis_lib/src/stm32f4xx_flash.o
                0x08000c74                FLASH_Lock
 .text.FLASH_EraseSector
                0x08000c90       0xc0 VisualGDB/X10_Release/cmsis_lib/src/stm32f4xx_flash.o
                0x08000c90                FLASH_EraseSector
 .text.FLASH_ProgramWord
                0x08000d50       0x68 VisualGDB/X10_Release/cmsis_lib/src/stm32f4xx_flash.o
                0x08000d50                FLASH_ProgramWord
 .text.FLASH_ProgramByte
                0x08000db8       0x68 VisualGDB/X10_Release/cmsis_lib/src/stm32f4xx_flash.o
                0x08000db8                FLASH_ProgramByte
 .text.FLASH_GetStatus
                0x08000e20       0x68 VisualGDB/X10_Release/cmsis_lib/src/stm32f4xx_flash.o
                0x08000e20                FLASH_GetStatus
 .text.FLASH_WaitForLastOperation
                0x08000e88       0x30 VisualGDB/X10_Release/cmsis_lib/src/stm32f4xx_flash.o
                0x08000e88                FLASH_WaitForLastOperation
 .text.GPIO_Init
                0x08000eb8      0x11c VisualGDB/X10_Release/cmsis_lib/src/stm32f4xx_gpio.o
                0x08000eb8                GPIO_Init
 .text.GPIO_ReadInputDataBit
                0x08000fd4       0x32 VisualGDB/X10_Release/cmsis_lib/src/stm32f4xx_gpio.o
                0x08000fd4                GPIO_ReadInputDataBit
 .text.GPIO_PinAFConfig
                0x08001006       0x90 VisualGDB/X10_Release/cmsis_lib/src/stm32f4xx_gpio.o
                0x08001006                GPIO_PinAFConfig
 *fill*         0x08001096        0x2 
 .text.NMI_Handler
                0x08001098       0x14 VisualGDB/X10_Release/cmsis_lib/src/stm32f4xx_it.o
                0x08001098                NMI_Handler
 .text.HardFault_Handler
                0x080010ac       0x14 VisualGDB/X10_Release/cmsis_lib/src/stm32f4xx_it.o
                0x080010ac                HardFault_Handler
 .text.MemManage_Handler
                0x080010c0       0x14 VisualGDB/X10_Release/cmsis_lib/src/stm32f4xx_it.o
                0x080010c0                MemManage_Handler
 .text.BusFault_Handler
                0x080010d4       0x14 VisualGDB/X10_Release/cmsis_lib/src/stm32f4xx_it.o
                0x080010d4                BusFault_Handler
 .text.UsageFault_Handler
                0x080010e8       0x14 VisualGDB/X10_Release/cmsis_lib/src/stm32f4xx_it.o
                0x080010e8                UsageFault_Handler
 .text.SVC_Handler
                0x080010fc       0x14 VisualGDB/X10_Release/cmsis_lib/src/stm32f4xx_it.o
                0x080010fc                SVC_Handler
 .text.DebugMon_Handler
                0x08001110        0xc VisualGDB/X10_Release/cmsis_lib/src/stm32f4xx_it.o
                0x08001110                DebugMon_Handler
 .text.PendSV_Handler
                0x0800111c        0xc VisualGDB/X10_Release/cmsis_lib/src/stm32f4xx_it.o
                0x0800111c                PendSV_Handler
 .text.IWDG_ReloadCounter
                0x08001128       0x18 VisualGDB/X10_Release/cmsis_lib/src/stm32f4xx_iwdg.o
                0x08001128                IWDG_ReloadCounter
 .text.NVIC_PriorityGroupConfig
                0x08001140       0x24 VisualGDB/X10_Release/cmsis_lib/src/stm32f4xx_misc.o
                0x08001140                NVIC_PriorityGroupConfig
 .text.NVIC_Init
                0x08001164       0xcc VisualGDB/X10_Release/cmsis_lib/src/stm32f4xx_misc.o
                0x08001164                NVIC_Init
 .text.NVIC_SetVectorTable
                0x08001230       0x2c VisualGDB/X10_Release/cmsis_lib/src/stm32f4xx_misc.o
                0x08001230                NVIC_SetVectorTable
 .text.RCC_GetClocksFreq
                0x0800125c      0x15c VisualGDB/X10_Release/cmsis_lib/src/stm32f4xx_rcc.o
                0x0800125c                RCC_GetClocksFreq
 .text.RCC_AHB1PeriphClockCmd
                0x080013b8       0x3c VisualGDB/X10_Release/cmsis_lib/src/stm32f4xx_rcc.o
                0x080013b8                RCC_AHB1PeriphClockCmd
 .text.RCC_APB1PeriphClockCmd
                0x080013f4       0x3c VisualGDB/X10_Release/cmsis_lib/src/stm32f4xx_rcc.o
                0x080013f4                RCC_APB1PeriphClockCmd
 .text.RCC_APB1PeriphResetCmd
                0x08001430       0x3c VisualGDB/X10_Release/cmsis_lib/src/stm32f4xx_rcc.o
                0x08001430                RCC_APB1PeriphResetCmd
 .text.RCC_APB2PeriphResetCmd
                0x0800146c       0x3c VisualGDB/X10_Release/cmsis_lib/src/stm32f4xx_rcc.o
                0x0800146c                RCC_APB2PeriphResetCmd
 .text.RCC_GetFlagStatus
                0x080014a8       0x74 VisualGDB/X10_Release/cmsis_lib/src/stm32f4xx_rcc.o
                0x080014a8                RCC_GetFlagStatus
 .text.RCC_ClearFlag
                0x0800151c       0x1c VisualGDB/X10_Release/cmsis_lib/src/stm32f4xx_rcc.o
                0x0800151c                RCC_ClearFlag
 .text.SPI_Init
                0x08001538       0x86 VisualGDB/X10_Release/cmsis_lib/src/stm32f4xx_spi.o
                0x08001538                SPI_Init
 .text.SPI_StructInit
                0x080015be       0x48 VisualGDB/X10_Release/cmsis_lib/src/stm32f4xx_spi.o
                0x080015be                SPI_StructInit
 .text.SPI_Cmd  0x08001606       0x3e VisualGDB/X10_Release/cmsis_lib/src/stm32f4xx_spi.o
                0x08001606                SPI_Cmd
 .text.SYSCFG_EXTILineConfig
                0x08001644       0x80 VisualGDB/X10_Release/cmsis_lib/src/stm32f4xx_syscfg.o
                0x08001644                SYSCFG_EXTILineConfig
 .text.TIM_TimeBaseInit
                0x080016c4       0xd4 VisualGDB/X10_Release/cmsis_lib/src/stm32f4xx_tim.o
                0x080016c4                TIM_TimeBaseInit
 .text.TIM_TimeBaseStructInit
                0x08001798       0x32 VisualGDB/X10_Release/cmsis_lib/src/stm32f4xx_tim.o
                0x08001798                TIM_TimeBaseStructInit
 .text.TIM_UpdateRequestConfig
                0x080017ca       0x3e VisualGDB/X10_Release/cmsis_lib/src/stm32f4xx_tim.o
                0x080017ca                TIM_UpdateRequestConfig
 .text.TIM_ARRPreloadConfig
                0x08001808       0x3e VisualGDB/X10_Release/cmsis_lib/src/stm32f4xx_tim.o
                0x08001808                TIM_ARRPreloadConfig
 .text.TIM_Cmd  0x08001846       0x3e VisualGDB/X10_Release/cmsis_lib/src/stm32f4xx_tim.o
                0x08001846                TIM_Cmd
 .text.TIM_OC2Init
                0x08001884      0x110 VisualGDB/X10_Release/cmsis_lib/src/stm32f4xx_tim.o
                0x08001884                TIM_OC2Init
 .text.TIM_OC3Init
                0x08001994      0x10c VisualGDB/X10_Release/cmsis_lib/src/stm32f4xx_tim.o
                0x08001994                TIM_OC3Init
 .text.TIM_OC4Init
                0x08001aa0       0xcc VisualGDB/X10_Release/cmsis_lib/src/stm32f4xx_tim.o
                0x08001aa0                TIM_OC4Init
 .text.TIM_OCStructInit
                0x08001b6c       0x42 VisualGDB/X10_Release/cmsis_lib/src/stm32f4xx_tim.o
                0x08001b6c                TIM_OCStructInit
 .text.TIM_OC2PreloadConfig
                0x08001bae       0x3a VisualGDB/X10_Release/cmsis_lib/src/stm32f4xx_tim.o
                0x08001bae                TIM_OC2PreloadConfig
 .text.TIM_OC3PreloadConfig
                0x08001be8       0x36 VisualGDB/X10_Release/cmsis_lib/src/stm32f4xx_tim.o
                0x08001be8                TIM_OC3PreloadConfig
 .text.TIM_OC4PreloadConfig
                0x08001c1e       0x3a VisualGDB/X10_Release/cmsis_lib/src/stm32f4xx_tim.o
                0x08001c1e                TIM_OC4PreloadConfig
 .text.TIM_GetCapture4
                0x08001c58       0x16 VisualGDB/X10_Release/cmsis_lib/src/stm32f4xx_tim.o
                0x08001c58                TIM_GetCapture4
 .text.TIM_CtrlPWMOutputs
                0x08001c6e       0x4a VisualGDB/X10_Release/cmsis_lib/src/stm32f4xx_tim.o
                0x08001c6e                TIM_CtrlPWMOutputs
 .text.TIM_ITConfig
                0x08001cb8       0x46 VisualGDB/X10_Release/cmsis_lib/src/stm32f4xx_tim.o
                0x08001cb8                TIM_ITConfig
 .text.TIM_GetITStatus
                0x08001cfe       0x52 VisualGDB/X10_Release/cmsis_lib/src/stm32f4xx_tim.o
                0x08001cfe                TIM_GetITStatus
 .text.TIM_ClearITPendingBit
                0x08001d50       0x20 VisualGDB/X10_Release/cmsis_lib/src/stm32f4xx_tim.o
                0x08001d50                TIM_ClearITPendingBit
 .text.TIM_ETRClockMode1Config
                0x08001d70       0x5e VisualGDB/X10_Release/cmsis_lib/src/stm32f4xx_tim.o
                0x08001d70                TIM_ETRClockMode1Config
 .text.TIM_ETRConfig
                0x08001dce       0x52 VisualGDB/X10_Release/cmsis_lib/src/stm32f4xx_tim.o
                0x08001dce                TIM_ETRConfig
 .text.TIM_EncoderInterfaceConfig
                0x08001e20       0x96 VisualGDB/X10_Release/cmsis_lib/src/stm32f4xx_tim.o
                0x08001e20                TIM_EncoderInterfaceConfig
 *fill*         0x08001eb6        0x2 
 .text.USART_Init
                0x08001eb8      0x174 VisualGDB/X10_Release/cmsis_lib/src/stm32f4xx_usart.o
                0x08001eb8                USART_Init
 .text.USART_Cmd
                0x0800202c       0x3e VisualGDB/X10_Release/cmsis_lib/src/stm32f4xx_usart.o
                0x0800202c                USART_Cmd
 .text.USART_ITConfig
                0x0800206a       0x8e VisualGDB/X10_Release/cmsis_lib/src/stm32f4xx_usart.o
                0x0800206a                USART_ITConfig
 .text.USART_GetFlagStatus
                0x080020f8       0x36 VisualGDB/X10_Release/cmsis_lib/src/stm32f4xx_usart.o
                0x080020f8                USART_GetFlagStatus
 .text.calculateChecksum32
                0x0800212e       0x4e VisualGDB/X10_Release/common/src/hyrel_can.o
                0x0800212e                calculateChecksum32
 .text.canIsValidAlias
                0x0800217c       0x70 VisualGDB/X10_Release/common/src/hyrel_can.o
                0x0800217c                canIsValidAlias
 .text.canMsgIdToNumBytes
                0x080021ec       0x9c VisualGDB/X10_Release/common/src/hyrel_can.o
                0x080021ec                canMsgIdToNumBytes
 .text.canCheckCanStruct
                0x08002288       0xb8 VisualGDB/X10_Release/common/src/hyrel_can.o
                0x08002288                canCheckCanStruct
 .text.canTransmitOpenMailbox
                0x08002340       0x42 VisualGDB/X10_Release/common/src/hyrel_can.o
                0x08002340                canTransmitOpenMailbox
 *fill*         0x08002382        0x2 
 .text.canTransmit
                0x08002384      0x1d8 VisualGDB/X10_Release/common/src/hyrel_can.o
                0x08002384                canTransmit
 .text.canTransmitSwPacket
                0x0800255c       0xb0 VisualGDB/X10_Release/common/src/hyrel_can.o
                0x0800255c                canTransmitSwPacket
 .text.updateTxQueueIndices
                0x0800260c       0x5c VisualGDB/X10_Release/common/src/hyrel_can.o
                0x0800260c                updateTxQueueIndices
 .text.checkForCanTransmitErrors
                0x08002668      0x11c VisualGDB/X10_Release/common/src/hyrel_can.o
                0x08002668                checkForCanTransmitErrors
 .text.canProcessTxQueue
                0x08002784      0x12c VisualGDB/X10_Release/common/src/hyrel_can.o
                0x08002784                canProcessTxQueue
 .text.canGetTxQueueNextInPtr
                0x080028b0       0x5c VisualGDB/X10_Release/common/src/hyrel_can.o
                0x080028b0                canGetTxQueueNextInPtr
 .text.canFillOutCanStruct
                0x0800290c       0x98 VisualGDB/X10_Release/common/src/hyrel_can.o
                0x0800290c                canFillOutCanStruct
 .text.canAddToTxQueue
                0x080029a4      0x19c VisualGDB/X10_Release/common/src/hyrel_can.o
                0x080029a4                canAddToTxQueue
 .text.WriteExtrusionCommandtoTxQue
                0x08002b40       0x48 VisualGDB/X10_Release/common/src/hyrel_can.o
                0x08002b40                WriteExtrusionCommandtoTxQue
 .text.canPackIntoTxQueue1x32
                0x08002b88       0x9a VisualGDB/X10_Release/common/src/hyrel_can.o
                0x08002b88                canPackIntoTxQueue1x32
 .text.canPackIntoTxQueue2x32
                0x08002c22       0x9a VisualGDB/X10_Release/common/src/hyrel_can.o
                0x08002c22                canPackIntoTxQueue2x32
 .text.canPackIntoTxQueue1x32_2x16
                0x08002cbc       0xa0 VisualGDB/X10_Release/common/src/hyrel_can.o
                0x08002cbc                canPackIntoTxQueue1x32_2x16
 .text.canPackIntoTxQueue1x16
                0x08002d5c       0xa6 VisualGDB/X10_Release/common/src/hyrel_can.o
                0x08002d5c                canPackIntoTxQueue1x16
 .text.canPackIntoTxQueue2x16
                0x08002e02       0xa6 VisualGDB/X10_Release/common/src/hyrel_can.o
                0x08002e02                canPackIntoTxQueue2x16
 .text.canPackIntoTxQueue3x16
                0x08002ea8       0xa6 VisualGDB/X10_Release/common/src/hyrel_can.o
                0x08002ea8                canPackIntoTxQueue3x16
 .text.canPackIntoTxQueue4x16
                0x08002f4e       0xa6 VisualGDB/X10_Release/common/src/hyrel_can.o
                0x08002f4e                canPackIntoTxQueue4x16
 .text.canPackIntoTxQueue1x8
                0x08002ff4       0x96 VisualGDB/X10_Release/common/src/hyrel_can.o
                0x08002ff4                canPackIntoTxQueue1x8
 .text.canPackIntoTxQueue8x8
                0x0800308a       0x9a VisualGDB/X10_Release/common/src/hyrel_can.o
                0x0800308a                canPackIntoTxQueue8x8
 .text.canPackIntoTxQueueNoData
                0x08003124       0x8e VisualGDB/X10_Release/common/src/hyrel_can.o
                0x08003124                canPackIntoTxQueueNoData
 .text.canGetMailboxData
                0x080031b2       0x34 VisualGDB/X10_Release/common/src/hyrel_can.o
                0x080031b2                canGetMailboxData
 .text.canMsgWaitingFifo0
                0x080031e6       0x26 VisualGDB/X10_Release/common/src/hyrel_can.o
                0x080031e6                canMsgWaitingFifo0
 .text.canMsgWaitingFifo1
                0x0800320c       0x26 VisualGDB/X10_Release/common/src/hyrel_can.o
                0x0800320c                canMsgWaitingFifo1
 .text.canReceiveFifo0
                0x08003232       0x40 VisualGDB/X10_Release/common/src/hyrel_can.o
                0x08003232                canReceiveFifo0
 .text.canReceiveFifo1
                0x08003272       0x40 VisualGDB/X10_Release/common/src/hyrel_can.o
                0x08003272                canReceiveFifo1
 *fill*         0x080032b2        0x2 
 .text.canAddToImmediateRxQueue
                0x080032b4       0xe0 VisualGDB/X10_Release/common/src/hyrel_can.o
                0x080032b4                canAddToImmediateRxQueue
 .text.canAddToRxQueue
                0x08003394      0x3e4 VisualGDB/X10_Release/common/src/hyrel_can.o
                0x08003394                canAddToRxQueue
 .text.canPrepNextRx
                0x08003778       0xd8 VisualGDB/X10_Release/common/src/hyrel_can.o
                0x08003778                canPrepNextRx
 .text.canReceiveString
                0x08003850       0x96 VisualGDB/X10_Release/common/src/hyrel_can.o
                0x08003850                canReceiveString
 .text.canProcessTxQueueNoReturn
                0x080038e6        0xc VisualGDB/X10_Release/common/src/hyrel_can.o
                0x080038e6                canProcessTxQueueNoReturn
 *fill*         0x080038f2        0x2 
 .text.pinExtractPortPtr
                0x080038f4       0xb8 VisualGDB/X10_Release/common/src/pins.o
                0x080038f4                pinExtractPortPtr
 .text.pinInit  0x080039ac       0xce VisualGDB/X10_Release/common/src/pins.o
                0x080039ac                pinInit
 .text.pinClear
                0x08003a7a       0x34 VisualGDB/X10_Release/common/src/pins.o
                0x08003a7a                pinClear
 .text.pinSet   0x08003aae       0x34 VisualGDB/X10_Release/common/src/pins.o
                0x08003aae                pinSet
 .text.pinWrite
                0x08003ae2       0x30 VisualGDB/X10_Release/common/src/pins.o
                0x08003ae2                pinWrite
 .text.pinRead  0x08003b12       0x36 VisualGDB/X10_Release/common/src/pins.o
                0x08003b12                pinRead
 .text.initClkAndResetAPB1
                0x08003b48       0x4c VisualGDB/X10_Release/common/src/util.o
                0x08003b48                initClkAndResetAPB1
 .text.initClkAndResetAPB2
                0x08003b94       0x4c VisualGDB/X10_Release/common/src/util.o
                0x08003b94                initClkAndResetAPB2
 .text.interruptSetupAndDisable
                0x08003be0       0x32 VisualGDB/X10_Release/common/src/util.o
                0x08003be0                interruptSetupAndDisable
 .text.interruptSetupAndEnable
                0x08003c12       0x32 VisualGDB/X10_Release/common/src/util.o
                0x08003c12                interruptSetupAndEnable
 .text.imin     0x08003c44       0x22 VisualGDB/X10_Release/common/src/util.o
                0x08003c44                imin
 .text.imax     0x08003c66       0x22 VisualGDB/X10_Release/common/src/util.o
                0x08003c66                imax
 .text.iFitWithinRange
                0x08003c88       0x30 VisualGDB/X10_Release/common/src/util.o
                0x08003c88                iFitWithinRange
 .text.fFitWithinRange
                0x08003cb8       0x50 VisualGDB/X10_Release/common/src/util.o
                0x08003cb8                fFitWithinRange
 .text.delayUsec
                0x08003d08       0x28 VisualGDB/X10_Release/common/src/util.o
                0x08003d08                delayUsec
 .text.delayMsec
                0x08003d30       0x2e VisualGDB/X10_Release/common/src/util.o
                0x08003d30                delayMsec
 .text.interruptsOff
                0x08003d5e       0x26 VisualGDB/X10_Release/common/src/util.o
                0x08003d5e                interruptsOff
 .text.interruptsOn
                0x08003d84       0x1c VisualGDB/X10_Release/common/src/util.o
                0x08003d84                interruptsOn
 .text.fpu_sqrtf
                0x08003da0       0x1c VisualGDB/X10_Release/common/src/util.o
                0x08003da0                fpu_sqrtf
 .text.getPidMethodStr
                0x08003dbc       0xd4 VisualGDB/X10_Release/common/src/util.o
                0x08003dbc                getPidMethodStr
 .text.WriteGuiBuffer
                0x08003e90       0x24 VisualGDB/X10_Release/display/display.o
                0x08003e90                WriteGuiBuffer
 .text.Format_Int32
                0x08003eb4       0x78 VisualGDB/X10_Release/display/display.o
                0x08003eb4                Format_Int32
 .text.Format_Int16
                0x08003f2c       0x78 VisualGDB/X10_Release/display/display.o
                0x08003f2c                Format_Int16
 .text.Format_Hex8
                0x08003fa4       0x78 VisualGDB/X10_Release/display/display.o
                0x08003fa4                Format_Hex8
 .text.Format_Hex16
                0x0800401c       0x78 VisualGDB/X10_Release/display/display.o
                0x0800401c                Format_Hex16
 .text.Format_Hex32
                0x08004094       0x78 VisualGDB/X10_Release/display/display.o
                0x08004094                Format_Hex32
 .text.Format_Title
                0x0800410c       0x44 VisualGDB/X10_Release/display/display.o
                0x0800410c                Format_Title
 .text.Format_Ascii
                0x08004150       0x74 VisualGDB/X10_Release/display/display.o
                0x08004150                Format_Ascii
 .text.Format_Float3_3
                0x080041c4       0x80 VisualGDB/X10_Release/display/display.o
                0x080041c4                Format_Float3_3
 .text.Format_Float_QueVar
                0x08004244       0x18 VisualGDB/X10_Release/display/display.o
                0x08004244                Format_Float_QueVar
 .text.Format_MemoryDumpAscii
                0x0800425c       0xdc VisualGDB/X10_Release/display/display.o
                0x0800425c                Format_MemoryDumpAscii
 .text.Format_MemoryDisplayAscii
                0x08004338       0xc0 VisualGDB/X10_Release/display/display.o
                0x08004338                Format_MemoryDisplayAscii
 .text.Format_MemoryDisplayAsciiHex
                0x080043f8       0xe8 VisualGDB/X10_Release/display/display.o
                0x080043f8                Format_MemoryDisplayAsciiHex
 .text.Format_MemoryDumpHex
                0x080044e0       0x9c VisualGDB/X10_Release/display/display.o
                0x080044e0                Format_MemoryDumpHex
 .text.Format_Boolean
                0x0800457c       0x88 VisualGDB/X10_Release/display/display.o
                0x0800457c                Format_Boolean
 *fill*         0x08004604        0x4 
 .text.Format_Bar_Dutty
                0x08004608      0x140 VisualGDB/X10_Release/display/display.o
                0x08004608                Format_Bar_Dutty
 .text.Format_Bar_Status
                0x08004748       0xc0 VisualGDB/X10_Release/display/display.o
                0x08004748                Format_Bar_Status
 .text.Format_Bar_Float
                0x08004808      0x138 VisualGDB/X10_Release/display/display.o
                0x08004808                Format_Bar_Float
 .text.Format_SoapStringWithIndex
                0x08004940      0x10c VisualGDB/X10_Release/display/display.o
                0x08004940                Format_SoapStringWithIndex
 .text.Format_MotorStatus
                0x08004a4c       0xb4 VisualGDB/X10_Release/display/display.o
                0x08004a4c                Format_MotorStatus
 .text.Format_CanPacket
                0x08004b00       0xe4 VisualGDB/X10_Release/display/display.o
                0x08004b00                Format_CanPacket
 .text.UpdateScreen
                0x08004be4      0x326 VisualGDB/X10_Release/display/display.o
                0x08004be4                UpdateScreen
 *fill*         0x08004f0a        0x2 
 .text.DisplayIndexIncrement
                0x08004f0c       0x28 VisualGDB/X10_Release/display/display.o
                0x08004f0c                DisplayIndexIncrement
 .text.DisplayIndexDecrement
                0x08004f34       0x28 VisualGDB/X10_Release/display/display.o
                0x08004f34                DisplayIndexDecrement
 .text.ResetGuiBuffer
                0x08004f5c       0x54 VisualGDB/X10_Release/display/gui.o
                0x08004f5c                ResetGuiBuffer
 .text.FillRect
                0x08004fb0       0x6c VisualGDB/X10_Release/display/gui.o
                0x08004fb0                FillRect
 .text.DrawChar
                0x0800501c       0xfc VisualGDB/X10_Release/display/gui.o
                0x0800501c                DrawChar
 .text.DrawString
                0x08005118       0x68 VisualGDB/X10_Release/display/gui.o
                0x08005118                DrawString
 .text.SetupMyLCD
                0x08005180      0x224 VisualGDB/X10_Release/display/lcdspi_4xx.o
                0x08005180                SetupMyLCD
 .text.LCD_SPI_Senddata
                0x080053a4       0xf0 VisualGDB/X10_Release/display/lcdspi_4xx.o
                0x080053a4                LCD_SPI_Senddata
 .text.ST7789_WriteCommand
                0x08005494       0x58 VisualGDB/X10_Release/display/st7789.o
                0x08005494                ST7789_WriteCommand
 .text.ST7789_WriteData_8bit
                0x080054ec       0x54 VisualGDB/X10_Release/display/st7789.o
                0x080054ec                ST7789_WriteData_8bit
 .text.ST7789_WriteData_16bit
                0x08005540       0x64 VisualGDB/X10_Release/display/st7789.o
                0x08005540                ST7789_WriteData_16bit
 .text.ST7789_WriteBuff
                0x080055a4       0x58 VisualGDB/X10_Release/display/st7789.o
                0x080055a4                ST7789_WriteBuff
 .text.ST7789_WriteReg
                0x080055fc       0x44 VisualGDB/X10_Release/display/st7789.o
                0x080055fc                ST7789_WriteReg
 .text.ST7789_DisplayOn
                0x08005640       0x1c VisualGDB/X10_Release/display/st7789.o
                0x08005640                ST7789_DisplayOn
 .text.ST7789_Init
                0x0800565c      0x208 VisualGDB/X10_Release/display/st7789.o
                0x0800565c                ST7789_Init
 .text.ST7789_SetAddress
                0x08005864       0x84 VisualGDB/X10_Release/display/st7789.o
                0x08005864                ST7789_SetAddress
 .text.Init_Display
                0x080058e8       0x68 VisualGDB/X10_Release/display/st7789.o
                0x080058e8                Init_Display
 .text.FillRGBRect
                0x08005950       0x6e VisualGDB/X10_Release/display/st7789.o
                0x08005950                FillRGBRect
 *fill*         0x080059be        0x2 
 .text.NVIC_SetPriority
                0x080059c0       0x54 VisualGDB/X10_Release/main.o
 .text.NVIC_SystemReset
                0x08005a14       0x2c VisualGDB/X10_Release/main.o
 .text.SysTick_Config
                0x08005a40       0x44 VisualGDB/X10_Release/main.o
 .text.initKey  0x08005a84       0x18 VisualGDB/X10_Release/main.o
                0x08005a84                initKey
 .text.TIM1_UP_TIM10_IRQHandler
                0x08005a9c      0x374 VisualGDB/X10_Release/main.o
                0x08005a9c                TIM1_UP_TIM10_IRQHandler
 .text.TIM1_BRK_TIM9_IRQHandler
                0x08005e10       0x3c VisualGDB/X10_Release/main.o
                0x08005e10                TIM1_BRK_TIM9_IRQHandler
 .text.TIM1_TRG_COM_TIM11_IRQHandler
                0x08005e4c       0x3c VisualGDB/X10_Release/main.o
                0x08005e4c                TIM1_TRG_COM_TIM11_IRQHandler
 .text.TIM2_IRQHandler
                0x08005e88       0x16 VisualGDB/X10_Release/main.o
                0x08005e88                TIM2_IRQHandler
 *fill*         0x08005e9e        0x2 
 .text.TIM3_IRQHandler
                0x08005ea0       0x24 VisualGDB/X10_Release/main.o
                0x08005ea0                TIM3_IRQHandler
 .text.TIM4_IRQHandler
                0x08005ec4       0x24 VisualGDB/X10_Release/main.o
                0x08005ec4                TIM4_IRQHandler
 .text.TIM5_IRQHandler
                0x08005ee8       0x44 VisualGDB/X10_Release/main.o
                0x08005ee8                TIM5_IRQHandler
 .text.TIM6_DAC_IRQHandler
                0x08005f2c       0xc4 VisualGDB/X10_Release/main.o
                0x08005f2c                TIM6_DAC_IRQHandler
 .text.TIM7_IRQHandler
                0x08005ff0       0x94 VisualGDB/X10_Release/main.o
                0x08005ff0                TIM7_IRQHandler
 .text.TIM8_BRK_TIM12_IRQHandler
                0x08006084       0x3c VisualGDB/X10_Release/main.o
                0x08006084                TIM8_BRK_TIM12_IRQHandler
 .text.TIM8_UP_TIM13_IRQHandler
                0x080060c0       0x3c VisualGDB/X10_Release/main.o
                0x080060c0                TIM8_UP_TIM13_IRQHandler
 .text.TIM8_TRG_COM_TIM14_IRQHandler
                0x080060fc       0x3c VisualGDB/X10_Release/main.o
                0x080060fc                TIM8_TRG_COM_TIM14_IRQHandler
 .text.USARTx_IRQHandler
                0x08006138       0xb0 VisualGDB/X10_Release/main.o
                0x08006138                USARTx_IRQHandler
 .text.UART4_IRQHandler
                0x080061e8       0x14 VisualGDB/X10_Release/main.o
                0x080061e8                UART4_IRQHandler
 .text.USART6_IRQHandler
                0x080061fc       0x14 VisualGDB/X10_Release/main.o
                0x080061fc                USART6_IRQHandler
 .text.DisableEXTI
                0x08006210       0x48 VisualGDB/X10_Release/main.o
                0x08006210                DisableEXTI
 .text.SetupEXTI
                0x08006258      0x398 VisualGDB/X10_Release/main.o
                0x08006258                SetupEXTI
 .text.setTouchPositionToCurrentPosition
                0x080065f0       0x44 VisualGDB/X10_Release/main.o
                0x080065f0                setTouchPositionToCurrentPosition
 .text.TouchProbeSendResults
                0x08006634      0x438 VisualGDB/X10_Release/main.o
                0x08006634                TouchProbeSendResults
 .text.TouchProbeFinished
                0x08006a6c       0xb4 VisualGDB/X10_Release/main.o
                0x08006a6c                TouchProbeFinished
 .text.TouchProbeProcessContact
                0x08006b20       0x1e VisualGDB/X10_Release/main.o
                0x08006b20                TouchProbeProcessContact
 *fill*         0x08006b3e        0x2 
 .text.EdgeTriggerDetected
                0x08006b40       0x2c VisualGDB/X10_Release/main.o
                0x08006b40                EdgeTriggerDetected
 .text.EdgeTriggerSendResults
                0x08006b6c       0x98 VisualGDB/X10_Release/main.o
                0x08006b6c                EdgeTriggerSendResults
 .text.Generic_EXTI_IRQHandler
                0x08006c04       0x5c VisualGDB/X10_Release/main.o
                0x08006c04                Generic_EXTI_IRQHandler
 .text.EXTI0_IRQHandler
                0x08006c60        0xc VisualGDB/X10_Release/main.o
                0x08006c60                EXTI0_IRQHandler
 .text.EXTI1_IRQHandler
                0x08006c6c        0xc VisualGDB/X10_Release/main.o
                0x08006c6c                EXTI1_IRQHandler
 .text.EXTI2_IRQHandler
                0x08006c78        0xc VisualGDB/X10_Release/main.o
                0x08006c78                EXTI2_IRQHandler
 .text.EXTI3_IRQHandler
                0x08006c84        0xc VisualGDB/X10_Release/main.o
                0x08006c84                EXTI3_IRQHandler
 .text.EXTI4_IRQHandler
                0x08006c90        0xc VisualGDB/X10_Release/main.o
                0x08006c90                EXTI4_IRQHandler
 .text.EXTI9_5_IRQHandler
                0x08006c9c        0xc VisualGDB/X10_Release/main.o
                0x08006c9c                EXTI9_5_IRQHandler
 .text.EXTI15_10_IRQHandler
                0x08006ca8        0xc VisualGDB/X10_Release/main.o
                0x08006ca8                EXTI15_10_IRQHandler
 .text.processEverySlice
                0x08006cb4       0xac VisualGDB/X10_Release/main.o
                0x08006cb4                processEverySlice
 .text.SysTick_Handler
                0x08006d60      0x138 VisualGDB/X10_Release/main.o
                0x08006d60                SysTick_Handler
 .text.Crash_Handler
                0x08006e98       0x24 VisualGDB/X10_Release/main.o
                0x08006e98                Crash_Handler
 .text.checkAndClearFlashStatus
                0x08006ebc       0x84 VisualGDB/X10_Release/main.o
                0x08006ebc                checkAndClearFlashStatus
 .text.protectedIncrement
                0x08006f40       0x2e VisualGDB/X10_Release/main.o
                0x08006f40                protectedIncrement
 .text.protectedDecrement
                0x08006f6e       0x2e VisualGDB/X10_Release/main.o
                0x08006f6e                protectedDecrement
 .text.catastrophicError
                0x08006f9c       0x28 VisualGDB/X10_Release/main.o
                0x08006f9c                catastrophicError
 .text.catastrophicErrorWithDebugInfo
                0x08006fc4      0x1a4 VisualGDB/X10_Release/main.o
                0x08006fc4                catastrophicErrorWithDebugInfo
 .text.wait100ns
                0x08007168       0x24 VisualGDB/X10_Release/main.o
                0x08007168                wait100ns
 .text.updateHssPwm
                0x0800718c       0x68 VisualGDB/X10_Release/main.o
                0x0800718c                updateHssPwm
 .text.changeHssDuty
                0x080071f4       0x3c VisualGDB/X10_Release/main.o
                0x080071f4                changeHssDuty
 .text.initHss  0x08007230       0x84 VisualGDB/X10_Release/main.o
                0x08007230                initHss
 .text.initAllHss
                0x080072b4       0xe0 VisualGDB/X10_Release/main.o
                0x080072b4                initAllHss
 .text.HssControl
                0x08007394       0x8c VisualGDB/X10_Release/main.o
                0x08007394                HssControl
 .text.DDLightSelection
                0x08007420      0x1c0 VisualGDB/X10_Release/main.o
                0x08007420                DDLightSelection
 .text.convertToolNumberToDevice
                0x080075e0       0x38 VisualGDB/X10_Release/main.o
                0x080075e0                convertToolNumberToDevice
 .text.CopyToEndOfLine
                0x08007618       0xac VisualGDB/X10_Release/main.o
                0x08007618                CopyToEndOfLine
 .text.processEndofCommandChar
                0x080076c4       0x68 VisualGDB/X10_Release/main.o
                0x080076c4                processEndofCommandChar
 .text.SplitCurrentGcodeLine2Arguments
                0x0800772c      0x6c0 VisualGDB/X10_Release/main.o
                0x0800772c                SplitCurrentGcodeLine2Arguments
 .text.CleanUpPointers
                0x08007dec       0x44 VisualGDB/X10_Release/main.o
                0x08007dec                CleanUpPointers
 .text.FillArgumentBuffer
                0x08007e30       0x40 VisualGDB/X10_Release/main.o
                0x08007e30                FillArgumentBuffer
 .text.processArgs
                0x08007e70       0x74 VisualGDB/X10_Release/main.o
                0x08007e70                processArgs
 .text.ResetGcodeParseBuffer
                0x08007ee4      0x12c VisualGDB/X10_Release/main.o
                0x08007ee4                ResetGcodeParseBuffer
 .text.cmdQueIsEmpty
                0x08008010       0x20 VisualGDB/X10_Release/main.o
                0x08008010                cmdQueIsEmpty
 .text.cmdQueIsFull
                0x08008030       0x20 VisualGDB/X10_Release/main.o
                0x08008030                cmdQueIsFull
 .text.printSerialInputStreamError
                0x08008050       0x54 VisualGDB/X10_Release/main.o
                0x08008050                printSerialInputStreamError
 .text.serialProcessor
                0x080080a4      0x160 VisualGDB/X10_Release/main.o
                0x080080a4                serialProcessor
 .text.InvalidateAllCmdArgs
                0x08008204       0xb8 VisualGDB/X10_Release/main.o
                0x08008204                InvalidateAllCmdArgs
 .text.CommandProcessor
                0x080082bc     0x2298 VisualGDB/X10_Release/main.o
                0x080082bc                CommandProcessor
 .text.EchoBackCommentString
                0x0800a554       0x3c VisualGDB/X10_Release/main.o
                0x0800a554                EchoBackCommentString
 .text.getNextCommandIndex
                0x0800a590       0x24 VisualGDB/X10_Release/main.o
                0x0800a590                getNextCommandIndex
 .text.getNextDeferredCommandIndex
                0x0800a5b4       0x24 VisualGDB/X10_Release/main.o
                0x0800a5b4                getNextDeferredCommandIndex
 .text.ContinueToNextStep
                0x0800a5d8       0x20 VisualGDB/X10_Release/main.o
                0x0800a5d8                ContinueToNextStep
 .text.AddCommandToQue
                0x0800a5f8       0xc0 VisualGDB/X10_Release/main.o
                0x0800a5f8                AddCommandToQue
 .text.resetVariableOnJobEnd
                0x0800a6b8       0xd8 VisualGDB/X10_Release/main.o
                0x0800a6b8                resetVariableOnJobEnd
 .text.initGCodeSequenceEngine
                0x0800a790      0x4e8 VisualGDB/X10_Release/main.o
                0x0800a790                initGCodeSequenceEngine
 .text.setDrillTapMotorArgs
                0x0800ac78       0xc0 VisualGDB/X10_Release/main.o
                0x0800ac78                setDrillTapMotorArgs
 .text.puff     0x0800ad38       0x18 VisualGDB/X10_Release/main.o
                0x0800ad38                puff
 .text.processCannedCycle
                0x0800ad50      0x488 VisualGDB/X10_Release/main.o
                0x0800ad50                processCannedCycle
 .text.deferredCmdQueueFull
                0x0800b1d8       0x20 VisualGDB/X10_Release/main.o
                0x0800b1d8                deferredCmdQueueFull
 .text.copyCmdQueEntryToDeferredCmdQue
                0x0800b1f8       0x94 VisualGDB/X10_Release/main.o
                0x0800b1f8                copyCmdQueEntryToDeferredCmdQue
 .text.processNextDeferredCommand
                0x0800b28c       0xe4 VisualGDB/X10_Release/main.o
                0x0800b28c                processNextDeferredCommand
 .text.checkForCompletedAbort
                0x0800b370      0x1a4 VisualGDB/X10_Release/main.o
                0x0800b370                checkForCompletedAbort
 .text.setPauseGcodeFlag
                0x0800b514       0x4c VisualGDB/X10_Release/main.o
                0x0800b514                setPauseGcodeFlag
 .text.ResetProcess
                0x0800b560      0x140 VisualGDB/X10_Release/main.o
                0x0800b560                ResetProcess
 .text.DwellTimer
                0x0800b6a0       0x24 VisualGDB/X10_Release/main.o
                0x0800b6a0                DwellTimer
 .text.updateHostConnectionWatchDog
                0x0800b6c4       0x30 VisualGDB/X10_Release/main.o
                0x0800b6c4                updateHostConnectionWatchDog
 .text.SequenceEngine
                0x0800b6f4      0x3a4 VisualGDB/X10_Release/main.o
                0x0800b6f4                SequenceEngine
 .text.processCommand
                0x0800ba98     0x17a0 VisualGDB/X10_Release/main.o
                0x0800ba98                processCommand
 .text.pingReply
                0x0800d238       0x2c VisualGDB/X10_Release/main.o
                0x0800d238                pingReply
 .text.getCurrentExecutingLineNumber
                0x0800d264       0x44 VisualGDB/X10_Release/main.o
                0x0800d264                getCurrentExecutingLineNumber
 .text.PWMCntrl
                0x0800d2a8       0xa4 VisualGDB/X10_Release/main.o
                0x0800d2a8                PWMCntrl
 .text.ReportXYZLocation
                0x0800d34c      0x2a4 VisualGDB/X10_Release/main.o
                0x0800d34c                ReportXYZLocation
 .text.ReportOsseoVariables
                0x0800d5f0      0x224 VisualGDB/X10_Release/main.o
                0x0800d5f0                ReportOsseoVariables
 .text.spare    0x0800d814        0xc VisualGDB/X10_Release/main.o
                0x0800d814                spare
 .text.ohNoMrBill
                0x0800d820        0xc VisualGDB/X10_Release/main.o
                0x0800d820                ohNoMrBill
 .text.heartbeat
                0x0800d82c       0x4c VisualGDB/X10_Release/main.o
                0x0800d82c                heartbeat
 .text.checkInWithHeads
                0x0800d878        0xe VisualGDB/X10_Release/main.o
                0x0800d878                checkInWithHeads
 *fill*         0x0800d886        0x2 
 .text.checkBlockingWaits
                0x0800d888      0x29c VisualGDB/X10_Release/main.o
                0x0800d888                checkBlockingWaits
 .text.loop_1000Hz_simple_work
                0x0800db24      0x15c VisualGDB/X10_Release/main.o
                0x0800db24                loop_1000Hz_simple_work
 .text.loop_100Hz_simple_work
                0x0800dc80      0x22c VisualGDB/X10_Release/main.o
                0x0800dc80                loop_100Hz_simple_work
 .text.loop_10Hz_simple_work
                0x0800deac       0x48 VisualGDB/X10_Release/main.o
                0x0800deac                loop_10Hz_simple_work
 .text.loop_1Hz_simple_work
                0x0800def4      0x12c VisualGDB/X10_Release/main.o
                0x0800def4                loop_1Hz_simple_work
 .text.almostTheSameByPct
                0x0800e020       0x48 VisualGDB/X10_Release/main.o
                0x0800e020                almostTheSameByPct
 .text.almostTheSameByDelta
                0x0800e068       0x40 VisualGDB/X10_Release/main.o
                0x0800e068                almostTheSameByDelta
 .text.notAlmostTheSameByDelta
                0x0800e0a8       0x48 VisualGDB/X10_Release/main.o
                0x0800e0a8                notAlmostTheSameByDelta
 .text.requireAllAxesToHome
                0x0800e0f0       0x60 VisualGDB/X10_Release/main.o
                0x0800e0f0                requireAllAxesToHome
 .text.assertControlBit
                0x0800e150       0x42 VisualGDB/X10_Release/main.o
                0x0800e150                assertControlBit
 .text.deassertControlBit
                0x0800e192       0x42 VisualGDB/X10_Release/main.o
                0x0800e192                deassertControlBit
 .text.readControlBitValue
                0x0800e1d4       0x28 VisualGDB/X10_Release/main.o
                0x0800e1d4                readControlBitValue
 .text.readControlBitState
                0x0800e1fc       0x54 VisualGDB/X10_Release/main.o
                0x0800e1fc                readControlBitState
 .text.outputDirectionBit
                0x0800e250       0x7c VisualGDB/X10_Release/main.o
                0x0800e250                outputDirectionBit
 .text.readDirectionBitValue
                0x0800e2cc       0x28 VisualGDB/X10_Release/main.o
                0x0800e2cc                readDirectionBitValue
 .text.readDirectionBitState
                0x0800e2f4       0x48 VisualGDB/X10_Release/main.o
                0x0800e2f4                readDirectionBitState
 .text.readSensorBitValue
                0x0800e33c       0x28 VisualGDB/X10_Release/main.o
                0x0800e33c                readSensorBitValue
 .text.readSensorBitState
                0x0800e364       0x54 VisualGDB/X10_Release/main.o
                0x0800e364                readSensorBitState
 .text.initSensor
                0x0800e3b8       0xc6 VisualGDB/X10_Release/main.o
                0x0800e3b8                initSensor
 .text.setSensorStateToUnknown
                0x0800e47e       0x38 VisualGDB/X10_Release/main.o
                0x0800e47e                setSensorStateToUnknown
 .text.updateSensorHistoryIfEnabledWithoutIrq
                0x0800e4b6       0x4a VisualGDB/X10_Release/main.o
                0x0800e4b6                updateSensorHistoryIfEnabledWithoutIrq
 .text.readDebouncedSensorState
                0x0800e500       0xd4 VisualGDB/X10_Release/main.o
                0x0800e500                readDebouncedSensorState
 .text.fastReadDebouncedSensorState
                0x0800e5d4       0x72 VisualGDB/X10_Release/main.o
                0x0800e5d4                fastReadDebouncedSensorState
 .text.setSensorEnable
                0x0800e646       0x2e VisualGDB/X10_Release/main.o
                0x0800e646                setSensorEnable
 .text.setSensorPolarityAndEnable
                0x0800e674       0x78 VisualGDB/X10_Release/main.o
                0x0800e674                setSensorPolarityAndEnable
 .text.checkStartButton
                0x0800e6ec       0x6c VisualGDB/X10_Release/main.o
                0x0800e6ec                checkStartButton
 .text.sendEmoMessage
                0x0800e758       0xa0 VisualGDB/X10_Release/main.o
                0x0800e758                sendEmoMessage
 .text.checkEMO
                0x0800e7f8       0xc4 VisualGDB/X10_Release/main.o
                0x0800e7f8                checkEMO
 .text.checkMotorFaultSensor
                0x0800e8bc       0x18 VisualGDB/X10_Release/main.o
                0x0800e8bc                checkMotorFaultSensor
 .text.checkMotorLimit1Sensor
                0x0800e8d4       0x18 VisualGDB/X10_Release/main.o
                0x0800e8d4                checkMotorLimit1Sensor
 .text.checkMotorLimit2Sensor
                0x0800e8ec       0x18 VisualGDB/X10_Release/main.o
                0x0800e8ec                checkMotorLimit2Sensor
 .text.readInputs
                0x0800e904       0xd8 VisualGDB/X10_Release/main.o
                0x0800e904                readInputs
 .text.InitializeFixtureOffsets
                0x0800e9dc       0x50 VisualGDB/X10_Release/main.o
                0x0800e9dc                InitializeFixtureOffsets
 .text.SetAxisHomePosition
                0x0800ea2c       0x58 VisualGDB/X10_Release/main.o
                0x0800ea2c                SetAxisHomePosition
 .text.SetAllAxisHomePosition
                0x0800ea84       0x54 VisualGDB/X10_Release/main.o
                0x0800ea84                SetAllAxisHomePosition
 .text.ProcessG28MultipassHoming
                0x0800ead8      0x3e0 VisualGDB/X10_Release/main.o
                0x0800ead8                ProcessG28MultipassHoming
 .text.sendAxisHomedStatus
                0x0800eeb8       0x60 VisualGDB/X10_Release/main.o
                0x0800eeb8                sendAxisHomedStatus
 .text.sendAllAxisHomedStatus
                0x0800ef18        0xc VisualGDB/X10_Release/main.o
                0x0800ef18                sendAllAxisHomedStatus
 .text.getUIDString
                0x0800ef24       0x84 VisualGDB/X10_Release/main.o
                0x0800ef24                getUIDString
 .text.validFirmwareKey
                0x0800efa8       0x16 VisualGDB/X10_Release/main.o
                0x0800efa8                validFirmwareKey
 *fill*         0x0800efbe        0x2 
 .text.sendFakeM687CompleteCode
                0x0800efc0       0x44 VisualGDB/X10_Release/main.o
                0x0800efc0                sendFakeM687CompleteCode
 .text.sendRevisionString
                0x0800f004      0x17c VisualGDB/X10_Release/main.o
                0x0800f004                sendRevisionString
 .text.rebootingFromCrash
                0x0800f180       0x28 VisualGDB/X10_Release/main.o
                0x0800f180                rebootingFromCrash
 .text.setResetSouceStr
                0x0800f1a8      0x260 VisualGDB/X10_Release/main.o
                0x0800f1a8                setResetSouceStr
 .text.Reset_Handler
                0x0800f408       0x80 VisualGDB/X10_Release/main.o
                0x0800f408                Reset_Handler
 .text.wiggleDebugIO
                0x0800f488       0x12 VisualGDB/X10_Release/main.o
                0x0800f488                wiggleDebugIO
 .text.executeAnySpecialDebugStartCode
                0x0800f49a        0xc VisualGDB/X10_Release/main.o
                0x0800f49a                executeAnySpecialDebugStartCode
 *fill*         0x0800f4a6        0x2 
 .text.main     0x0800f4a8      0x1c8 VisualGDB/X10_Release/main.o
                0x0800f4a8                main
 .text.Init_ADC
                0x0800f670      0x158 VisualGDB/X10_Release/src/adc.o
                0x0800f670                Init_ADC
 .text.Start_ADC
                0x0800f7c8       0x14 VisualGDB/X10_Release/src/adc.o
                0x0800f7c8                Start_ADC
 .text.SmoothDataUsingOlympicVotingAverage
                0x0800f7dc      0x158 VisualGDB/X10_Release/src/adc.o
                0x0800f7dc                SmoothDataUsingOlympicVotingAverage
 .text.ProcessRawADC_Data
                0x0800f934        0xc VisualGDB/X10_Release/src/adc.o
                0x0800f934                ProcessRawADC_Data
 .text.convertRtdDataFromRawADCValue
                0x0800f940      0x168 VisualGDB/X10_Release/src/adc_table.o
                0x0800f940                convertRtdDataFromRawADCValue
 .text.sendHexLineError
                0x0800faa8       0x40 VisualGDB/X10_Release/src/bootloader.o
                0x0800faa8                sendHexLineError
 .text.intelHexDecomposeLine
                0x0800fae8      0x440 VisualGDB/X10_Release/src/bootloader.o
                0x0800fae8                intelHexDecomposeLine
 .text.clearWorkingBufferForBootloader
                0x0800ff28       0x48 VisualGDB/X10_Release/src/bootloader.o
                0x0800ff28                clearWorkingBufferForBootloader
 .text.clearDeviceCodePages
                0x0800ff70      0x130 VisualGDB/X10_Release/src/bootloader.o
                0x0800ff70                clearDeviceCodePages
 .text.verifyDeviceCodeChecksum
                0x080100a0      0x10c VisualGDB/X10_Release/src/bootloader.o
                0x080100a0                verifyDeviceCodeChecksum
 .text.setDeviceCodeChecksum
                0x080101ac      0x2dc VisualGDB/X10_Release/src/bootloader.o
                0x080101ac                setDeviceCodeChecksum
 .text.transferBootloaderDataFromWorkingBufferToDevice
                0x08010488      0x24c VisualGDB/X10_Release/src/bootloader.o
                0x08010488                transferBootloaderDataFromWorkingBufferToDevice
 .text.sendDeviceBootloaderPage
                0x080106d4       0xd0 VisualGDB/X10_Release/src/bootloader.o
                0x080106d4                sendDeviceBootloaderPage
 .text.prepareDeviceForBootloaderDownload
                0x080107a4      0x150 VisualGDB/X10_Release/src/bootloader.o
                0x080107a4                prepareDeviceForBootloaderDownload
 .text.endDeviceBootloader
                0x080108f4       0x68 VisualGDB/X10_Release/src/bootloader.o
                0x080108f4                endDeviceBootloader
 .text.processDeviceBootloaderLine
                0x0801095c      0x3e8 VisualGDB/X10_Release/src/bootloader.o
                0x0801095c                processDeviceBootloaderLine
 .text.getArgFraction
                0x08010d44       0x42 VisualGDB/X10_Release/src/GCode.o
                0x08010d44                getArgFraction
 *fill*         0x08010d86        0x2 
 .text.ReportUnknownFractionalGcode
                0x08010d88       0x50 VisualGDB/X10_Release/src/GCode.o
                0x08010d88                ReportUnknownFractionalGcode
 .text.ReportGcodeError
                0x08010dd8       0x50 VisualGDB/X10_Release/src/GCode.o
                0x08010dd8                ReportGcodeError
 .text.ReportInvalidGcodeArg
                0x08010e28       0x7c VisualGDB/X10_Release/src/GCode.o
                0x08010e28                ReportInvalidGcodeArg
 .text.ReportMissingGcodeArg
                0x08010ea4       0x50 VisualGDB/X10_Release/src/GCode.o
                0x08010ea4                ReportMissingGcodeArg
 .text.ReportMissingGcodeDArg
                0x08010ef4       0x14 VisualGDB/X10_Release/src/GCode.o
                0x08010ef4                ReportMissingGcodeDArg
 .text.ReportMissingGcodeLArg
                0x08010f08       0x14 VisualGDB/X10_Release/src/GCode.o
                0x08010f08                ReportMissingGcodeLArg
 .text.ReportMissingGcodePArg
                0x08010f1c       0x14 VisualGDB/X10_Release/src/GCode.o
                0x08010f1c                ReportMissingGcodePArg
 .text.ReportMissingGcodeRArg
                0x08010f30       0x14 VisualGDB/X10_Release/src/GCode.o
                0x08010f30                ReportMissingGcodeRArg
 .text.ReportMissingGcodeTArg
                0x08010f44       0x14 VisualGDB/X10_Release/src/GCode.o
                0x08010f44                ReportMissingGcodeTArg
 .text.ReportMissingGcodePLArg
                0x08010f58       0x14 VisualGDB/X10_Release/src/GCode.o
                0x08010f58                ReportMissingGcodePLArg
 .text.ReportInvalidGcodeEArg
                0x08010f6c       0x24 VisualGDB/X10_Release/src/GCode.o
                0x08010f6c                ReportInvalidGcodeEArg
 .text.ReportInvalidGcodeHArg
                0x08010f90       0x24 VisualGDB/X10_Release/src/GCode.o
                0x08010f90                ReportInvalidGcodeHArg
 .text.ReportInvalidGcodePArg
                0x08010fb4       0x24 VisualGDB/X10_Release/src/GCode.o
                0x08010fb4                ReportInvalidGcodePArg
 .text.ReportInvalidGcodeSArg
                0x08010fd8       0x24 VisualGDB/X10_Release/src/GCode.o
                0x08010fd8                ReportInvalidGcodeSArg
 .text.getMotorArg
                0x08010ffc       0x28 VisualGDB/X10_Release/src/GCode.o
                0x08010ffc                getMotorArg
 .text.getMotorArgInMM
                0x08011024       0x34 VisualGDB/X10_Release/src/GCode.o
                0x08011024                getMotorArgInMM
 .text.getMotorArgInDeg
                0x08011058       0x34 VisualGDB/X10_Release/src/GCode.o
                0x08011058                getMotorArgInDeg
 .text.getMotorArgInNativeUnits
                0x0801108c       0x30 VisualGDB/X10_Release/src/GCode.o
                0x0801108c                getMotorArgInNativeUnits
 .text.setMotorArg
                0x080110bc       0x28 VisualGDB/X10_Release/src/GCode.o
                0x080110bc                setMotorArg
 .text.setMotorArgInMM
                0x080110e4       0x3c VisualGDB/X10_Release/src/GCode.o
                0x080110e4                setMotorArgInMM
 .text.setMotorArgInDeg
                0x08011120       0x3c VisualGDB/X10_Release/src/GCode.o
                0x08011120                setMotorArgInDeg
 .text.setMotorArgInNativeUnits
                0x0801115c       0x32 VisualGDB/X10_Release/src/GCode.o
                0x0801115c                setMotorArgInNativeUnits
 *fill*         0x0801118e        0x2 
 .text.setAllMotorArg
                0x08011190       0x40 VisualGDB/X10_Release/src/GCode.o
                0x08011190                setAllMotorArg
 .text.convertArgFromMM
                0x080111d0       0x28 VisualGDB/X10_Release/src/GCode.o
                0x080111d0                convertArgFromMM
 .text.convertArgToMM
                0x080111f8       0x28 VisualGDB/X10_Release/src/GCode.o
                0x080111f8                convertArgToMM
 .text.motorArgPresent
                0x08011220       0x34 VisualGDB/X10_Release/src/GCode.o
                0x08011220                motorArgPresent
 .text.motorArgNegativeOrZero
                0x08011254       0x2a VisualGDB/X10_Release/src/GCode.o
                0x08011254                motorArgNegativeOrZero
 *fill*         0x0801127e        0x2 
 .text.getDeltaAxisValueInInputUnits
                0x08011280       0xa8 VisualGDB/X10_Release/src/GCode.o
                0x08011280                getDeltaAxisValueInInputUnits
 .text.getDeltaEValueInInputUnits
                0x08011328       0x6c VisualGDB/X10_Release/src/GCode.o
                0x08011328                getDeltaEValueInInputUnits
 .text.assignPoint
                0x08011394       0x30 VisualGDB/X10_Release/src/GCode.o
                0x08011394                assignPoint
 .text.copyPoint
                0x080113c4       0x2c VisualGDB/X10_Release/src/GCode.o
                0x080113c4                copyPoint
 .text.addPoints
                0x080113f0       0x58 VisualGDB/X10_Release/src/GCode.o
                0x080113f0                addPoints
 .text.pointsAreTheSame
                0x08011448       0x84 VisualGDB/X10_Release/src/GCode.o
                0x08011448                pointsAreTheSame
 .text.vectorsAreTheSame
                0x080114cc       0xa6 VisualGDB/X10_Release/src/GCode.o
                0x080114cc                vectorsAreTheSame
 .text.getVectorMagnitude
                0x08011572       0x56 VisualGDB/X10_Release/src/GCode.o
                0x08011572                getVectorMagnitude
 .text.normalizeVector
                0x080115c8       0x94 VisualGDB/X10_Release/src/GCode.o
                0x080115c8                normalizeVector
 .text.assignVector
                0x0801165c       0x50 VisualGDB/X10_Release/src/GCode.o
                0x0801165c                assignVector
 .text.assignVector2Pts
                0x080116ac       0x76 VisualGDB/X10_Release/src/GCode.o
                0x080116ac                assignVector2Pts
 .text.scaleVector
                0x08011722       0x64 VisualGDB/X10_Release/src/GCode.o
                0x08011722                scaleVector
 .text.dotProduct
                0x08011786       0x4e VisualGDB/X10_Release/src/GCode.o
                0x08011786                dotProduct
 .text.crossProduct
                0x080117d4       0xa4 VisualGDB/X10_Release/src/GCode.o
                0x080117d4                crossProduct
 .text.initArcStruct
                0x08011878       0x34 VisualGDB/X10_Release/src/GCode.o
                0x08011878                initArcStruct
 .text.sprintfPoint
                0x080118ac       0x5c VisualGDB/X10_Release/src/GCode.o
                0x080118ac                sprintfPoint
 .text.sprintfVector
                0x08011908       0x70 VisualGDB/X10_Release/src/GCode.o
                0x08011908                sprintfVector
 .text.printVector
                0x08011978       0x78 VisualGDB/X10_Release/src/GCode.o
                0x08011978                printVector
 .text.printExecutionPtrXYZ
                0x080119f0       0xb0 VisualGDB/X10_Release/src/GCode.o
                0x080119f0                printExecutionPtrXYZ
 .text.G_Code_G0_0
                0x08011aa0       0x40 VisualGDB/X10_Release/src/GCode.o
                0x08011aa0                G_Code_G0_0
 .text.checkG0JogArgumentsOkay
                0x08011ae0      0x438 VisualGDB/X10_Release/src/GCode.o
                0x08011ae0                checkG0JogArgumentsOkay
 .text.G_Code_G0_1
                0x08011f18       0x34 VisualGDB/X10_Release/src/GCode.o
                0x08011f18                G_Code_G0_1
 .text.G_Code_G0_2
                0x08011f4c       0x3e VisualGDB/X10_Release/src/GCode.o
                0x08011f4c                G_Code_G0_2
 .text.G_Code_G0_3
                0x08011f8a       0x3e VisualGDB/X10_Release/src/GCode.o
                0x08011f8a                G_Code_G0_3
 .text.G_Code_G0
                0x08011fc8       0x58 VisualGDB/X10_Release/src/GCode.o
                0x08011fc8                G_Code_G0
 .text.G_Code_G1_0
                0x08012020       0x18 VisualGDB/X10_Release/src/GCode.o
                0x08012020                G_Code_G1_0
 .text.G_Code_G1_1
                0x08012038      0x42c VisualGDB/X10_Release/src/GCode.o
                0x08012038                G_Code_G1_1
 .text.G_Code_G1
                0x08012464       0x3c VisualGDB/X10_Release/src/GCode.o
                0x08012464                G_Code_G1
 .text.ExecuteArcPointMove
                0x080124a0      0x384 VisualGDB/X10_Release/src/GCode.o
                0x080124a0                ExecuteArcPointMove
 .text.ExecuteG2G3PointMove
                0x08012824      0x400 VisualGDB/X10_Release/src/GCode.o
                0x08012824                ExecuteG2G3PointMove
 .text.sendZBackToSpiralStartPosition
                0x08012c24       0x58 VisualGDB/X10_Release/src/GCode.o
                0x08012c24                sendZBackToSpiralStartPosition
 .text.checkG2G3Errors
                0x08012c7c      0x4a8 VisualGDB/X10_Release/src/GCode.o
                0x08012c7c                checkG2G3Errors
 *fill*         0x08013124        0x4 
 .text.ProcessG2_3G3_3Command
                0x08013128      0xfbc VisualGDB/X10_Release/src/GCode.o
                0x08013128                ProcessG2_3G3_3Command
 .text.ProcessG2_2G3_2Command
                0x080140e4      0x7bc VisualGDB/X10_Release/src/GCode.o
                0x080140e4                ProcessG2_2G3_2Command
 .text.ProcessG2_1G3_1Command
                0x080148a0      0x92c VisualGDB/X10_Release/src/GCode.o
                0x080148a0                ProcessG2_1G3_1Command
 .text.frogToeCircle
                0x080151cc      0x1f4 VisualGDB/X10_Release/src/GCode.o
                0x080151cc                frogToeCircle
 .text.ProcessG2G3Command
                0x080153c0      0x76c VisualGDB/X10_Release/src/GCode.o
                0x080153c0                ProcessG2G3Command
 .text.G_Code_G2
                0x08015b2c       0x78 VisualGDB/X10_Release/src/GCode.o
                0x08015b2c                G_Code_G2
 .text.G_Code_G3
                0x08015ba4       0x78 VisualGDB/X10_Release/src/GCode.o
                0x08015ba4                G_Code_G3
 .text.G_Code_G4
                0x08015c1c       0x9c VisualGDB/X10_Release/src/GCode.o
                0x08015c1c                G_Code_G4
 .text.setUpBoringCycle
                0x08015cb8      0x14c VisualGDB/X10_Release/src/GCode.o
                0x08015cb8                setUpBoringCycle
 .text.G_Code_G12
                0x08015e04      0x464 VisualGDB/X10_Release/src/GCode.o
                0x08015e04                G_Code_G12
 .text.G_Code_G13
                0x08016268      0x464 VisualGDB/X10_Release/src/GCode.o
                0x08016268                G_Code_G13
 *fill*         0x080166cc        0x4 
 .text.setupArcMove
                0x080166d0      0x2b4 VisualGDB/X10_Release/src/GCode.o
                0x080166d0                setupArcMove
 .text.StartFinalReturnToCenterArc
                0x08016984       0xcc VisualGDB/X10_Release/src/GCode.o
                0x08016984                StartFinalReturnToCenterArc
 .text.StartMainFinishCircle
                0x08016a50       0xbc VisualGDB/X10_Release/src/GCode.o
                0x08016a50                StartMainFinishCircle
 .text.StartMainFinishCircleSpiral
                0x08016b0c        0xc VisualGDB/X10_Release/src/GCode.o
                0x08016b0c                StartMainFinishCircleSpiral
 .text.startMainRoughCircle
                0x08016b18      0x190 VisualGDB/X10_Release/src/GCode.o
                0x08016b18                startMainRoughCircle
 .text.StartNextArcForPocketMill
                0x08016ca8        0xc VisualGDB/X10_Release/src/GCode.o
                0x08016ca8                StartNextArcForPocketMill
 .text.G_Code_G16
                0x08016cb4       0x1c VisualGDB/X10_Release/src/GCode.o
                0x08016cb4                G_Code_G16
 .text.G_Code_G17
                0x08016cd0       0x1c VisualGDB/X10_Release/src/GCode.o
                0x08016cd0                G_Code_G17
 .text.G_Code_G18
                0x08016cec       0x1c VisualGDB/X10_Release/src/GCode.o
                0x08016cec                G_Code_G18
 .text.G_Code_G19
                0x08016d08       0x1c VisualGDB/X10_Release/src/GCode.o
                0x08016d08                G_Code_G19
 .text.G_Code_G20
                0x08016d24       0x30 VisualGDB/X10_Release/src/GCode.o
                0x08016d24                G_Code_G20
 .text.G_Code_G21
                0x08016d54       0x24 VisualGDB/X10_Release/src/GCode.o
                0x08016d54                G_Code_G21
 .text.G_Code_G28_0
                0x08016d78       0x30 VisualGDB/X10_Release/src/GCode.o
                0x08016d78                G_Code_G28_0
 .text.G_Code_G28_1
                0x08016da8      0x268 VisualGDB/X10_Release/src/GCode.o
                0x08016da8                G_Code_G28_1
 .text.G_Code_G28
                0x08017010       0x3c VisualGDB/X10_Release/src/GCode.o
                0x08017010                G_Code_G28
 .text.G_Code_G928
                0x0801704c       0xe4 VisualGDB/X10_Release/src/GCode.o
                0x0801704c                G_Code_G928
 .text.G_Code_G29
                0x08017130        0xc VisualGDB/X10_Release/src/GCode.o
                0x08017130                G_Code_G29
 .text.startProbingMove
                0x0801713c       0x54 VisualGDB/X10_Release/src/GCode.o
                0x0801713c                startProbingMove
 .text.G_Code_G38
                0x08017190      0x1f8 VisualGDB/X10_Release/src/GCode.o
                0x08017190                G_Code_G38
 .text.G_Code_G53
                0x08017388       0x18 VisualGDB/X10_Release/src/GCode.o
                0x08017388                G_Code_G53
 .text.G_Code_G54
                0x080173a0       0x1c VisualGDB/X10_Release/src/GCode.o
                0x080173a0                G_Code_G54
 .text.G_Code_G55
                0x080173bc       0x1c VisualGDB/X10_Release/src/GCode.o
                0x080173bc                G_Code_G55
 .text.G_Code_G56
                0x080173d8       0x1c VisualGDB/X10_Release/src/GCode.o
                0x080173d8                G_Code_G56
 .text.G_Code_G57
                0x080173f4       0x1c VisualGDB/X10_Release/src/GCode.o
                0x080173f4                G_Code_G57
 .text.G_Code_G58
                0x08017410       0x1c VisualGDB/X10_Release/src/GCode.o
                0x08017410                G_Code_G58
 .text.G_Code_G59
                0x0801742c       0x1c VisualGDB/X10_Release/src/GCode.o
                0x0801742c                G_Code_G59
 .text.SetFixtureOffset
                0x08017448       0x64 VisualGDB/X10_Release/src/GCode.o
                0x08017448                SetFixtureOffset
 .text.G_Code_G70
                0x080174ac       0x18 VisualGDB/X10_Release/src/GCode.o
                0x080174ac                G_Code_G70
 .text.G_Code_G71
                0x080174c4       0x18 VisualGDB/X10_Release/src/GCode.o
                0x080174c4                G_Code_G71
 .text.G_Code_G73
                0x080174dc       0x1c VisualGDB/X10_Release/src/GCode.o
                0x080174dc                G_Code_G73
 .text.G_Code_G74
                0x080174f8       0x18 VisualGDB/X10_Release/src/GCode.o
                0x080174f8                G_Code_G74
 .text.G_Code_G76
                0x08017510       0x18 VisualGDB/X10_Release/src/GCode.o
                0x08017510                G_Code_G76
 .text.G_Code_G77
                0x08017528       0x18 VisualGDB/X10_Release/src/GCode.o
                0x08017528                G_Code_G77
 .text.KillCannedCycle
                0x08017540       0x9c VisualGDB/X10_Release/src/GCode.o
                0x08017540                KillCannedCycle
 .text.G_Code_G80
                0x080175dc        0xc VisualGDB/X10_Release/src/GCode.o
                0x080175dc                G_Code_G80
 .text.setupDrillCycleParameters
                0x080175e8      0x2a4 VisualGDB/X10_Release/src/GCode.o
                0x080175e8                setupDrillCycleParameters
 .text.validateThreadPitch
                0x0801788c       0x58 VisualGDB/X10_Release/src/GCode.o
                0x0801788c                validateThreadPitch
 .text.setupDrillTapCannedCycleVersion1
                0x080178e4      0x254 VisualGDB/X10_Release/src/GCode.o
                0x080178e4                setupDrillTapCannedCycleVersion1
 .text.setupDrillTapCannedCycleVersion0
                0x08017b38      0x29c VisualGDB/X10_Release/src/GCode.o
                0x08017b38                setupDrillTapCannedCycleVersion0
 .text.setupDrillTapCannedCycle
                0x08017dd4      0x170 VisualGDB/X10_Release/src/GCode.o
                0x08017dd4                setupDrillTapCannedCycle
 .text.G_Code_G81
                0x08017f44       0x1c VisualGDB/X10_Release/src/GCode.o
                0x08017f44                G_Code_G81
 .text.G_Code_G82
                0x08017f60       0x1c VisualGDB/X10_Release/src/GCode.o
                0x08017f60                G_Code_G82
 .text.G_Code_G83
                0x08017f7c       0x1c VisualGDB/X10_Release/src/GCode.o
                0x08017f7c                G_Code_G83
 .text.G_Code_G84
                0x08017f98       0x1c VisualGDB/X10_Release/src/GCode.o
                0x08017f98                G_Code_G84
 .text.G_Code_G85
                0x08017fb4       0x18 VisualGDB/X10_Release/src/GCode.o
                0x08017fb4                G_Code_G85
 .text.G_Code_G90
                0x08017fcc       0x18 VisualGDB/X10_Release/src/GCode.o
                0x08017fcc                G_Code_G90
 .text.G_Code_G91
                0x08017fe4       0x18 VisualGDB/X10_Release/src/GCode.o
                0x08017fe4                G_Code_G91
 .text.G_Code_G92
                0x08017ffc      0x134 VisualGDB/X10_Release/src/GCode.o
                0x08017ffc                G_Code_G92
 .text.G_Code_G93
                0x08018130        0xc VisualGDB/X10_Release/src/GCode.o
                0x08018130                G_Code_G93
 .text.G_Code_G214
                0x0801813c       0x14 VisualGDB/X10_Release/src/GCode.o
                0x0801813c                G_Code_G214
 .text.G_Code_G215
                0x08018150       0x14 VisualGDB/X10_Release/src/GCode.o
                0x08018150                G_Code_G215
 .text.initCylStruct
                0x08018164       0x1e VisualGDB/X10_Release/src/GCode.o
                0x08018164                initCylStruct
 *fill*         0x08018182        0x2 
 .text.G702_getMoveVector
                0x08018184      0x234 VisualGDB/X10_Release/src/GCode.o
                0x08018184                G702_getMoveVector
 .text.makeOdd  0x080183b8       0x34 VisualGDB/X10_Release/src/GCode.o
                0x080183b8                makeOdd
 .text.determineCircumferenceBasedOnZ
                0x080183ec       0x44 VisualGDB/X10_Release/src/GCode.o
                0x080183ec                determineCircumferenceBasedOnZ
 .text.loadExecutionPtrGXYZRotE
                0x08018430      0x190 VisualGDB/X10_Release/src/GCode.o
                0x08018430                loadExecutionPtrGXYZRotE
 .text.ProcessG702CylinderPrint
                0x080185c0      0x348 VisualGDB/X10_Release/src/GCode.o
                0x080185c0                ProcessG702CylinderPrint
 .text.G_Code_G702_1
                0x08018908      0x170 VisualGDB/X10_Release/src/GCode.o
                0x08018908                G_Code_G702_1
 .text.cylChangeDir
                0x08018a78       0x2e VisualGDB/X10_Release/src/GCode.o
                0x08018a78                cylChangeDir
 *fill*         0x08018aa6        0x2 
 .text.G_Code_G702_0
                0x08018aa8      0xdb4 VisualGDB/X10_Release/src/GCode.o
                0x08018aa8                G_Code_G702_0
 .text.G_Code_G702
                0x0801985c       0x4c VisualGDB/X10_Release/src/GCode.o
                0x0801985c                G_Code_G702
 .text.NVIC_EnableIRQ
                0x080198a8       0x30 VisualGDB/X10_Release/src/HardwareInit.o
 .text.InitGPIO
                0x080198d8       0x68 VisualGDB/X10_Release/src/HardwareInit.o
                0x080198d8                InitGPIO
 .text.InitUSART3
                0x08019940       0x5c VisualGDB/X10_Release/src/HardwareInit.o
                0x08019940                InitUSART3
 .text.InitUSART6
                0x0801999c       0x5c VisualGDB/X10_Release/src/HardwareInit.o
                0x0801999c                InitUSART6
 .text.InitAllUARTS
                0x080199f8       0x1e VisualGDB/X10_Release/src/HardwareInit.o
                0x080199f8                InitAllUARTS
 *fill*         0x08019a16        0x2 
 .text.CAN_Config
                0x08019a18      0x100 VisualGDB/X10_Release/src/HardwareInit.o
                0x08019a18                CAN_Config
 .text.InitMotorTimer
                0x08019b18      0x228 VisualGDB/X10_Release/src/HardwareInit.o
                0x08019b18                InitMotorTimer
 .text.InitTimer1
                0x08019d40       0x74 VisualGDB/X10_Release/src/HardwareInit.o
                0x08019d40                InitTimer1
 .text.InitTim3RpmInput
                0x08019db4       0x94 VisualGDB/X10_Release/src/HardwareInit.o
                0x08019db4                InitTim3RpmInput
 .text.ConfigureTimer4PwmOutputsFor0_10V
                0x08019e48       0xa4 VisualGDB/X10_Release/src/HardwareInit.o
                0x08019e48                ConfigureTimer4PwmOutputsFor0_10V
 .text.InitEncoderTimer5
                0x08019eec       0x94 VisualGDB/X10_Release/src/HardwareInit.o
                0x08019eec                InitEncoderTimer5
 .text.enableLatheMode
                0x08019f80       0xc4 VisualGDB/X10_Release/src/HardwareInit.o
                0x08019f80                enableLatheMode
 .text.disableLatheMode
                0x0801a044       0x48 VisualGDB/X10_Release/src/HardwareInit.o
                0x0801a044                disableLatheMode
 .text.InitTimer6
                0x0801a08c       0x74 VisualGDB/X10_Release/src/HardwareInit.o
                0x0801a08c                InitTimer6
 .text.InitTimer7
                0x0801a100       0x78 VisualGDB/X10_Release/src/HardwareInit.o
                0x0801a100                InitTimer7
 .text.SetCO2LaserPwmFrequency
                0x0801a178       0x90 VisualGDB/X10_Release/src/HardwareInit.o
                0x0801a178                SetCO2LaserPwmFrequency
 .text.InitTimer8
                0x0801a208       0xa0 VisualGDB/X10_Release/src/HardwareInit.o
                0x0801a208                InitTimer8
 .text.DeInitLaser
                0x0801a2a8       0x5c VisualGDB/X10_Release/src/HardwareInit.o
                0x0801a2a8                DeInitLaser
 .text.InitLaser
                0x0801a304      0x13c VisualGDB/X10_Release/src/HardwareInit.o
                0x0801a304                InitLaser
 .text.initializeSpindleStruct
                0x0801a440       0x30 VisualGDB/X10_Release/src/HardwareInit.o
                0x0801a440                initializeSpindleStruct
 .text.initializeInkjetStruct
                0x0801a470       0x20 VisualGDB/X10_Release/src/HardwareInit.o
                0x0801a470                initializeInkjetStruct
 .text.initializeLaserStruct
                0x0801a490      0x16c VisualGDB/X10_Release/src/HardwareInit.o
                0x0801a490                initializeLaserStruct
 .text.setFlasherVarPtr
                0x0801a5fc      0x38c VisualGDB/X10_Release/src/HardwareInit.o
                0x0801a5fc                setFlasherVarPtr
 .text.InitGlobals
                0x0801a988      0x150 VisualGDB/X10_Release/src/HardwareInit.o
                0x0801a988                InitGlobals
 .text.getDeviceInitPtr
                0x0801aad8       0x54 VisualGDB/X10_Release/src/headSetup.o
                0x0801aad8                getDeviceInitPtr
 .text.deviceTypeToString
                0x0801ab2c       0x54 VisualGDB/X10_Release/src/headSetup.o
                0x0801ab2c                deviceTypeToString
 .text.deviceTypeIsADiodeLaser
                0x0801ab80       0x2e VisualGDB/X10_Release/src/headSetup.o
                0x0801ab80                deviceTypeIsADiodeLaser
 .text.deviceTypeIsACO2Laser
                0x0801abae       0x2e VisualGDB/X10_Release/src/headSetup.o
                0x0801abae                deviceTypeIsACO2Laser
 .text.devType2DevFamily
                0x0801abdc       0x48 VisualGDB/X10_Release/src/headSetup.o
                0x0801abdc                devType2DevFamily
 .text.deviceSubtypeToString
                0x0801ac24      0x128 VisualGDB/X10_Release/src/headSetup.o
                0x0801ac24                deviceSubtypeToString
 .text.devicePcbToString
                0x0801ad4c       0x5c VisualGDB/X10_Release/src/headSetup.o
                0x0801ad4c                devicePcbToString
 .text.deviceRtdToString
                0x0801ada8       0x5c VisualGDB/X10_Release/src/headSetup.o
                0x0801ada8                deviceRtdToString
 .text.softwareCodebaseToString
                0x0801ae04       0x5c VisualGDB/X10_Release/src/headSetup.o
                0x0801ae04                softwareCodebaseToString
 .text.softwareCompileTargetToStringOLD
                0x0801ae60       0x74 VisualGDB/X10_Release/src/headSetup.o
                0x0801ae60                softwareCompileTargetToStringOLD
 .text.softwareCompileTargetToString
                0x0801aed4       0x70 VisualGDB/X10_Release/src/headSetup.o
                0x0801aed4                softwareCompileTargetToString
 .text.initSendSwitchFlagsAndMask
                0x0801af44      0x316 VisualGDB/X10_Release/src/headSetup.o
                0x0801af44                initSendSwitchFlagsAndMask
 .text.initSendDefaultSwitchParams
                0x0801b25a       0xec VisualGDB/X10_Release/src/headSetup.o
                0x0801b25a                initSendDefaultSwitchParams
 .text.initDeviceFromDeviceTypeInitTable
                0x0801b346      0x1bc VisualGDB/X10_Release/src/headSetup.o
                0x0801b346                initDeviceFromDeviceTypeInitTable
 .text.sendControlRegisterBit
                0x0801b502       0x82 VisualGDB/X10_Release/src/Hydra_can.o
                0x0801b502                sendControlRegisterBit
 .text.sendSetRegisterBit
                0x0801b584       0x1e VisualGDB/X10_Release/src/Hydra_can.o
                0x0801b584                sendSetRegisterBit
 .text.sendSetSwResetBit
                0x0801b5a2       0x1e VisualGDB/X10_Release/src/Hydra_can.o
                0x0801b5a2                sendSetSwResetBit
 .text.sendSetGlobalSyncBit
                0x0801b5c0       0x1e VisualGDB/X10_Release/src/Hydra_can.o
                0x0801b5c0                sendSetGlobalSyncBit
 .text.sendSetStopExtruderBit
                0x0801b5de       0x1e VisualGDB/X10_Release/src/Hydra_can.o
                0x0801b5de                sendSetStopExtruderBit
 .text.sendSetPauseExtruderBit
                0x0801b5fc       0x1e VisualGDB/X10_Release/src/Hydra_can.o
                0x0801b5fc                sendSetPauseExtruderBit
 .text.sendSetClearErrorBit
                0x0801b61a       0x1e VisualGDB/X10_Release/src/Hydra_can.o
                0x0801b61a                sendSetClearErrorBit
 .text.sendSetInvertDirectionBit
                0x0801b638       0x20 VisualGDB/X10_Release/src/Hydra_can.o
                0x0801b638                sendSetInvertDirectionBit
 .text.sendSetEnableMotorBit
                0x0801b658       0x2e VisualGDB/X10_Release/src/Hydra_can.o
                0x0801b658                sendSetEnableMotorBit
 .text.sendSetDisableMotorBit
                0x0801b686       0x2e VisualGDB/X10_Release/src/Hydra_can.o
                0x0801b686                sendSetDisableMotorBit
 .text.sendSetDebugRtdBit
                0x0801b6b4       0x20 VisualGDB/X10_Release/src/Hydra_can.o
                0x0801b6b4                sendSetDebugRtdBit
 .text.sendSetCommPingBit
                0x0801b6d4       0x20 VisualGDB/X10_Release/src/Hydra_can.o
                0x0801b6d4                sendSetCommPingBit
 .text.sendSetStepFromCanbusModeBit
                0x0801b6f4       0x20 VisualGDB/X10_Release/src/Hydra_can.o
                0x0801b6f4                sendSetStepFromCanbusModeBit
 .text.sendSetIgnoreWatchdogBit
                0x0801b714       0x20 VisualGDB/X10_Release/src/Hydra_can.o
                0x0801b714                sendSetIgnoreWatchdogBit
 .text.sendSetSendDebugStringsBit
                0x0801b734       0x20 VisualGDB/X10_Release/src/Hydra_can.o
                0x0801b734                sendSetSendDebugStringsBit
 .text.sendInitializeBit
                0x0801b754       0x20 VisualGDB/X10_Release/src/Hydra_can.o
                0x0801b754                sendInitializeBit
 .text.sendClrStopExtruderBit
                0x0801b774       0x1e VisualGDB/X10_Release/src/Hydra_can.o
                0x0801b774                sendClrStopExtruderBit
 .text.sendClrPauseExtruderBit
                0x0801b792       0x1e VisualGDB/X10_Release/src/Hydra_can.o
                0x0801b792                sendClrPauseExtruderBit
 .text.sendClrInvertDirectionBit
                0x0801b7b0       0x20 VisualGDB/X10_Release/src/Hydra_can.o
                0x0801b7b0                sendClrInvertDirectionBit
 .text.sendClrDebugRtdBit
                0x0801b7d0       0x20 VisualGDB/X10_Release/src/Hydra_can.o
                0x0801b7d0                sendClrDebugRtdBit
 .text.sendClrStepFromCanbusModeBit
                0x0801b7f0       0x20 VisualGDB/X10_Release/src/Hydra_can.o
                0x0801b7f0                sendClrStepFromCanbusModeBit
 .text.sendClrIgnoreWatchdogBit
                0x0801b810       0x20 VisualGDB/X10_Release/src/Hydra_can.o
                0x0801b810                sendClrIgnoreWatchdogBit
 .text.sendClrSendDebugStringsBit
                0x0801b830       0x20 VisualGDB/X10_Release/src/Hydra_can.o
                0x0801b830                sendClrSendDebugStringsBit
 .text.canIssueReadRequest
                0x0801b850       0x32 VisualGDB/X10_Release/src/Hydra_can.o
                0x0801b850                canIssueReadRequest
 .text.readDeviceInfoFromDevice
                0x0801b882       0x1e VisualGDB/X10_Release/src/Hydra_can.o
                0x0801b882                readDeviceInfoFromDevice
 .text.readFlashConfigFromDevice
                0x0801b8a0       0x1e VisualGDB/X10_Release/src/Hydra_can.o
                0x0801b8a0                readFlashConfigFromDevice
 .text.readUniqueIdFromDevice
                0x0801b8be       0x1e VisualGDB/X10_Release/src/Hydra_can.o
                0x0801b8be                readUniqueIdFromDevice
 .text.readAliasListFromDevice
                0x0801b8dc       0x2a VisualGDB/X10_Release/src/Hydra_can.o
                0x0801b8dc                readAliasListFromDevice
 .text.readPageDefinitionFromDevice
                0x0801b906       0x1e VisualGDB/X10_Release/src/Hydra_can.o
                0x0801b906                readPageDefinitionFromDevice
 .text.readPageChecksumFromDevice
                0x0801b924       0x24 VisualGDB/X10_Release/src/Hydra_can.o
                0x0801b924                readPageChecksumFromDevice
 .text.readControlWordFromDevice
                0x0801b948       0x1e VisualGDB/X10_Release/src/Hydra_can.o
                0x0801b948                readControlWordFromDevice
 *fill*         0x0801b966        0x2 
 .text.scaleLaserVectorPowerPct